Component: ARM Compiler 5.06 update 7 (build 960) Tool: armlink [4d3601]

==============================================================================

Section Cross References

    main.o(i.main) refers to pin.o(i.rt_pin_mode) for rt_pin_mode
    main.o(i.main) refers to pin.o(i.rt_pin_write) for rt_pin_write
    main.o(i.main) refers to thread.o(i.rt_thread_mdelay) for rt_thread_mdelay
    syscall_mem.o(i.calloc) refers (Special) to hguard.o(.text) for __use_no_heap
    syscall_mem.o(i.calloc) refers to kservice.o(i.rt_calloc) for rt_calloc
    syscall_mem.o(i.free) refers (Special) to hguard.o(.text) for __use_no_heap
    syscall_mem.o(i.free) refers to kservice.o(i.rt_free) for rt_free
    syscall_mem.o(i.malloc) refers (Special) to hguard.o(.text) for __use_no_heap
    syscall_mem.o(i.malloc) refers to kservice.o(i.rt_malloc) for rt_malloc
    syscall_mem.o(i.realloc) refers (Special) to hguard.o(.text) for __use_no_heap
    syscall_mem.o(i.realloc) refers to kservice.o(i.rt_realloc) for rt_realloc
    syscalls.o(i._sys_close) refers (Special) to use_no_semi.o(.text) for __use_no_semihosting_swi
    syscalls.o(i._sys_close) refers to kservice.o(i.rt_kprintf) for rt_kprintf
    syscalls.o(i._sys_close) refers to syscalls.o(.constdata) for __func__
    syscalls.o(i._sys_command_string) refers (Special) to use_no_semi.o(.text) for __use_no_semihosting_swi
    syscalls.o(i._sys_ensure) refers (Special) to use_no_semi.o(.text) for __use_no_semihosting_swi
    syscalls.o(i._sys_ensure) refers to kservice.o(i.rt_kprintf) for rt_kprintf
    syscalls.o(i._sys_ensure) refers to syscalls.o(.constdata) for __func__
    syscalls.o(i._sys_exit) refers (Special) to use_no_semi.o(.text) for __use_no_semihosting_swi
    syscalls.o(i._sys_exit) refers to cstdlib.o(i.__rt_libc_exit) for __rt_libc_exit
    syscalls.o(i._sys_flen) refers (Special) to use_no_semi.o(.text) for __use_no_semihosting_swi
    syscalls.o(i._sys_flen) refers to kservice.o(i.rt_kprintf) for rt_kprintf
    syscalls.o(i._sys_flen) refers to syscalls.o(.constdata) for __func__
    syscalls.o(i._sys_istty) refers (Special) to use_no_semi.o(.text) for __use_no_semihosting_swi
    syscalls.o(i._sys_open) refers (Special) to use_no_semi.o(.text) for __use_no_semihosting_swi
    syscalls.o(i._sys_open) refers to strcmpv7m.o(.text) for strcmp
    syscalls.o(i._sys_open) refers to kservice.o(i.rt_kprintf) for rt_kprintf
    syscalls.o(i._sys_open) refers to syscalls.o(.constdata) for __stdin_name
    syscalls.o(i._sys_read) refers (Special) to use_no_semi.o(.text) for __use_no_semihosting_swi
    syscalls.o(i._sys_read) refers to kservice.o(i.rt_kprintf) for rt_kprintf
    syscalls.o(i._sys_read) refers to syscalls.o(.constdata) for __func__
    syscalls.o(i._sys_seek) refers (Special) to use_no_semi.o(.text) for __use_no_semihosting_swi
    syscalls.o(i._sys_seek) refers to kservice.o(i.rt_kprintf) for rt_kprintf
    syscalls.o(i._sys_seek) refers to syscalls.o(.constdata) for __func__
    syscalls.o(i._sys_tmpnam) refers (Special) to use_no_semi.o(.text) for __use_no_semihosting_swi
    syscalls.o(i._sys_tmpnam) refers to kservice.o(i.rt_snprintf) for rt_snprintf
    syscalls.o(i._sys_write) refers (Special) to use_no_semi.o(.text) for __use_no_semihosting_swi
    syscalls.o(i._sys_write) refers to kservice.o(i.rt_console_get_device) for rt_console_get_device
    syscalls.o(i._sys_write) refers to device.o(i.rt_device_write) for rt_device_write
    syscalls.o(i._sys_write) refers to kservice.o(i.rt_kprintf) for rt_kprintf
    syscalls.o(i._sys_write) refers to syscalls.o(.constdata) for __func__
    syscalls.o(i._ttywrch) refers (Special) to use_no_semi.o(.text) for __use_no_semihosting_swi
    syscalls.o(i._ttywrch) refers to kservice.o(i.rt_kprintf) for rt_kprintf
    syscalls.o(i.remove) refers (Special) to use_no_semi.o(.text) for __use_no_semihosting_swi
    syscalls.o(i.remove) refers to kservice.o(i.rt_kprintf) for rt_kprintf
    syscalls.o(i.remove) refers to syscalls.o(.constdata) for __func__
    syscalls.o(.constdata) refers (Special) to use_no_semi.o(.text) for __use_no_semihosting_swi
    cstdlib.o(i.__rt_libc_exit) refers to thread.o(i.rt_thread_self) for rt_thread_self
    cstdlib.o(i.__rt_libc_exit) refers to kservice.o(i.rt_kprintf) for rt_kprintf
    cstdlib.o(i.__rt_libc_exit) refers to thread.o(i.rt_thread_control) for rt_thread_control
    cstdlib.o(i.itoa) refers to cstdlib.o(i.ltoa) for ltoa
    cstdlib.o(i.system) refers to strlen.o(.text) for strlen
    cstdlib.o(i.system) refers to msh.o(i.msh_exec) for msh_exec
    cstdlib.o(i.utoa) refers to cstdlib.o(i.ultoa) for ultoa
    cstring.o(i.bcmp) refers to kservice.o(i.rt_memcmp) for rt_memcmp
    cstring.o(i.bcopy) refers to kservice.o(i.rt_memcpy) for rt_memcpy
    cstring.o(i.bzero) refers to kservice.o(i.rt_memset) for rt_memset
    cstring.o(i.index) refers to strchr.o(.text) for strchr
    cstring.o(i.rindex) refers to strrchr.o(.text) for strrchr
[...]
    __rt_entry_postsh_1                      0x080001c1   Thumb Code     0  __rtentry2.o(.ARM.Collect$$rtentry$$00000009)
    __rt_entry_main                          0x080001c5   Thumb Code     0  __rtentry2.o(.ARM.Collect$$rtentry$$0000000D)
    __rt_entry_postli_1                      0x080001c5   Thumb Code     0  __rtentry2.o(.ARM.Collect$$rtentry$$0000000C)
    __rt_exit                                0x080001cd   Thumb Code     0  rtexit.o(.ARM.Collect$$rtexit$$00000000)
    __rt_exit_ls                             0x080001cf   Thumb Code     0  rtexit2.o(.ARM.Collect$$rtexit$$00000003)
    __rt_exit_prels_1                        0x080001cf   Thumb Code     0  rtexit2.o(.ARM.Collect$$rtexit$$00000002)
    __rt_exit_exit                           0x080001d3   Thumb Code     0  rtexit2.o(.ARM.Collect$$rtexit$$00000004)
    __rt_ffs                                 0x080001d9   Thumb Code    16  cpuport.o(.emb_text)
    rt_hw_interrupt_disable                  0x080001e9   Thumb Code     8  context_rvds.o(.text)
    rt_hw_interrupt_enable                   0x080001f1   Thumb Code     6  context_rvds.o(.text)
    rt_hw_context_switch                     0x080001f7   Thumb Code    32  context_rvds.o(.text)
    rt_hw_context_switch_interrupt           0x080001f7   Thumb Code     0  context_rvds.o(.text)
    PendSV_Handler                           0x08000217   Thumb Code    60  context_rvds.o(.text)
    rt_hw_context_switch_to                  0x08000253   Thumb Code    64  context_rvds.o(.text)
    rt_hw_interrupt_thread_switch            0x08000293   Thumb Code     2  context_rvds.o(.text)
    HardFault_Handler                        0x08000295   Thumb Code    52  context_rvds.o(.text)
    Reset_Handler                            0x080002e5   Thumb Code     8  startup_stm32f103xb.o(.text)
    NMI_Handler                              0x080002ed   Thumb Code     2  startup_stm32f103xb.o(.text)
    MemManage_Handler                        0x080002f1   Thumb Code     2  startup_stm32f103xb.o(.text)
    BusFault_Handler                         0x080002f3   Thumb Code     2  startup_stm32f103xb.o(.text)
    UsageFault_Handler                       0x080002f5   Thumb Code     2  startup_stm32f103xb.o(.text)
    SVC_Handler                              0x080002f7   Thumb Code     2  startup_stm32f103xb.o(.text)
    DebugMon_Handler                         0x080002f9   Thumb Code     2  startup_stm32f103xb.o(.text)
    ADC1_2_IRQHandler                        0x080002ff   Thumb Code     0  startup_stm32f103xb.o(.text)
    CAN1_RX1_IRQHandler                      0x080002ff   Thumb Code     0  startup_stm32f103xb.o(.text)
    CAN1_SCE_IRQHandler                      0x080002ff   Thumb Code     0  startup_stm32f103xb.o(.text)
    DMA1_Channel1_IRQHandler                 0x080002ff   Thumb Code     0  startup_stm32f103xb.o(.text)
    DMA1_Channel2_IRQHandler                 0x080002ff   Thumb Code     0  startup_stm32f103xb.o(.text)
    DMA1_Channel3_IRQHandler                 0x080002ff   Thumb Code     0  startup_stm32f103xb.o(.text)
    DMA1_Channel4_IRQHandler                 0x080002ff   Thumb Code     0  startup_stm32f103xb.o(.text)
    DMA1_Channel5_IRQHandler                 0x080002ff   Thumb Code     0  startup_stm32f103xb.o(.text)
    DMA1_Channel6_IRQHandler                 0x080002ff   Thumb Code     0  startup_stm32f103xb.o(.text)
    DMA1_Channel7_IRQHandler                 0x080002ff   Thumb Code     0  startup_stm32f103xb.o(.text)
    FLASH_IRQHandler                         0x080002ff   Thumb Code     0  startup_stm32f103xb.o(.text)
    I2C1_ER_IRQHandler                       0x080002ff   Thumb Code     0  startup_stm32f103xb.o(.text)
    I2C1_EV_IRQHandler                       0x080002ff   Thumb Code     0  startup_stm32f103xb.o(.text)
    I2C2_ER_IRQHandler                       0x080002ff   Thumb Code     0  startup_stm32f103xb.o(.text)
    I2C2_EV_IRQHandler                       0x080002ff   Thumb Code     0  startup_stm32f103xb.o(.text)
    PVD_IRQHandler                           0x080002ff   Thumb Code     0  startup_stm32f103xb.o(.text)
    RCC_IRQHandler                           0x080002ff   Thumb Code     0  startup_stm32f103xb.o(.text)
    RTC_Alarm_IRQHandler                     0x080002ff   Thumb Code     0  startup_stm32f103xb.o(.text)
    RTC_IRQHandler                           0x080002ff   Thumb Code     0  startup_stm32f103xb.o(.text)
    SPI1_IRQHandler                          0x080002ff   Thumb Code     0  startup_stm32f103xb.o(.text)
    SPI2_IRQHandler                          0x080002ff   Thumb Code     0  startup_stm32f103xb.o(.text)
    TAMPER_IRQHandler                        0x080002ff   Thumb Code     0  startup_stm32f103xb.o(.text)
    TIM1_BRK_IRQHandler                      0x080002ff   Thumb Code     0  startup_stm32f103xb.o(.text)
    TIM1_CC_IRQHandler                       0x080002ff   Thumb Code     0  startup_stm32f103xb.o(.text)
    TIM1_TRG_COM_IRQHandler                  0x080002ff   Thumb Code     0  startup_stm32f103xb.o(.text)
    TIM1_UP_IRQHandler                       0x080002ff   Thumb Code     0  startup_stm32f103xb.o(.text)
    TIM2_IRQHandler                          0x080002ff   Thumb Code     0  startup_stm32f103xb.o(.text)
    TIM3_IRQHandler                          0x080002ff   Thumb Code     0  startup_stm32f103xb.o(.text)
    TIM4_IRQHandler                          0x080002ff   Thumb Code     0  startup_stm32f103xb.o(.text)
    USART2_IRQHandler                        0x080002ff   Thumb Code     0  startup_stm32f103xb.o(.text)
    USART3_IRQHandler                        0x080002ff   Thumb Code     0  startup_stm32f103xb.o(.text)
    USBWakeUp_IRQHandler                     0x080002ff   Thumb Code     0  startup_stm32f103xb.o(.text)
    USB_HP_CAN1_TX_IRQHandler                0x080002ff   Thumb Code     0  startup_stm32f103xb.o(.text)
    USB_LP_CAN1_RX0_IRQHandler               0x080002ff   Thumb Code     0  startup_stm32f103xb.o(.text)
    WWDG_IRQHandler                          0x080002ff   Thumb Code     0  startup_stm32f103xb.o(.text)
    __user_initial_stackheap                 0x08000301   Thumb Code     0  startup_stm32f103xb.o(.text)
    __semihosting$guard                      0x08000321   Thumb Code     0  use_no_semi.o(.text)
    __use_no_semihosting_swi                 0x08000321   Thumb Code     2  use_no_semi.o(.text)
    __rt_ctype_table                         0x08000325   Thumb Code    16  rt_ctype_table.o(.text)
    toupper                                  0x08000335   Thumb Code    30  toupper.o(.text)
    atoi                                     0x08000353   Thumb Code    26  atoi.o(.text)
    strncat                                  0x0800036d   Thumb Code    36  strncat.o(.text)
    memcmp                                   0x08000391   Thumb Code    88  memcmp.o(.text)
    strcpy                                   0x080003e9   Thumb Code    72  strcpy.o(.text)
    strlen                                   0x08000431   Thumb Code    62  strlen.o(.text)
    strncmp                                  0x0800046f   Thumb Code   150  strncmp.o(.text)
    strcat                                   0x08000505   Thumb Code    24  strcat.o(.text)
    __aeabi_memclr4                          0x0800051d   Thumb Code     0  rt_memclr_w.o(.text)
    __aeabi_memclr8                          0x0800051d   Thumb Code     0  rt_memclr_w.o(.text)
    __rt_memclr_w                            0x0800051d   Thumb Code    78  rt_memclr_w.o(.text)
    _memset_w                                0x08000521   Thumb Code     0  rt_memclr_w.o(.text)
    strncpy                                  0x0800056b   Thumb Code    86  strncpy.o(.text)
    strcmp                                   0x080005c1   Thumb Code   128  strcmpv7m.o(.text)
    __use_two_region_memory                  0x08000641   Thumb Code     2  heapauxi.o(.text)
    __rt_heap_escrow$2region                 0x08000643   Thumb Code     2  heapauxi.o(.text)
    __rt_heap_expand$2region                 0x08000645   Thumb Code     2  heapauxi.o(.text)
    __rt_locale                              0x08000649   Thumb Code     8  rt_locale_intlibspace.o(.text)
    __aeabi_errno_addr                       0x08000651   Thumb Code     8  rt_errno_addr_intlibspace.o(.text)
    __errno$intlibspace                      0x08000651   Thumb Code     0  rt_errno_addr_intlibspace.o(.text)
    __rt_errno_addr$intlibspace              0x08000651   Thumb Code     0  rt_errno_addr_intlibspace.o(.text)
    strtol                                   0x08000659   Thumb Code   112  strtol.o(.text)
    __aeabi_memclr                           0x080006c9   Thumb Code     0  rt_memclr.o(.text)
    __rt_memclr                              0x080006c9   Thumb Code    68  rt_memclr.o(.text)
    _memset                                  0x080006cd   Thumb Code     0  rt_memclr.o(.text)
    __user_libspace                          0x0800070d   Thumb Code     8  libspace.o(.text)
    __user_perproc_libspace                  0x0800070d   Thumb Code     0  libspace.o(.text)
    __user_perthread_libspace                0x0800070d   Thumb Code     0  libspace.o(.text)
    _strtoul                                 0x08000715   Thumb Code   158  _strtoul.o(.text)
    __user_setup_stackheap                   0x080007b3   Thumb Code    74  sys_stackheap_outer.o(.text)
    _chval                                   0x080007fd   Thumb Code    28  _chval.o(.text)
    exit                                     0x08000819   Thumb Code    18  exit.o(.text)
    main                                     0x0800082b   Thumb Code    10  components.o(i.$Sub$$main)
    EXTI0_IRQHandler                         0x08000861   Thumb Code    18  drv_gpio.o(i.EXTI0_IRQHandler)
    EXTI15_10_IRQHandler                     0x08000873   Thumb Code    60  drv_gpio.o(i.EXTI15_10_IRQHandler)
    EXTI1_IRQHandler                         0x080008af   Thumb Code    18  drv_gpio.o(i.EXTI1_IRQHandler)
    EXTI2_IRQHandler                         0x080008c1   Thumb Code    18  drv_gpio.o(i.EXTI2_IRQHandler)
    EXTI3_IRQHandler                         0x080008d3   Thumb Code    18  drv_gpio.o(i.EXTI3_IRQHandler)
    EXTI4_IRQHandler                         0x080008e5   Thumb Code    18  drv_gpio.o(i.EXTI4_IRQHandler)
    EXTI9_5_IRQHandler                       0x080008f7   Thumb Code    46  drv_gpio.o(i.EXTI9_5_IRQHandler)
    HAL_DMA_Abort                            0x08000925   Thumb Code    86  stm32f1xx_hal_dma.o(i.HAL_DMA_Abort)
    HAL_DMA_Abort_IT                         0x0800097d   Thumb Code   172  stm32f1xx_hal_dma.o(i.HAL_DMA_Abort_IT)
    HAL_DMA_DeInit                           0x08000a2d   Thumb Code   100  stm32f1xx_hal_dma.o(i.HAL_DMA_DeInit)
    HAL_DMA_Init                             0x08000a95   Thumb Code   100  stm32f1xx_hal_dma.o(i.HAL_DMA_Init)
    HAL_DMA_Start_IT                         0x08000afd   Thumb Code   156  stm32f1xx_hal_dma.o(i.HAL_DMA_Start_IT)
    HAL_GPIO_DeInit                          0x08000b99   Thumb Code   282  stm32f1xx_hal_gpio.o(i.HAL_GPIO_DeInit)
    HAL_GPIO_EXTI_Callback                   0x08000ccd   Thumb Code    44  drv_gpio.o(i.HAL_GPIO_EXTI_Callback)
    HAL_GPIO_EXTI_IRQHandler                 0x08000cfd   Thumb Code    24  stm32f1xx_hal_gpio.o(i.HAL_GPIO_EXTI_IRQHandler)
    HAL_GPIO_Init                            0x08000d19   Thumb Code   766  stm32f1xx_hal_gpio.o(i.HAL_GPIO_Init)
    HAL_GPIO_ReadPin                         0x08001039   Thumb Code    16  stm32f1xx_hal_gpio.o(i.HAL_GPIO_ReadPin)
    HAL_GPIO_WritePin                        0x08001049   Thumb Code    12  stm32f1xx_hal_gpio.o(i.HAL_GPIO_WritePin)
    HAL_GetTick                              0x08001055   Thumb Code    24  drv_common.o(i.HAL_GetTick)
    HAL_IncTick                              0x08001071   Thumb Code    16  drv_common.o(i.HAL_IncTick)
    HAL_Init                                 0x08001089   Thumb Code    34  stm32f1xx_hal.o(i.HAL_Init)
    HAL_InitTick                             0x080010b1   Thumb Code    12  drv_common.o(i.HAL_InitTick)
    HAL_MspInit                              0x080010bd   Thumb Code    74  stm32f1xx_hal_msp.o(i.HAL_MspInit)
    HAL_NVIC_DisableIRQ                      0x08001111   Thumb Code    62  stm32f1xx_hal_cortex.o(i.HAL_NVIC_DisableIRQ)
    HAL_NVIC_EnableIRQ                       0x08001155   Thumb Code    32  stm32f1xx_hal_cortex.o(i.HAL_NVIC_EnableIRQ)
    HAL_NVIC_SetPriority                     0x08001175   Thumb Code   124  stm32f1xx_hal_cortex.o(i.HAL_NVIC_SetPriority)
    HAL_NVIC_SetPriorityGrouping             0x080011f1   Thumb Code    32  stm32f1xx_hal_cortex.o(i.HAL_NVIC_SetPriorityGrouping)
    HAL_RCCEx_PeriphCLKConfig                0x08001219   Thumb Code   290  stm32f1xx_hal_rcc_ex.o(i.HAL_RCCEx_PeriphCLKConfig)
    HAL_RCC_ClockConfig                      0x08001349   Thumb Code   376  stm32f1xx_hal_rcc.o(i.HAL_RCC_ClockConfig)
    HAL_RCC_GetHCLKFreq                      0x080014d5   Thumb Code     6  stm32f1xx_hal_rcc.o(i.HAL_RCC_GetHCLKFreq)
    HAL_RCC_GetPCLK1Freq                     0x080014e1   Thumb Code    22  stm32f1xx_hal_rcc.o(i.HAL_RCC_GetPCLK1Freq)
    HAL_RCC_GetPCLK2Freq                     0x08001501   Thumb Code    22  stm32f1xx_hal_rcc.o(i.HAL_RCC_GetPCLK2Freq)
    HAL_RCC_GetSysClockFreq                  0x08001521   Thumb Code   116  stm32f1xx_hal_rcc.o(i.HAL_RCC_GetSysClockFreq)
    HAL_RCC_OscConfig                        0x080015b5   Thumb Code  1114  stm32f1xx_hal_rcc.o(i.HAL_RCC_OscConfig)
    HAL_SYSTICK_Config                       0x08001a19   Thumb Code    52  stm32f1xx_hal_cortex.o(i.HAL_SYSTICK_Config)
    HAL_UARTEx_RxEventCallback               0x08001a4d   Thumb Code     2  stm32f1xx_hal_uart.o(i.HAL_UARTEx_RxEventCallback)
    HAL_UART_DeInit                          0x08001a4f   Thumb Code    60  stm32f1xx_hal_uart.o(i.HAL_UART_DeInit)
    HAL_UART_ErrorCallback                   0x08001a8d   Thumb Code    22  drv_usart.o(i.HAL_UART_ErrorCallback)
    HAL_UART_IRQHandler                      0x08001ab9   Thumb Code   582  stm32f1xx_hal_uart.o(i.HAL_UART_IRQHandler)
    HAL_UART_Init                            0x08001d05   Thumb Code   114  stm32f1xx_hal_uart.o(i.HAL_UART_Init)
    HAL_UART_MspDeInit                       0x08001d79   Thumb Code    42  stm32f1xx_hal_msp.o(i.HAL_UART_MspDeInit)
    HAL_UART_MspInit                         0x08001db1   Thumb Code   140  stm32f1xx_hal_msp.o(i.HAL_UART_MspInit)
    HAL_UART_Receive_DMA                     0x08001e49   Thumb Code    66  stm32f1xx_hal_uart.o(i.HAL_UART_Receive_DMA)
    HAL_UART_RxCpltCallback                  0x08001e8d   Thumb Code    32  drv_usart.o(i.HAL_UART_RxCpltCallback)
    HAL_UART_RxHalfCpltCallback              0x08001ec1   Thumb Code    32  drv_usart.o(i.HAL_UART_RxHalfCpltCallback)
    HAL_UART_Transmit_DMA                    0x08001ef5   Thumb Code   142  stm32f1xx_hal_uart.o(i.HAL_UART_Transmit_DMA)
    HAL_UART_TxCpltCallback                  0x08001f91   Thumb Code    30  drv_usart.o(i.HAL_UART_TxCpltCallback)
    HAL_UART_TxHalfCpltCallback              0x08001fc5   Thumb Code     2  stm32f1xx_hal_uart.o(i.HAL_UART_TxHalfCpltCallback)
    SysTick_Handler                          0x08001ff1   Thumb Code    32  drv_common.o(i.SysTick_Handler)
    SystemClock_Config                       0x08002011   Thumb Code   150  board.o(i.SystemClock_Config)
    SystemInit                               0x080020b9   Thumb Code     2  system_stm32f1xx.o(i.SystemInit)
    UART_Start_Receive_DMA                   0x08002435   Thumb Code   138  stm32f1xx_hal_uart.o(i.UART_Start_Receive_DMA)
    USART1_IRQHandler                        0x0800252d   Thumb Code    18  drv_usart.o(i.USART1_IRQHandler)
    _Error_Handler                           0x08002545   Thumb Code    34  drv_common.o(i._Error_Handler)
    __rt_libc_exit                           0x080025d5   Thumb Code    50  cstdlib.o(i.__rt_libc_exit)
    _sys_exit                                0x08003815   Thumb Code    14  syscalls.o(i._sys_exit)
    cmd_free                                 0x08003ca9   Thumb Code    64  msh.o(i.cmd_free)
    cmd_list                                 0x08003d29   Thumb Code   250  cmd.o(i.cmd_list)
    cmd_ps                                   0x08003f9d   Thumb Code    14  msh.o(i.cmd_ps)
    finsh_get_prompt                         0x08004069   Thumb Code    66  shell.o(i.finsh_get_prompt)
    finsh_getchar                            0x080040c5   Thumb Code   102  shell.o(i.finsh_getchar)
    finsh_set_device                         0x08004189   Thumb Code   158  shell.o(i.finsh_set_device)
    finsh_set_prompt_mode                    0x08004269   Thumb Code    42  shell.o(i.finsh_set_prompt_mode)
    finsh_system_function_init               0x080042b1   Thumb Code    10  shell.o(i.finsh_system_function_init)
    finsh_system_init                        0x080042c5   Thumb Code   100  shell.o(i.finsh_system_init)
    finsh_thread_entry                       0x08004361   Thumb Code  1272  shell.o(i.finsh_thread_entry)
    list_device                              0x08004905   Thumb Code   182  cmd.o(i.list_device)
    list_event                               0x08004a31   Thumb Code   208  cmd.o(i.list_event)
    list_mailbox                             0x08004c31   Thumb Code   228  cmd.o(i.list_mailbox)
    list_mempool                             0x08004d8d   Thumb Code   234  cmd.o(i.list_mempool)
    list_msgqueue                            0x08004f05   Thumb Code   220  cmd.o(i.list_msgqueue)
    list_mutex                               0x08005051   Thumb Code   244  cmd.o(i.list_mutex)
    list_sem                                 0x080051e9   Thumb Code   220  cmd.o(i.list_sem)
    list_thread                              0x08005329   Thumb Code   308  cmd.o(i.list_thread)
    list_timer                               0x08005519   Thumb Code   216  cmd.o(i.list_timer)
    $Super$$main                             0x080056c5   Thumb Code    44  main.o(i.main)
    main_thread_entry                        0x080056f1   Thumb Code    14  components.o(i.main_thread_entry)
    msh_auto_complete                        0x080057e9   Thumb Code   120  msh.o(i.msh_auto_complete)
    msh_exec                                 0x0800586d   Thumb Code    84  msh.o(i.msh_exec)
    msh_help                                 0x08005919   Thumb Code    48  msh.o(i.msh_help)
    msh_isint                                0x0800597d   Thumb Code    60  msh_parse.o(i.msh_isint)
    rt_application_init                      0x08005de5   Thumb Code    46  components.o(i.rt_application_init)
    rt_assert_handler                        0x08005e35   Thumb Code    56  kservice.o(i.rt_assert_handler)
    rt_calloc                                0x08005ea9   Thumb Code    34  kservice.o(i.rt_calloc)
    rt_completion_done                       0x08005ecd   Thumb Code    76  completion.o(i.rt_completion_done)
    rt_completion_init                       0x08005f35   Thumb Code    42  completion.o(i.rt_completion_init)
    rt_completion_wait                       0x08005f7d   Thumb Code   328  completion.o(i.rt_completion_wait)
    rt_components_board_init                 0x080061a1   Thumb Code    20  components.o(i.rt_components_board_init)
    rt_components_init                       0x080061bd   Thumb Code    20  components.o(i.rt_components_init)
    rt_console_get_device                    0x080061d9   Thumb Code     6  kservice.o(i.rt_console_get_device)
    rt_console_set_device                    0x080061e5   Thumb Code    56  kservice.o(i.rt_console_set_device)
    rt_critical_level                        0x08006221   Thumb Code     8  scheduler_up.o(i.rt_critical_level)
    rt_data_queue_deinit                     0x0800622d   Thumb Code    70  dataqueue.o(i.rt_data_queue_deinit)
    rt_data_queue_init                       0x080062b1   Thumb Code   124  dataqueue.o(i.rt_data_queue_init)
    rt_data_queue_len                        0x08006355   Thumb Code   118  dataqueue.o(i.rt_data_queue_len)
    rt_data_queue_peek                       0x08006409   Thumb Code   104  dataqueue.o(i.rt_data_queue_peek)
    rt_data_queue_pop                        0x080064ad   Thumb Code   502  dataqueue.o(i.rt_data_queue_pop)
    rt_data_queue_push                       0x08006795   Thumb Code   438  dataqueue.o(i.rt_data_queue_push)
    rt_data_queue_reset                      0x08006a19   Thumb Code   188  dataqueue.o(i.rt_data_queue_reset)
    rt_device_close                          0x08006b51   Thumb Code    92  device.o(i.rt_device_close)
    rt_device_find                           0x08006bfd   Thumb Code    14  device.o(i.rt_device_find)
    rt_device_open                           0x08006c0d   Thumb Code   172  device.o(i.rt_device_open)
    rt_device_pin_register                   0x08006d55   Thumb Code    56  pin.o(i.rt_device_pin_register)
    rt_device_read                           0x08006d9d   Thumb Code    98  device.o(i.rt_device_read)
    rt_device_register                       0x08006e51   Thumb Code    52  device.o(i.rt_device_register)
    rt_device_set_rx_indicate                0x08006e85   Thumb Code    48  device.o(i.rt_device_set_rx_indicate)
    rt_device_write                          0x08006f05   Thumb Code    98  device.o(i.rt_device_write)
    rt_enter_critical                        0x08007109   Thumb Code    28  scheduler_up.o(i.rt_enter_critical)
    rt_exit_critical                         0x08007129   Thumb Code    60  scheduler_up.o(i.rt_exit_critical)
    rt_free                                  0x0800716d   Thumb Code    48  kservice.o(i.rt_free)
    rt_hw_board_init                         0x080071a1   Thumb Code    38  drv_common.o(i.rt_hw_board_init)
    rt_hw_console_output                     0x080071d9   Thumb Code     2  kservice.o(i.rt_hw_console_output)
    rt_hw_cpu_reset                          0x080071dd   Thumb Code     8  cpuport.o(i.rt_hw_cpu_reset)
    rt_hw_hard_fault_exception               0x080071ed   Thumb Code   198  cpuport.o(i.rt_hw_hard_fault_exception)
    rt_hw_pin_init                           0x080073f5   Thumb Code   146  drv_gpio.o(i.rt_hw_pin_init)
    rt_hw_serial_isr                         0x08007495   Thumb Code   406  serial.o(i.rt_hw_serial_isr)
    rt_hw_serial_register                    0x08007681   Thumb Code    80  serial.o(i.rt_hw_serial_register)
    rt_hw_stack_init                         0x08007701   Thumb Code    70  cpuport.o(i.rt_hw_stack_init)
    rt_hw_systick_init                       0x0800774d   Thumb Code    74  drv_common.o(i.rt_hw_systick_init)
    rt_hw_usart_init                         0x080077a9   Thumb Code   156  drv_usart.o(i.rt_hw_usart_init)
    rt_interrupt_enter                       0x0800786d   Thumb Code    46  irq.o(i.rt_interrupt_enter)
    rt_interrupt_get_nest                    0x080078a5   Thumb Code    22  irq.o(i.rt_interrupt_get_nest)
    rt_interrupt_leave                       0x080078c1   Thumb Code    46  irq.o(i.rt_interrupt_leave)
    rt_kprintf                               0x080078f9   Thumb Code    70  kservice.o(i.rt_kprintf)
    rt_malloc                                0x08007a55   Thumb Code    52  kservice.o(i.rt_malloc)
    rt_memcpy                                0x08007a91   Thumb Code   128  kservice.o(i.rt_memcpy)
    rt_memmove                               0x08007b11   Thumb Code    66  kservice.o(i.rt_memmove)
    rt_memory_info                           0x08007b55   Thumb Code    64  kservice.o(i.rt_memory_info)
    rt_memset                                0x08007b99   Thumb Code    96  kservice.o(i.rt_memset)
    rt_mutex_drop_thread                     0x08007bf9   Thumb Code    96  ipc.o(i.rt_mutex_drop_thread)
    rt_mutex_init                            0x08007c59   Thumb Code    70  ipc.o(i.rt_mutex_init)
    rt_mutex_release                         0x08007cb9   Thumb Code   364  ipc.o(i.rt_mutex_release)
    rt_mutex_take                            0x08007ea9   Thumb Code    18  ipc.o(i.rt_mutex_take)
    rt_object_allocate                       0x08007ebd   Thumb Code   158  object.o(i.rt_object_allocate)
    rt_object_delete                         0x08007fa9   Thumb Code    88  object.o(i.rt_object_delete)
    rt_object_detach                         0x08008049   Thumb Code    62  object.o(i.rt_object_detach)
    rt_object_find                           0x080080a5   Thumb Code   124  object.o(i.rt_object_find)
    rt_object_get_information                0x08008151   Thumb Code    36  object.o(i.rt_object_get_information)
    rt_object_get_type                       0x08008179   Thumb Code    26  object.o(i.rt_object_get_type)
    rt_object_init                           0x080081ad   Thumb Code   134  object.o(i.rt_object_init)
    rt_object_is_systemobject                0x08008265   Thumb Code    34  object.o(i.rt_object_is_systemobject)
    rt_pin_get                               0x080082a1   Thumb Code    64  pin.o(i.rt_pin_get)
    rt_pin_mode                              0x08008301   Thumb Code    38  pin.o(i.rt_pin_mode)
    rt_pin_read                              0x08008349   Thumb Code    34  pin.o(i.rt_pin_read)
    rt_pin_write                             0x0800838d   Thumb Code    38  pin.o(i.rt_pin_write)
    rt_schedule                              0x080083d5   Thumb Code   322  scheduler_up.o(i.rt_schedule)
    rt_schedule_insert_thread                0x08008535   Thumb Code   160  scheduler_up.o(i.rt_schedule_insert_thread)
    rt_schedule_remove_thread                0x080085f9   Thumb Code    94  scheduler_up.o(i.rt_schedule_remove_thread)
    rt_sem_init                              0x08008679   Thumb Code    88  ipc.o(i.rt_sem_init)
    rt_sem_release                           0x08008735   Thumb Code   140  ipc.o(i.rt_sem_release)
    rt_sem_take                              0x080087dd   Thumb Code    18  ipc.o(i.rt_sem_take)
    rt_set_errno                             0x08008e39   Thumb Code    38  kservice.o(i.rt_set_errno)
    rt_show_version                          0x08008e65   Thumb Code    42  kservice.o(i.rt_show_version)
    rt_smem_alloc                            0x08008f29   Thumb Code   450  mem.o(i.rt_smem_alloc)
    rt_smem_free                             0x080091a1   Thumb Code   206  mem.o(i.rt_smem_free)
    rt_smem_init                             0x08009345   Thumb Code   176  mem.o(i.rt_smem_init)
    rt_snprintf                              0x08009439   Thumb Code    40  kservice.o(i.rt_snprintf)
    rt_soft_timer_check                      0x08009461   Thumb Code   226  timer.o(i.rt_soft_timer_check)
    rt_strerror                              0x08009555   Thumb Code    26  kservice.o(i.rt_strerror)
    rt_system_heap_init                      0x08009575   Thumb Code    66  kservice.o(i.rt_system_heap_init)
    rt_system_scheduler_init                 0x080095ed   Thumb Code    42  scheduler_up.o(i.rt_system_scheduler_init)
    rt_system_scheduler_start                0x08009625   Thumb Code    36  scheduler_up.o(i.rt_system_scheduler_start)
    rt_system_timer_init                     0x0800964d   Thumb Code    24  timer.o(i.rt_system_timer_init)
    rt_system_timer_thread_init              0x08009669   Thumb Code    58  timer.o(i.rt_system_timer_thread_init)
    rt_thread_control                        0x080096bd   Thumb Code   182  thread.o(i.rt_thread_control)
    rt_thread_create                         0x08009791   Thumb Code    80  thread.o(i.rt_thread_create)
    rt_thread_defunct_dequeue                0x080097e1   Thumb Code    56  idle.o(i.rt_thread_defunct_dequeue)
    rt_thread_defunct_enqueue                0x0800981d   Thumb Code    24  idle.o(i.rt_thread_defunct_enqueue)
    rt_thread_delay                          0x08009839   Thumb Code    12  thread.o(i.rt_thread_delay)
    rt_thread_delete                         0x08009845   Thumb Code   158  thread.o(i.rt_thread_delete)
    rt_thread_detach                         0x0800993d   Thumb Code   158  thread.o(i.rt_thread_detach)
    rt_thread_idle_init                      0x08009a29   Thumb Code    92  idle.o(i.rt_thread_idle_init)
    rt_thread_init                           0x08009a99   Thumb Code    78  thread.o(i.rt_thread_init)
    rt_thread_mdelay                         0x08009b19   Thumb Code    20  thread.o(i.rt_thread_mdelay)
    rt_thread_resume                         0x08009b2d   Thumb Code   122  thread.o(i.rt_thread_resume)
    rt_thread_self                           0x08009bc9   Thumb Code     6  thread.o(i.rt_thread_self)
    rt_thread_sleep                          0x08009c41   Thumb Code   264  thread.o(i.rt_thread_sleep)
    rt_thread_startup                        0x08009df5   Thumb Code   102  thread.o(i.rt_thread_startup)
    rt_thread_suspend_with_flag              0x08009eb1   Thumb Code   176  thread.o(i.rt_thread_suspend_with_flag)
    rt_tick_from_millisecond                 0x08009f9d   Thumb Code    56  clock.o(i.rt_tick_from_millisecond)
    rt_tick_get                              0x08009fd5   Thumb Code     6  clock.o(i.rt_tick_get)
    rt_tick_increase                         0x08009fe1   Thumb Code    90  clock.o(i.rt_tick_increase)
    rt_timer_check                           0x0800a045   Thumb Code   208  timer.o(i.rt_timer_check)
    rt_timer_control                         0x0800a121   Thumb Code   186  timer.o(i.rt_timer_control)
    rt_timer_detach                          0x0800a259   Thumb Code    96  timer.o(i.rt_timer_detach)
    rt_timer_init                            0x0800a339   Thumb Code    94  timer.o(i.rt_timer_init)
    rt_timer_start                           0x0800a3dd   Thumb Code   346  timer.o(i.rt_timer_start)
    rt_timer_stop                            0x0800a5a5   Thumb Code   108  timer.o(i.rt_timer_stop)
    rt_vsnprintf                             0x0800a669   Thumb Code   862  kservice.o(i.rt_vsnprintf)
    rtthread_startup                         0x0800a9e1   Thumb Code    42  components.o(i.rtthread_startup)
    stm32_uart_get_mask                      0x0800b59d   Thumb Code    32  drv_usart.o(i.stm32_uart_get_mask)
    version                                  0x0800b841   Thumb Code    10  cmd.o(i.version)
    _get_lc_ctype                            0x0800b84d   Thumb Code    44  lc_ctype_c.o(locale$$code)
    AHBPrescTable                            0x0800c306   Data          16  system_stm32f1xx.o(.constdata)
    APBPrescTable                            0x0800c316   Data           8  system_stm32f1xx.o(.constdata)
    __fsym_pin_name                          0x0800c9a6   Data           4  pin.o(.rodata.name)
    __fsym_pin_desc                          0x0800c9aa   Data          13  pin.o(.rodata.name)
    __fsym_reboot_name                       0x0800c9b7   Data           7  drv_common.o(.rodata.name)
    __fsym_reboot_desc                       0x0800c9be   Data          14  drv_common.o(.rodata.name)
    __fsym_help_name                         0x0800c9cc   Data           5  msh.o(.rodata.name)
    __fsym_help_desc                         0x0800c9d1   Data          22  msh.o(.rodata.name)
    __fsym_ps_name                           0x0800c9e7   Data           3  msh.o(.rodata.name)
    __fsym_ps_desc                           0x0800c9ea   Data          28  msh.o(.rodata.name)
    __fsym_free_name                         0x0800ca06   Data           5  msh.o(.rodata.name)
    __fsym_free_desc                         0x0800ca0b   Data          37  msh.o(.rodata.name)
    __fsym_clear_name                        0x0800ca30   Data           6  cmd.o(.rodata.name)
    __fsym_clear_desc                        0x0800ca36   Data          26  cmd.o(.rodata.name)
    __fsym_version_name                      0x0800ca50   Data           8  cmd.o(.rodata.name)
    __fsym_version_desc                      0x0800ca58   Data          35  cmd.o(.rodata.name)
    __fsym_list_name                         0x0800ca7b   Data           5  cmd.o(.rodata.name)
    __fsym_list_desc                         0x0800ca80   Data          13  cmd.o(.rodata.name)
    __rt_init_rti_start                      0x0800ca90   Data           4  components.o(.rti_fn.0)
    __rt_init_rti_board_start                0x0800ca94   Data           4  components.o(.rti_fn.0.end)
    __rt_init_rti_board_end                  0x0800ca98   Data           4  components.o(.rti_fn.1.end)
    __rt_init_finsh_system_init              0x0800ca9c   Data           4  shell.o(.rti_fn.6)
    __rt_init_rti_end                        0x0800caa0   Data           4  components.o(.rti_fn.6.end)
    FSymTab$$Base                            0x0800caa4   Number         0  pin.o(FSymTab)
    __fsym_pin                               0x0800caa4   Data          12  pin.o(FSymTab)
    __fsym_reboot                            0x0800cab0   Data          12  drv_common.o(FSymTab)
    __fsym_help                              0x0800cabc   Data          12  msh.o(FSymTab)
    __fsym_ps                                0x0800cac8   Data          12  msh.o(FSymTab)
    __fsym_free                              0x0800cad4   Data          12  msh.o(FSymTab)
    __fsym_clear                             0x0800cae0   Data          12  cmd.o(FSymTab)
    __fsym_version                           0x0800caec   Data          12  cmd.o(FSymTab)
    __fsym_list                              0x0800caf8   Data          12  cmd.o(FSymTab)
    FSymTab$$Limit                           0x0800cb04   Number         0  cmd.o(FSymTab)
    Region$$Table$$Base                      0x0800cb04   Number         0  anon$$obj.o(Region$$Table)
    Region$$Table$$Limit                     0x0800cb24   Number         0  anon$$obj.o(Region$$Table)
    __ctype                                  0x0800cb31   Data           0  lc_ctype_c.o(locale$$data)
    rt_interrupt_from_thread                 0x20000000   Data           4  cpuport.o(.data)
    rt_interrupt_to_thread                   0x20000004   Data           4  cpuport.o(.data)
    rt_thread_switch_interrupt_flag          0x20000008   Data           4  cpuport.o(.data)
    _syscall_table_begin                     0x20000130   Data           4  shell.o(.data)
    _syscall_table_end                       0x20000134   Data           4  shell.o(.data)
    shell                                    0x20000138   Data           4  shell.o(.data)
    rt_interrupt_nest                        0x20000158   Data           1  irq.o(.data)
    rt_assert_hook                           0x200001a0   Data           4  kservice.o(.data)
    rt_object_trytake_hook                   0x2000025c   Data           4  object.o(.data)
    rt_object_take_hook                      0x20000260   Data           4  object.o(.data)
    rt_object_put_hook                       0x20000264   Data           4  object.o(.data)
    rt_thread_ready_priority_group           0x20000268   Data           4  scheduler_up.o(.data)
    rt_current_thread                        0x20000270   Data           4  scheduler_up.o(.data)
    rt_current_priority                      0x20000274   Data           1  scheduler_up.o(.data)
    SystemCoreClock                          0x200002ac   Data           4  system_stm32f1xx.o(.data)
    uwTick                                   0x200002b0   Data           4  stm32f1xx_hal.o(.data)
    uwTickPrio                               0x200002b4   Data           4  stm32f1xx_hal.o(.data)
    uwTickFreq                               0x200002b8   Data           1  stm32f1xx_hal.o(.data)
    rt_thread_priority_table                 0x20000704   Data         256  scheduler_up.o(.bss)
    __libspace_start                         0x20000a98   Data          96  libspace.o(.bss)
    __temporary_stack_top$libspace           0x20000af8   Data           0  libspace.o(.bss)
    Image$$RW_IRAM1$$ZI$$Limit               0x20000ef8   Number         0  anon$$obj.o ABSOLUTE



==============================================================================

Memory Map of the image

  Image Entry point : 0x080000ed

  Load Region LR_IROM1 (Base: 0x08000000, Size: 0x0000cef0, Max: 0x00010000, ABSOLUTE, COMPRESSED[0x0000cce0])

    Execution Region ER_IROM1 (Exec base: 0x08000000, Load base: 0x08000000, Size: 0x0000cc34, Max: 0x00010000, ABSOLUTE)

    Exec Addr    Load Addr    Size         Type   Attr      Idx    E Section Name        Object

    0x08000000   0x08000000   0x000000ec   Data   RO         1738    RESET               startup_stm32f103xb.o
    0x080000ec   0x080000ec   0x00000008   Code   RO         5325  * !!!main             c_w.l(__main.o)
    0x080000f4   0x080000f4   0x00000034   Code   RO         5505    !!!scatter          c_w.l(__scatter.o)
    0x08000128   0x08000128   0x0000005a   Code   RO         5503    !!dczerorl2         c_w.l(__dczerorl2.o)
    0x08000182   0x08000182   0x00000002   PAD
    0x08000184   0x08000184   0x0000001c   Code   RO         5507    !!handler_zi        c_w.l(__scatter_zi.o)
    0x080001a0   0x080001a0   0x00000002   Code   RO         5430    .ARM.Collect$$libinit$$00000000  c_w.l(libinit.o)
    0x080001a2   0x080001a2   0x00000000   Code   RO         5373    .ARM.Collect$$libinit$$00000002  c_w.l(libinit2.o)
    0x080001a2   0x080001a2   0x00000000   Code   RO         5375    .ARM.Collect$$libinit$$00000004  c_w.l(libinit2.o)
    0x080001a2   0x080001a2   0x00000000   Code   RO         5378    .ARM.Collect$$libinit$$0000000A  c_w.l(libinit2.o)
    0x080001a2   0x080001a2   0x00000000   Code   RO         5380    .ARM.Collect$$libinit$$0000000C  c_w.l(libinit2.o)
    0x080001a2   0x080001a2   0x00000000   Code   RO         5382    .ARM.Collect$$libinit$$0000000E  c_w.l(libinit2.o)
    0x080001a2   0x080001a2   0x00000006   Code   RO         5383    .ARM.Collect$$libinit$$0000000F  c_w.l(libinit2.o)
    0x080001a8   0x080001a8   0x00000000   Code   RO         5385    .ARM.Collect$$libinit$$00000011  c_w.l(libinit2.o)
    0x080001a8   0x080001a8   0x0000000c   Code   RO         5386    .ARM.Collect$$libinit$$00000012  c_w.l(libinit2.o)
    0x080001b4   0x080001b4   0x00000000   Code   RO         5387    .ARM.Collect$$libinit$$00000013  c_w.l(libinit2.o)
    0x080001b4   0x080001b4   0x00000000   Code   RO         5389    .ARM.Collect$$libinit$$00000015  c_w.l(libinit2.o)
    0x080001b4   0x080001b4   0x00000000   Code   RO         5391    .ARM.Collect$$libinit$$00000017  c_w.l(libinit2.o)
    0x080001b4   0x080001b4   0x00000000   Code   RO         5393    .ARM.Collect$$libinit$$00000019  c_w.l(libinit2.o)
    0x080001b4   0x080001b4   0x00000000   Code   RO         5395    .ARM.Collect$$libinit$$0000001B  c_w.l(libinit2.o)
    0x080001b4   0x080001b4   0x00000000   Code   RO         5397    .ARM.Collect$$libinit$$0000001D  c_w.l(libinit2.o)
    0x080001b4   0x080001b4   0x00000000   Code   RO         5399    .ARM.Collect$$libinit$$0000001F  c_w.l(libinit2.o)
    0x080001b4   0x080001b4   0x00000000   Code   RO         5401    .ARM.Collect$$libinit$$00000021  c_w.l(libinit2.o)
    0x080001b4   0x080001b4   0x00000000   Code   RO         5403    .ARM.Collect$$libinit$$00000023  c_w.l(libinit2.o)
    0x080001b4   0x080001b4   0x00000000   Code   RO         5405    .ARM.Collect$$libinit$$00000025  c_w.l(libinit2.o)
    0x080001b4   0x080001b4   0x00000000   Code   RO         5409    .ARM.Collect$$libinit$$0000002C  c_w.l(libinit2.o)
    0x080001b4   0x080001b4   0x00000000   Code   RO         5411    .ARM.Collect$$libinit$$0000002E  c_w.l(libinit2.o)
    0x080001b4   0x080001b4   0x00000000   Code   RO         5413    .ARM.Collect$$libinit$$00000030  c_w.l(libinit2.o)
    0x080001b4   0x080001b4   0x00000000   Code   RO         5415    .ARM.Collect$$libinit$$00000032  c_w.l(libinit2.o)
    0x080001b4   0x080001b4   0x00000002   Code   RO         5416    .ARM.Collect$$libinit$$00000033  c_w.l(libinit2.o)
    0x080001b6   0x080001b6   0x00000002   Code   RO         5460    .ARM.Collect$$libshutdown$$00000000  c_w.l(libshutdown.o)
    0x080001b8   0x080001b8   0x00000000   Code   RO         5466    .ARM.Collect$$libshutdown$$00000002  c_w.l(libshutdown2.o)
    0x080001b8   0x080001b8   0x00000000   Code   RO         5468    .ARM.Collect$$libshutdown$$00000004  c_w.l(libshutdown2.o)
    0x080001b8   0x080001b8   0x00000000   Code   RO         5470    .ARM.Collect$$libshutdown$$00000006  c_w.l(libshutdown2.o)
    0x080001b8   0x080001b8   0x00000000   Code   RO         5473    .ARM.Collect$$libshutdown$$00000009  c_w.l(libshutdown2.o)
    0x080001b8   0x080001b8   0x00000000   Code   RO         5476    .ARM.Collect$$libshutdown$$0000000C  c_w.l(libshutdown2.o)
    0x080001b8   0x080001b8   0x00000000   Code   RO         5478    .ARM.Collect$$libshutdown$$0000000E  c_w.l(libshutdown2.o)
    0x080001b8   0x080001b8   0x00000000   Code   RO         5481    .ARM.Collect$$libshutdown$$00000011  c_w.l(libshutdown2.o)
    0x080001b8   0x080001b8   0x00000002   Code   RO         5482    .ARM.Collect$$libshutdown$$00000012  c_w.l(libshutdown2.o)
    0x080001ba   0x080001ba   0x00000000   Code   RO         5333    .ARM.Collect$$rtentry$$00000000  c_w.l(__rtentry.o)
    0x080001ba   0x080001ba   0x00000000   Code   RO         5356    .ARM.Collect$$rtentry$$00000002  c_w.l(__rtentry2.o)
    0x080001ba   0x080001ba   0x00000006   Code   RO         5368    .ARM.Collect$$rtentry$$00000004  c_w.l(__rtentry4.o)
    0x080001c0   0x080001c0   0x00000000   Code   RO         5358    .ARM.Collect$$rtentry$$00000009  c_w.l(__rtentry2.o)
    0x080001c0   0x080001c0   0x00000004   Code   RO         5359    .ARM.Collect$$rtentry$$0000000A  c_w.l(__rtentry2.o)
    0x080001c4   0x080001c4   0x00000000   Code   RO         5361    .ARM.Collect$$rtentry$$0000000C  c_w.l(__rtentry2.o)
    0x080001c4   0x080001c4   0x00000008   Code   RO         5362    .ARM.Collect$$rtentry$$0000000D  c_w.l(__rtentry2.o)
    0x080001cc   0x080001cc   0x00000002   Code   RO         5433    .ARM.Collect$$rtexit$$00000000  c_w.l(rtexit.o)
    0x080001ce   0x080001ce   0x00000000   Code   RO         5440    .ARM.Collect$$rtexit$$00000002  c_w.l(rtexit2.o)
    0x080001ce   0x080001ce   0x00000004   Code   RO         5441    .ARM.Collect$$rtexit$$00000003  c_w.l(rtexit2.o)
    0x080001d2   0x080001d2   0x00000006   Code   RO         5442    .ARM.Collect$$rtexit$$00000004  c_w.l(rtexit2.o)
    0x080001d8   0x080001d8   0x00000010   Code   RO          836    .emb_text           cpuport.o
    0x080001e8   0x080001e8   0x000000fc   Code   RO          832    .text               context_rvds.o
    0x080002e4   0x080002e4   0x0000003c   Code   RO         1739    .text               startup_stm32f103xb.o
    0x08000320   0x08000320   0x00000002   Code   RO         5289    .text               c_w.l(use_no_semi.o)
    0x08000322   0x08000322   0x00000002   PAD
    0x08000324   0x08000324   0x00000010   Code   RO         5291    .text               c_w.l(rt_ctype_table.o)
    0x08000334   0x08000334   0x0000001e   Code   RO         5297    .text               c_w.l(toupper.o)
    0x08000352   0x08000352   0x0000001a   Code   RO         5299    .text               c_w.l(atoi.o)
    0x0800036c   0x0800036c   0x00000024   Code   RO         5303    .text               c_w.l(strncat.o)
    0x08000390   0x08000390   0x00000058   Code   RO         5305    .text               c_w.l(memcmp.o)
    0x080003e8   0x080003e8   0x00000048   Code   RO         5307    .text               c_w.l(strcpy.o)
    0x08000430   0x08000430   0x0000003e   Code   RO         5311    .text               c_w.l(strlen.o)
    0x0800046e   0x0800046e   0x00000096   Code   RO         5313    .text               c_w.l(strncmp.o)
    0x08000504   0x08000504   0x00000018   Code   RO         5315    .text               c_w.l(strcat.o)
    0x0800051c   0x0800051c   0x0000004e   Code   RO         5317    .text               c_w.l(rt_memclr_w.o)
    0x0800056a   0x0800056a   0x00000056   Code   RO         5319    .text               c_w.l(strncpy.o)
    0x080005c0   0x080005c0   0x00000080   Code   RO         5321    .text               c_w.l(strcmpv7m.o)
    0x08000640   0x08000640   0x00000006   Code   RO         5323    .text               c_w.l(heapauxi.o)
    0x08000646   0x08000646   0x00000002   PAD
    0x08000648   0x08000648   0x00000008   Code   RO         5337    .text               c_w.l(rt_locale_intlibspace.o)
    0x08000650   0x08000650   0x00000008   Code   RO         5342    .text               c_w.l(rt_errno_addr_intlibspace.o)
    0x08000658   0x08000658   0x00000070   Code   RO         5344    .text               c_w.l(strtol.o)
    0x080006c8   0x080006c8   0x00000044   Code   RO         5349    .text               c_w.l(rt_memclr.o)
    0x0800070c   0x0800070c   0x00000008   Code   RO         5352    .text               c_w.l(libspace.o)
    0x08000714   0x08000714   0x0000009e   Code   RO         5370    .text               c_w.l(_strtoul.o)
    0x080007b2   0x080007b2   0x0000004a   Code   RO         5417    .text               c_w.l(sys_stackheap_outer.o)
    0x080007fc   0x080007fc   0x0000001c   Code   RO         5419    .text               c_w.l(_chval.o)
    0x08000818   0x08000818   0x00000012   Code   RO         5421    .text               c_w.l(exit.o)
    0x0800082a   0x0800082a   0x0000000a   Code   RO         2484    i.$Sub$$main        components.o
    0x08000834   0x08000834   0x0000002c   Code   RO         4497    i.DMA_SetConfig     stm32f1xx_hal_dma.o
    0x08000860   0x08000860   0x00000012   Code   RO         1853    i.EXTI0_IRQHandler  drv_gpio.o
    0x08000872   0x08000872   0x0000003c   Code   RO         1854    i.EXTI15_10_IRQHandler  drv_gpio.o
    0x080008ae   0x080008ae   0x00000012   Code   RO         1855    i.EXTI1_IRQHandler  drv_gpio.o
    0x080008c0   0x080008c0   0x00000012   Code   RO         1856    i.EXTI2_IRQHandler  drv_gpio.o
    0x080008d2   0x080008d2   0x00000012   Code   RO         1857    i.EXTI3_IRQHandler  drv_gpio.o
    0x080008e4   0x080008e4   0x00000012   Code   RO         1858    i.EXTI4_IRQHandler  drv_gpio.o
    0x080008f6   0x080008f6   0x0000002e   Code   RO         1859    i.EXTI9_5_IRQHandler  drv_gpio.o
    0x08000924   0x08000924   0x00000056   Code   RO         4498    i.HAL_DMA_Abort     stm32f1xx_hal_dma.o
    0x0800097a   0x0800097a   0x00000002   PAD
    0x0800097c   0x0800097c   0x000000b0   Code   RO         4499    i.HAL_DMA_Abort_IT  stm32f1xx_hal_dma.o
    0x08000a2c   0x08000a2c   0x00000068   Code   RO         4500    i.HAL_DMA_DeInit    stm32f1xx_hal_dma.o
    0x08000a94   0x08000a94   0x00000068   Code   RO         4504    i.HAL_DMA_Init      stm32f1xx_hal_dma.o
    0x08000afc   0x08000afc   0x0000009c   Code   RO         4508    i.HAL_DMA_Start_IT  stm32f1xx_hal_dma.o
    0x08000b98   0x08000b98   0x00000134   Code   RO         5224    i.HAL_GPIO_DeInit   stm32f1xx_hal_gpio.o
    0x08000ccc   0x08000ccc   0x00000030   Code   RO         1860    i.HAL_GPIO_EXTI_Callback  drv_gpio.o
    0x08000cfc   0x08000cfc   0x0000001c   Code   RO         5226    i.HAL_GPIO_EXTI_IRQHandler  stm32f1xx_hal_gpio.o
    0x08000d18   0x08000d18   0x00000320   Code   RO         5227    i.HAL_GPIO_Init     stm32f1xx_hal_gpio.o
    0x08001038   0x08001038   0x00000010   Code   RO         5229    i.HAL_GPIO_ReadPin  stm32f1xx_hal_gpio.o
    0x08001048   0x08001048   0x0000000c   Code   RO         5231    i.HAL_GPIO_WritePin  stm32f1xx_hal_gpio.o
    0x08001054   0x08001054   0x0000001c   Code   RO         1747    i.HAL_GetTick       drv_common.o
    0x08001070   0x08001070   0x00000018   Code   RO         1748    i.HAL_IncTick       drv_common.o
    0x08001088   0x08001088   0x00000028   Code   RO         5032    i.HAL_Init          stm32f1xx_hal.o
    0x080010b0   0x080010b0   0x0000000c   Code   RO         1749    i.HAL_InitTick      drv_common.o
    0x080010bc   0x080010bc   0x00000054   Code   RO         1664    i.HAL_MspInit       stm32f1xx_hal_msp.o
    0x08001110   0x08001110   0x00000044   Code   RO         4108    i.HAL_NVIC_DisableIRQ  stm32f1xx_hal_cortex.o
    0x08001154   0x08001154   0x00000020   Code   RO         4109    i.HAL_NVIC_EnableIRQ  stm32f1xx_hal_cortex.o
    0x08001174   0x08001174   0x0000007c   Code   RO         4115    i.HAL_NVIC_SetPriority  stm32f1xx_hal_cortex.o
    0x080011f0   0x080011f0   0x00000028   Code   RO         4116    i.HAL_NVIC_SetPriorityGrouping  stm32f1xx_hal_cortex.o
    0x08001218   0x08001218   0x00000130   Code   RO         4069    i.HAL_RCCEx_PeriphCLKConfig  stm32f1xx_hal_rcc_ex.o
    0x08001348   0x08001348   0x0000018c   Code   RO         4266    i.HAL_RCC_ClockConfig  stm32f1xx_hal_rcc.o
    0x080014d4   0x080014d4   0x0000000c   Code   RO         4271    i.HAL_RCC_GetHCLKFreq  stm32f1xx_hal_rcc.o
    0x080014e0   0x080014e0   0x00000020   Code   RO         4273    i.HAL_RCC_GetPCLK1Freq  stm32f1xx_hal_rcc.o
    0x08001500   0x08001500   0x00000020   Code   RO         4274    i.HAL_RCC_GetPCLK2Freq  stm32f1xx_hal_rcc.o
    0x08001520   0x08001520   0x00000094   Code   RO         4275    i.HAL_RCC_GetSysClockFreq  stm32f1xx_hal_rcc.o
    0x080015b4   0x080015b4   0x00000464   Code   RO         4278    i.HAL_RCC_OscConfig  stm32f1xx_hal_rcc.o
    0x08001a18   0x08001a18   0x00000034   Code   RO         4120    i.HAL_SYSTICK_Config  stm32f1xx_hal_cortex.o
    0x08001a4c   0x08001a4c   0x00000002   Code   RO         4658    i.HAL_UARTEx_RxEventCallback  stm32f1xx_hal_uart.o
    0x08001a4e   0x08001a4e   0x0000003c   Code   RO         4671    i.HAL_UART_DeInit   stm32f1xx_hal_uart.o
    0x08001a8a   0x08001a8a   0x00000002   PAD
    0x08001a8c   0x08001a8c   0x0000002c   Code   RO         1968    i.HAL_UART_ErrorCallback  drv_usart.o
    0x08001ab8   0x08001ab8   0x0000024c   Code   RO         4675    i.HAL_UART_IRQHandler  stm32f1xx_hal_uart.o
    0x08001d04   0x08001d04   0x00000072   Code   RO         4676    i.HAL_UART_Init     stm32f1xx_hal_uart.o
    0x08001d76   0x08001d76   0x00000002   PAD
    0x08001d78   0x08001d78   0x00000038   Code   RO         1667    i.HAL_UART_MspDeInit  stm32f1xx_hal_msp.o
    0x08001db0   0x08001db0   0x00000098   Code   RO         1668    i.HAL_UART_MspInit  stm32f1xx_hal_msp.o
    0x08001e48   0x08001e48   0x00000042   Code   RO         4680    i.HAL_UART_Receive_DMA  stm32f1xx_hal_uart.o
    0x08001e8a   0x08001e8a   0x00000002   PAD
    0x08001e8c   0x08001e8c   0x00000034   Code   RO         1969    i.HAL_UART_RxCpltCallback  drv_usart.o
    0x08001ec0   0x08001ec0   0x00000034   Code   RO         1970    i.HAL_UART_RxHalfCpltCallback  drv_usart.o
    0x08001ef4   0x08001ef4   0x0000009c   Code   RO         4685    i.HAL_UART_Transmit_DMA  stm32f1xx_hal_uart.o
    0x08001f90   0x08001f90   0x00000034   Code   RO         1971    i.HAL_UART_TxCpltCallback  drv_usart.o
    0x08001fc4   0x08001fc4   0x00000002   Code   RO         4688    i.HAL_UART_TxHalfCpltCallback  stm32f1xx_hal_uart.o
    0x08001fc6   0x08001fc6   0x00000002   PAD
    0x08001fc8   0x08001fc8   0x00000028   Code   RO         4279    i.RCC_Delay         stm32f1xx_hal_rcc.o
    0x08001ff0   0x08001ff0   0x00000020   Code   RO         1752    i.SysTick_Handler   drv_common.o
    0x08002010   0x08002010   0x000000a8   Code   RO         1715    i.SystemClock_Config  board.o
    0x080020b8   0x080020b8   0x00000002   Code   RO         4611    i.SystemInit        system_stm32f1xx.o
    0x080020ba   0x080020ba   0x00000014   Code   RO         4689    i.UART_DMAAbortOnError  stm32f1xx_hal_uart.o
    0x080020ce   0x080020ce   0x00000050   Code   RO         4690    i.UART_DMAError     stm32f1xx_hal_uart.o
    0x0800211e   0x0800211e   0x00000068   Code   RO         4691    i.UART_DMAReceiveCplt  stm32f1xx_hal_uart.o
    0x08002186   0x08002186   0x00000020   Code   RO         4693    i.UART_DMARxHalfCplt  stm32f1xx_hal_uart.o
    0x080021a6   0x080021a6   0x00000036   Code   RO         4695    i.UART_DMATransmitCplt  stm32f1xx_hal_uart.o
    0x080021dc   0x080021dc   0x0000000e   Code   RO         4697    i.UART_DMATxHalfCplt  stm32f1xx_hal_uart.o
    0x080021ea   0x080021ea   0x00000036   Code   RO         4699    i.UART_EndRxTransfer  stm32f1xx_hal_uart.o
    0x08002220   0x08002220   0x00000020   Code   RO         4700    i.UART_EndTransmit_IT  stm32f1xx_hal_uart.o
    0x08002240   0x08002240   0x00000014   Code   RO         4701    i.UART_EndTxTransfer  stm32f1xx_hal_uart.o
    0x08002254   0x08002254   0x000000e4   Code   RO         4702    i.UART_Receive_IT   stm32f1xx_hal_uart.o
    0x08002338   0x08002338   0x000000fc   Code   RO         4703    i.UART_SetConfig    stm32f1xx_hal_uart.o
    0x08002434   0x08002434   0x00000098   Code   RO         4704    i.UART_Start_Receive_DMA  stm32f1xx_hal_uart.o
    0x080024cc   0x080024cc   0x00000060   Code   RO         4706    i.UART_Transmit_IT  stm32f1xx_hal_uart.o
    0x0800252c   0x0800252c   0x00000018   Code   RO         1972    i.USART1_IRQHandler  drv_usart.o
    0x08002544   0x08002544   0x00000058   Code   RO         1753    i._Error_Handler    drv_common.o
    0x0800259c   0x0800259c   0x00000010   Code   RO         4122    i.__NVIC_GetPriorityGrouping  stm32f1xx_hal_cortex.o
    0x080025ac   0x080025ac   0x00000028   Code   RO         4123    i.__NVIC_SetPriority  stm32f1xx_hal_cortex.o
    0x080025d4   0x080025d4   0x00000058   Code   RO          398    i.__rt_libc_exit    cstdlib.o
    0x0800262c   0x0800262c   0x00000050   Code   RO         1973    i._dma_tx_complete  drv_usart.o
    0x0800267c   0x0800267c   0x0000001c   Code   RO         3209    i._heap_lock        kservice.o
    0x08002698   0x08002698   0x00000038   Code   RO         3210    i._heap_unlock      kservice.o
    0x080026d0   0x080026d0   0x0000001c   Code   RO         2696    i._ipc_list_resume  ipc.o
    0x080026ec   0x080026ec   0x0000009c   Code   RO         2698    i._ipc_list_suspend  ipc.o
    0x08002788   0x08002788   0x00000010   Code   RO         2699    i._ipc_object_init  ipc.o
    0x08002798   0x08002798   0x0000009c   Code   RO         2236    i._msh_exec_cmd     msh.o
    0x08002834   0x08002834   0x00000088   Code   RO         1441    i._pin_cmd          pin.o
    0x080028bc   0x080028bc   0x00000058   Code   RO         1442    i._pin_cmd_conv     pin.o
    0x08002914   0x08002914   0x00000060   Code   RO         1443    i._pin_cmd_get      pin.o
    0x08002974   0x08002974   0x000000f0   Code   RO         1444    i._pin_cmd_mode     pin.o
    0x08002a64   0x08002a64   0x000000f4   Code   RO         1445    i._pin_cmd_print_usage  pin.o
    0x08002b58   0x08002b58   0x0000009c   Code   RO         1446    i._pin_cmd_read     pin.o
    0x08002bf4   0x08002bf4   0x000000b0   Code   RO         1447    i._pin_cmd_write    pin.o
    0x08002ca4   0x08002ca4   0x00000048   Code   RO         1448    i._pin_control      pin.o
    0x08002cec   0x08002cec   0x00000054   Code   RO         1449    i._pin_read         pin.o
    0x08002d40   0x08002d40   0x00000054   Code   RO         1450    i._pin_write        pin.o
    0x08002d94   0x08002d94   0x000002e8   Code   RO         2705    i._rt_mutex_take    ipc.o
    0x0800307c   0x0800307c   0x00000210   Code   RO         2706    i._rt_sem_take      ipc.o
    0x0800328c   0x0800328c   0x00000028   Code   RO         3686    i._scheduler_get_highest_priority_thread  scheduler_up.o
    0x080032b4   0x080032b4   0x000000c4   Code   RO         3687    i._scheduler_stack_check  scheduler_up.o
    0x08003378   0x08003378   0x00000040   Code   RO         1555    i._serial_check_buffer_size  serial.o
    0x080033b8   0x080033b8   0x00000194   Code   RO         1556    i._serial_dma_rx    serial.o
    0x0800354c   0x0800354c   0x0000005c   Code   RO         1557    i._serial_dma_tx    serial.o
    0x080035a8   0x080035a8   0x00000064   Code   RO         1558    i._serial_fifo_calc_recved_len  serial.o
    0x0800360c   0x0800360c   0x000000b8   Code   RO         1559    i._serial_int_rx    serial.o
    0x080036c4   0x080036c4   0x00000098   Code   RO         1560    i._serial_int_tx    serial.o
    0x0800375c   0x0800375c   0x00000064   Code   RO         1561    i._serial_poll_rx   serial.o
    0x080037c0   0x080037c0   0x00000054   Code   RO         1562    i._serial_poll_tx   serial.o
    0x08003814   0x08003814   0x0000000e   Code   RO          235    i._sys_exit         syscalls.o
    0x08003822   0x08003822   0x00000034   Code   RO         3771    i._thread_exit      thread.o
    0x08003856   0x08003856   0x00000038   Code   RO         2707    i._thread_get_mutex_priority  ipc.o
    0x0800388e   0x0800388e   0x00000002   PAD
    0x08003890   0x08003890   0x000000e4   Code   RO         3772    i._thread_init      thread.o
    0x08003974   0x08003974   0x00000084   Code   RO         3773    i._thread_timeout   thread.o
    0x080039f8   0x080039f8   0x0000009e   Code   RO         2708    i._thread_update_priority  ipc.o
    0x08003a96   0x08003a96   0x00000042   Code   RO         3929    i._timer_init       timer.o
    0x08003ad8   0x08003ad8   0x00000038   Code   RO         3930    i._timer_list_next_timeout  timer.o
    0x08003b10   0x08003b10   0x0000001c   Code   RO         3931    i._timer_remove     timer.o
    0x08003b2c   0x08003b2c   0x0000004c   Code   RO         3932    i._timer_thread_entry  timer.o
    0x08003b78   0x08003b78   0x0000001e   Code   RO         1861    i.bit2bitno         drv_gpio.o
    0x08003b96   0x08003b96   0x00000002   PAD
    0x08003b98   0x08003b98   0x000000fc   Code   RO          837    i.bus_fault_track   cpuport.o
    0x08003c94   0x08003c94   0x00000014   Code   RO         2324    i.clear             cmd.o
    0x08003ca8   0x08003ca8   0x00000080   Code   RO         2237    i.cmd_free          msh.o
    0x08003d28   0x08003d28   0x00000274   Code   RO         2325    i.cmd_list          cmd.o
    0x08003f9c   0x08003f9c   0x0000000e   Code   RO         2238    i.cmd_ps            msh.o
    0x08003faa   0x08003faa   0x00000002   PAD
    0x08003fac   0x08003fac   0x000000bc   Code   RO         1974    i.dma_recv_isr      drv_usart.o
    0x08004068   0x08004068   0x0000005c   Code   RO         2119    i.finsh_get_prompt  shell.o
    0x080040c4   0x080040c4   0x00000084   Code   RO         2121    i.finsh_getchar     shell.o
    0x08004148   0x08004148   0x00000040   Code   RO         2122    i.finsh_rx_ind      shell.o
    0x08004188   0x08004188   0x000000e0   Code   RO         2123    i.finsh_set_device  shell.o
    0x08004268   0x08004268   0x00000048   Code   RO         2126    i.finsh_set_prompt_mode  shell.o
    0x080042b0   0x080042b0   0x00000014   Code   RO         2127    i.finsh_system_function_init  shell.o
    0x080042c4   0x080042c4   0x0000009c   Code   RO         2128    i.finsh_system_init  shell.o
    0x08004360   0x08004360   0x00000500   Code   RO         2129    i.finsh_thread_entry  shell.o
    0x08004860   0x08004860   0x00000080   Code   RO          838    i.hard_fault_track  cpuport.o
    0x080048e0   0x080048e0   0x00000024   Code   RO         2638    i.idle_thread_entry  idle.o
    0x08004904   0x08004904   0x0000012c   Code   RO         2326    i.list_device       cmd.o
    0x08004a30   0x08004a30   0x0000014c   Code   RO         2327    i.list_event        cmd.o
    0x08004b7c   0x08004b7c   0x0000002a   Code   RO         2328    i.list_find_init    cmd.o
    0x08004ba6   0x08004ba6   0x00000088   Code   RO         2329    i.list_get_next     cmd.o
    0x08004c2e   0x08004c2e   0x00000002   PAD
    0x08004c30   0x08004c30   0x0000015c   Code   RO         2330    i.list_mailbox      cmd.o
    0x08004d8c   0x08004d8c   0x00000178   Code   RO         2331    i.list_mempool      cmd.o
    0x08004f04   0x08004f04   0x0000014c   Code   RO         2332    i.list_msgqueue     cmd.o
    0x08005050   0x08005050   0x00000198   Code   RO         2333    i.list_mutex        cmd.o
    0x080051e8   0x080051e8   0x00000140   Code   RO         2334    i.list_sem          cmd.o
    0x08005328   0x08005328   0x000001f0   Code   RO         2335    i.list_thread       cmd.o
    0x08005518   0x08005518   0x000001ac   Code   RO         2336    i.list_timer        cmd.o
    0x080056c4   0x080056c4   0x0000002c   Code   RO            4    i.main              main.o
    0x080056f0   0x080056f0   0x0000000e   Code   RO         2485    i.main_thread_entry  components.o
    0x080056fe   0x080056fe   0x00000002   PAD
    0x08005700   0x08005700   0x000000e8   Code   RO          839    i.mem_manage_fault_track  cpuport.o
    0x080057e8   0x080057e8   0x00000084   Code   RO         2239    i.msh_auto_complete  msh.o
    0x0800586c   0x0800586c   0x0000006c   Code   RO         2240    i.msh_exec          msh.o
    0x080058d8   0x080058d8   0x00000040   Code   RO         2241    i.msh_get_cmd       msh.o
    0x08005918   0x08005918   0x00000064   Code   RO         2242    i.msh_help          msh.o
    0x0800597c   0x0800597c   0x0000003c   Code   RO         2298    i.msh_isint         msh_parse.o
    0x080059b8   0x080059b8   0x000000f0   Code   RO         2243    i.msh_split         msh.o
    0x08005aa8   0x08005aa8   0x0000001c   Code   RO         2337    i.object_split      cmd.o
    0x08005ac4   0x08005ac4   0x000000e8   Code   RO         3448    i.plug_holes        mem.o
    0x08005bac   0x08005bac   0x0000022c   Code   RO         3212    i.print_number      kservice.o
    0x08005dd8   0x08005dd8   0x0000000c   Code   RO         1754    i.reboot            drv_common.o
    0x08005de4   0x08005de4   0x00000050   Code   RO         2486    i.rt_application_init  components.o
    0x08005e34   0x08005e34   0x00000074   Code   RO         3213    i.rt_assert_handler  kservice.o
    0x08005ea8   0x08005ea8   0x00000022   Code   RO         3215    i.rt_calloc         kservice.o
    0x08005eca   0x08005eca   0x00000002   PAD
    0x08005ecc   0x08005ecc   0x00000068   Code   RO          900    i.rt_completion_done  completion.o
    0x08005f34   0x08005f34   0x00000048   Code   RO          901    i.rt_completion_init  completion.o
    0x08005f7c   0x08005f7c   0x00000224   Code   RO          902    i.rt_completion_wait  completion.o
    0x080061a0   0x080061a0   0x0000001c   Code   RO         2487    i.rt_components_board_init  components.o
    0x080061bc   0x080061bc   0x0000001c   Code   RO         2488    i.rt_components_init  components.o
    0x080061d8   0x080061d8   0x0000000c   Code   RO         3216    i.rt_console_get_device  kservice.o
    0x080061e4   0x080061e4   0x0000003c   Code   RO         3217    i.rt_console_set_device  kservice.o
    0x08006220   0x08006220   0x0000000c   Code   RO         3688    i.rt_critical_level  scheduler_up.o
    0x0800622c   0x0800622c   0x00000084   Code   RO          933    i.rt_data_queue_deinit  dataqueue.o
    0x080062b0   0x080062b0   0x000000a4   Code   RO          934    i.rt_data_queue_init  dataqueue.o
    0x08006354   0x08006354   0x000000b4   Code   RO          935    i.rt_data_queue_len  dataqueue.o
    0x08006408   0x08006408   0x000000a4   Code   RO          936    i.rt_data_queue_peek  dataqueue.o
    0x080064ac   0x080064ac   0x000002e8   Code   RO          937    i.rt_data_queue_pop  dataqueue.o
    0x08006794   0x08006794   0x00000284   Code   RO          938    i.rt_data_queue_push  dataqueue.o
    0x08006a18   0x08006a18   0x000000f8   Code   RO          939    i.rt_data_queue_reset  dataqueue.o
    0x08006b10   0x08006b10   0x00000040   Code   RO         2639    i.rt_defunct_execute  idle.o
    0x08006b50   0x08006b50   0x000000ac   Code   RO         2553    i.rt_device_close   device.o
    0x08006bfc   0x08006bfc   0x0000000e   Code   RO         2557    i.rt_device_find    device.o
    0x08006c0a   0x08006c0a   0x00000002   PAD
    0x08006c0c   0x08006c0c   0x00000148   Code   RO         2559    i.rt_device_open    device.o
    0x08006d54   0x08006d54   0x00000048   Code   RO         1451    i.rt_device_pin_register  pin.o
    0x08006d9c   0x08006d9c   0x000000b4   Code   RO         2560    i.rt_device_read    device.o
    0x08006e50   0x08006e50   0x00000034   Code   RO         2561    i.rt_device_register  device.o
    0x08006e84   0x08006e84   0x00000080   Code   RO         2562    i.rt_device_set_rx_indicate  device.o
    0x08006f04   0x08006f04   0x000000b4   Code   RO         2565    i.rt_device_write   device.o
    0x08006fb8   0x08006fb8   0x0000000c   Code   RO         1563    i.rt_dma_calc_recved_len  serial.o
    0x08006fc4   0x08006fc4   0x0000009c   Code   RO         1564    i.rt_dma_recv_update_get_index  serial.o
    0x08007060   0x08007060   0x000000a8   Code   RO         1565    i.rt_dma_recv_update_put_index  serial.o
    0x08007108   0x08007108   0x00000020   Code   RO         3689    i.rt_enter_critical  scheduler_up.o
    0x08007128   0x08007128   0x00000044   Code   RO         3690    i.rt_exit_critical  scheduler_up.o
    0x0800716c   0x0800716c   0x00000034   Code   RO         3218    i.rt_free           kservice.o
    0x080071a0   0x080071a0   0x00000038   Code   RO         1755    i.rt_hw_board_init  drv_common.o
    0x080071d8   0x080071d8   0x00000002   Code   RO         3222    i.rt_hw_console_output  kservice.o
    0x080071da   0x080071da   0x00000002   PAD
    0x080071dc   0x080071dc   0x00000010   Code   RO          840    i.rt_hw_cpu_reset   cpuport.o
    0x080071ec   0x080071ec   0x00000208   Code   RO          843    i.rt_hw_hard_fault_exception  cpuport.o
    0x080073f4   0x080073f4   0x000000a0   Code   RO         1862    i.rt_hw_pin_init    drv_gpio.o
    0x08007494   0x08007494   0x000001ec   Code   RO         1566    i.rt_hw_serial_isr  serial.o
    0x08007680   0x08007680   0x00000080   Code   RO         1567    i.rt_hw_serial_register  serial.o
    0x08007700   0x08007700   0x0000004c   Code   RO          844    i.rt_hw_stack_init  cpuport.o
    0x0800774c   0x0800774c   0x0000005c   Code   RO         1756    i.rt_hw_systick_init  drv_common.o
    0x080077a8   0x080077a8   0x000000c4   Code   RO         1975    i.rt_hw_usart_init  drv_usart.o
    0x0800786c   0x0800786c   0x00000038   Code   RO         3170    i.rt_interrupt_enter  irq.o
    0x080078a4   0x080078a4   0x0000001c   Code   RO         3172    i.rt_interrupt_get_nest  irq.o
    0x080078c0   0x080078c0   0x00000038   Code   RO         3173    i.rt_interrupt_leave  irq.o
    0x080078f8   0x080078f8   0x00000050   Code   RO         3225    i.rt_kprintf        kservice.o
    0x08007948   0x08007948   0x00000006   Code   RO          940    i.rt_list_init      dataqueue.o
    0x0800794e   0x0800794e   0x00000006   Code   RO         2718    i.rt_list_init      ipc.o
    0x08007954   0x08007954   0x00000006   Code   RO         3774    i.rt_list_init      thread.o
    0x0800795a   0x0800795a   0x00000006   Code   RO         3933    i.rt_list_init      timer.o
    0x08007960   0x08007960   0x0000000e   Code   RO         2719    i.rt_list_insert_after  ipc.o
    0x0800796e   0x0800796e   0x0000000e   Code   RO         3563    i.rt_list_insert_after  object.o
    0x0800797c   0x0800797c   0x0000000e   Code   RO         3934    i.rt_list_insert_after  timer.o
    0x0800798a   0x0800798a   0x0000000e   Code   RO          941    i.rt_list_insert_before  dataqueue.o
    0x08007998   0x08007998   0x0000000e   Code   RO         2720    i.rt_list_insert_before  ipc.o
    0x080079a6   0x080079a6   0x00000010   Code   RO          903    i.rt_list_isempty   completion.o
    0x080079b6   0x080079b6   0x00000010   Code   RO          942    i.rt_list_isempty   dataqueue.o
    0x080079c6   0x080079c6   0x00000010   Code   RO         2338    i.rt_list_isempty   cmd.o
    0x080079d6   0x080079d6   0x00000010   Code   RO         2721    i.rt_list_isempty   ipc.o
    0x080079e6   0x080079e6   0x00000010   Code   RO         3935    i.rt_list_isempty   timer.o
    0x080079f6   0x080079f6   0x00000014   Code   RO         2339    i.rt_list_len       cmd.o
    0x08007a0a   0x08007a0a   0x00000012   Code   RO         2722    i.rt_list_remove    ipc.o
    0x08007a1c   0x08007a1c   0x00000012   Code   RO         3564    i.rt_list_remove    object.o
    0x08007a2e   0x08007a2e   0x00000012   Code   RO         3775    i.rt_list_remove    thread.o
    0x08007a40   0x08007a40   0x00000012   Code   RO         3936    i.rt_list_remove    timer.o
    0x08007a52   0x08007a52   0x00000002   PAD
    0x08007a54   0x08007a54   0x0000003c   Code   RO         3227    i.rt_malloc         kservice.o
    0x08007a90   0x08007a90   0x00000080   Code   RO         3231    i.rt_memcpy         kservice.o
    0x08007b10   0x08007b10   0x00000042   Code   RO         3232    i.rt_memmove        kservice.o
    0x08007b52   0x08007b52   0x00000002   PAD
    0x08007b54   0x08007b54   0x00000044   Code   RO         3233    i.rt_memory_info    kservice.o
    0x08007b98   0x08007b98   0x00000060   Code   RO         3234    i.rt_memset         kservice.o
    0x08007bf8   0x08007bf8   0x00000060   Code   RO         2757    i.rt_mutex_drop_thread  ipc.o
    0x08007c58   0x08007c58   0x00000060   Code   RO         2759    i.rt_mutex_init     ipc.o
    0x08007cb8   0x08007cb8   0x000001f0   Code   RO         2760    i.rt_mutex_release  ipc.o
    0x08007ea8   0x08007ea8   0x00000012   Code   RO         2762    i.rt_mutex_take     ipc.o
    0x08007eba   0x08007eba   0x00000002   PAD
    0x08007ebc   0x08007ebc   0x000000ec   Code   RO         3565    i.rt_object_allocate  object.o
    0x08007fa8   0x08007fa8   0x000000a0   Code   RO         3567    i.rt_object_delete  object.o
    0x08008048   0x08008048   0x0000005c   Code   RO         3568    i.rt_object_detach  object.o
    0x080080a4   0x080080a4   0x000000ac   Code   RO         3570    i.rt_object_find    object.o
    0x08008150   0x08008150   0x00000028   Code   RO         3571    i.rt_object_get_information  object.o
    0x08008178   0x08008178   0x00000034   Code   RO         3574    i.rt_object_get_type  object.o
    0x080081ac   0x080081ac   0x000000b8   Code   RO         3575    i.rt_object_init    object.o
    0x08008264   0x08008264   0x0000003c   Code   RO         3576    i.rt_object_is_systemobject  object.o
    0x080082a0   0x080082a0   0x00000060   Code   RO         1454    i.rt_pin_get        pin.o
    0x08008300   0x08008300   0x00000048   Code   RO         1456    i.rt_pin_mode       pin.o
    0x08008348   0x08008348   0x00000044   Code   RO         1457    i.rt_pin_read       pin.o
    0x0800838c   0x0800838c   0x00000048   Code   RO         1458    i.rt_pin_write      pin.o
    0x080083d4   0x080083d4   0x00000160   Code   RO         3691    i.rt_schedule       scheduler_up.o
    0x08008534   0x08008534   0x000000c4   Code   RO         3692    i.rt_schedule_insert_thread  scheduler_up.o
    0x080085f8   0x080085f8   0x00000080   Code   RO         3693    i.rt_schedule_remove_thread  scheduler_up.o
    0x08008678   0x08008678   0x000000bc   Code   RO         2770    i.rt_sem_init       ipc.o
    0x08008734   0x08008734   0x000000a8   Code   RO         2771    i.rt_sem_release    ipc.o
    0x080087dc   0x080087dc   0x00000012   Code   RO         2772    i.rt_sem_take       ipc.o
    0x080087ee   0x080087ee   0x00000002   PAD
    0x080087f0   0x080087f0   0x000001ac   Code   RO         1568    i.rt_serial_close   serial.o
    0x0800899c   0x0800899c   0x000000c4   Code   RO         1569    i.rt_serial_control  serial.o
    0x08008a60   0x08008a60   0x00000054   Code   RO         1570    i.rt_serial_init    serial.o
    0x08008ab4   0x08008ab4   0x000002ac   Code   RO         1571    i.rt_serial_open    serial.o
    0x08008d60   0x08008d60   0x0000006c   Code   RO         1572    i.rt_serial_read    serial.o
    0x08008dcc   0x08008dcc   0x0000006c   Code   RO         1573    i.rt_serial_write   serial.o
    0x08008e38   0x08008e38   0x0000002c   Code   RO         3236    i.rt_set_errno      kservice.o
    0x08008e64   0x08008e64   0x000000c4   Code   RO         3237    i.rt_show_version   kservice.o
    0x08008f28   0x08008f28   0x00000278   Code   RO         3449    i.rt_smem_alloc     mem.o
    0x080091a0   0x080091a0   0x000001a4   Code   RO         3451    i.rt_smem_free      mem.o
    0x08009344   0x08009344   0x000000f4   Code   RO         3452    i.rt_smem_init      mem.o
    0x08009438   0x08009438   0x00000028   Code   RO         3238    i.rt_snprintf       kservice.o
    0x08009460   0x08009460   0x000000f4   Code   RO         3937    i.rt_soft_timer_check  timer.o
    0x08009554   0x08009554   0x00000020   Code   RO         3241    i.rt_strerror       kservice.o
    0x08009574   0x08009574   0x00000078   Code   RO         3243    i.rt_system_heap_init  kservice.o
    0x080095ec   0x080095ec   0x00000038   Code   RO         3696    i.rt_system_scheduler_init  scheduler_up.o
    0x08009624   0x08009624   0x00000028   Code   RO         3697    i.rt_system_scheduler_start  scheduler_up.o
    0x0800964c   0x0800964c   0x0000001c   Code   RO         3938    i.rt_system_timer_init  timer.o
    0x08009668   0x08009668   0x00000054   Code   RO         3939    i.rt_system_timer_thread_init  timer.o
    0x080096bc   0x080096bc   0x000000d4   Code   RO         3776    i.rt_thread_control  thread.o
    0x08009790   0x08009790   0x00000050   Code   RO         3777    i.rt_thread_create  thread.o
    0x080097e0   0x080097e0   0x0000003c   Code   RO         2640    i.rt_thread_defunct_dequeue  idle.o
    0x0800981c   0x0800981c   0x0000001c   Code   RO         2641    i.rt_thread_defunct_enqueue  idle.o
    0x08009838   0x08009838   0x0000000c   Code   RO         3778    i.rt_thread_delay   thread.o
    0x08009844   0x08009844   0x000000f8   Code   RO         3780    i.rt_thread_delete  thread.o
    0x0800993c   0x0800993c   0x000000ec   Code   RO         3781    i.rt_thread_detach  thread.o
    0x08009a28   0x08009a28   0x00000070   Code   RO         2644    i.rt_thread_idle_init  idle.o
    0x08009a98   0x08009a98   0x00000080   Code   RO         3783    i.rt_thread_init    thread.o
    0x08009b18   0x08009b18   0x00000014   Code   RO         3785    i.rt_thread_mdelay  thread.o
    0x08009b2c   0x08009b2c   0x0000009c   Code   RO         3786    i.rt_thread_resume  thread.o
    0x08009bc8   0x08009bc8   0x0000000c   Code   RO         3788    i.rt_thread_self    thread.o
    0x08009bd4   0x08009bd4   0x0000006c   Code   RO         3789    i.rt_thread_set_suspend_state  thread.o
    0x08009c40   0x08009c40   0x000001b4   Code   RO         3790    i.rt_thread_sleep   thread.o
    0x08009df4   0x08009df4   0x000000bc   Code   RO         3791    i.rt_thread_startup  thread.o
    0x08009eb0   0x08009eb0   0x000000ec   Code   RO         3794    i.rt_thread_suspend_with_flag  thread.o
    0x08009f9c   0x08009f9c   0x00000038   Code   RO         2440    i.rt_tick_from_millisecond  clock.o
    0x08009fd4   0x08009fd4   0x0000000c   Code   RO         2441    i.rt_tick_get       clock.o
    0x08009fe0   0x08009fe0   0x00000064   Code   RO         2443    i.rt_tick_increase  clock.o
    0x0800a044   0x0800a044   0x000000dc   Code   RO         3940    i.rt_timer_check    timer.o
    0x0800a120   0x0800a120   0x00000138   Code   RO         3941    i.rt_timer_control  timer.o
    0x0800a258   0x0800a258   0x000000e0   Code   RO         3944    i.rt_timer_detach   timer.o
    0x0800a338   0x0800a338   0x000000a4   Code   RO         3947    i.rt_timer_init     timer.o
    0x0800a3dc   0x0800a3dc   0x000001c8   Code   RO         3949    i.rt_timer_start    timer.o
    0x0800a5a4   0x0800a5a4   0x000000c4   Code   RO         3950    i.rt_timer_stop     timer.o
    0x0800a668   0x0800a668   0x00000368   Code   RO         3244    i.rt_vsnprintf      kservice.o
    0x0800a9d0   0x0800a9d0   0x00000004   Code   RO         2489    i.rti_board_end     components.o
    0x0800a9d4   0x0800a9d4   0x00000004   Code   RO         2490    i.rti_board_start   components.o
    0x0800a9d8   0x0800a9d8   0x00000004   Code   RO         2491    i.rti_end           components.o
    0x0800a9dc   0x0800a9dc   0x00000004   Code   RO         2492    i.rti_start         components.o
    0x0800a9e0   0x0800a9e0   0x0000002a   Code   RO         2493    i.rtthread_startup  components.o
    0x0800aa0a   0x0800aa0a   0x00000002   PAD
    0x0800aa0c   0x0800aa0c   0x00000030   Code   RO         2130    i.shell_auto_complete  shell.o
    0x0800aa3c   0x0800aa3c   0x00000030   Code   RO         2131    i.shell_handle_history  shell.o
    0x0800aa6c   0x0800aa6c   0x000000dc   Code   RO         2132    i.shell_push_history  shell.o
    0x0800ab48   0x0800ab48   0x00000038   Code   RO         2340    i.show_wait_queue   cmd.o
    0x0800ab80   0x0800ab80   0x00000026   Code   RO         3246    i.skip_atoi         kservice.o
    0x0800aba6   0x0800aba6   0x00000002   PAD
    0x0800aba8   0x0800aba8   0x0000013c   Code   RO         1976    i.stm32_configure   drv_usart.o
    0x0800ace4   0x0800ace4   0x00000148   Code   RO         1977    i.stm32_control     drv_usart.o
    0x0800ae2c   0x0800ae2c   0x000001bc   Code   RO         1978    i.stm32_dma_config  drv_usart.o
    0x0800afe8   0x0800afe8   0x00000078   Code   RO         1979    i.stm32_dma_transmit  drv_usart.o
    0x0800b060   0x0800b060   0x00000050   Code   RO         1980    i.stm32_getc        drv_usart.o
    0x0800b0b0   0x0800b0b0   0x000000c8   Code   RO         1863    i.stm32_pin_attach_irq  drv_gpio.o
    0x0800b178   0x0800b178   0x00000088   Code   RO         1864    i.stm32_pin_dettach_irq  drv_gpio.o
    0x0800b200   0x0800b200   0x00000076   Code   RO         1865    i.stm32_pin_get     drv_gpio.o
    0x0800b276   0x0800b276   0x00000002   PAD
    0x0800b278   0x0800b278   0x000001c4   Code   RO         1866    i.stm32_pin_irq_enable  drv_gpio.o
    0x0800b43c   0x0800b43c   0x00000084   Code   RO         1867    i.stm32_pin_mode    drv_gpio.o
    0x0800b4c0   0x0800b4c0   0x00000040   Code   RO         1868    i.stm32_pin_read    drv_gpio.o
    0x0800b500   0x0800b500   0x0000003c   Code   RO         1869    i.stm32_pin_write   drv_gpio.o
    0x0800b53c   0x0800b53c   0x00000050   Code   RO         1981    i.stm32_putc        drv_usart.o
    0x0800b58c   0x0800b58c   0x00000010   Code   RO         1982    i.stm32_uart_get_dma_config  drv_usart.o
    0x0800b59c   0x0800b59c   0x00000020   Code   RO         1983    i.stm32_uart_get_mask  drv_usart.o
    0x0800b5bc   0x0800b5bc   0x00000020   Code   RO         2244    i.str_common        msh.o
    0x0800b5dc   0x0800b5dc   0x0000017c   Code   RO         1984    i.uart_isr          drv_usart.o
    0x0800b758   0x0800b758   0x000000e8   Code   RO          845    i.usage_fault_track  cpuport.o
    0x0800b840   0x0800b840   0x0000000a   Code   RO         2341    i.version           cmd.o
    0x0800b84a   0x0800b84a   0x00000002   PAD
    0x0800b84c   0x0800b84c   0x0000002c   Code   RO         5347    locale$$code        c_w.l(lc_ctype_c.o)
    0x0800b878   0x0800b878   0x00000039   Data   RO          904    .constdata          completion.o
    0x0800b8b1   0x0800b8b1   0x00000086   Data   RO          943    .constdata          dataqueue.o
    0x0800b937   0x0800b937   0x00000088   Data   RO         1460    .constdata          pin.o
    0x0800b9bf   0x0800b9bf   0x0000012a   Data   RO         1574    .constdata          serial.o
    0x0800bae9   0x0800bae9   0x00000003   PAD
    0x0800baec   0x0800baec   0x0000005c   Data   RO         1870    .constdata          drv_gpio.o
    0x0800bb48   0x0800bb48   0x00000110   Data   RO         1986    .constdata          drv_usart.o
    0x0800bc58   0x0800bc58   0x00000087   Data   RO         2134    .constdata          shell.o
    0x0800bcdf   0x0800bcdf   0x0000000e   Data   RO         2245    .constdata          msh.o
    0x0800bced   0x0800bced   0x00000003   PAD
    0x0800bcf0   0x0800bcf0   0x0000007c   Data   RO         2342    .constdata          cmd.o
    0x0800bd6c   0x0800bd6c   0x00000014   Data   RO         2494    .constdata          components.o
    0x0800bd80   0x0800bd80   0x000000ba   Data   RO         2566    .constdata          device.o
    0x0800be3a   0x0800be3a   0x00000222   Data   RO         2776    .constdata          ipc.o
    0x0800c05c   0x0800c05c   0x0000004d   Data   RO         3248    .constdata          kservice.o
    0x0800c0a9   0x0800c0a9   0x00000045   Data   RO         3454    .constdata          mem.o
    0x0800c0ee   0x0800c0ee   0x00000080   Data   RO         3580    .constdata          object.o
    0x0800c16e   0x0800c16e   0x0000004b   Data   RO         3699    .constdata          scheduler_up.o
    0x0800c1b9   0x0800c1b9   0x000000e1   Data   RO         3796    .constdata          thread.o
    0x0800c29a   0x0800c29a   0x0000006c   Data   RO         3952    .constdata          timer.o
    0x0800c306   0x0800c306   0x00000018   Data   RO         4612    .constdata          system_stm32f1xx.o
    0x0800c31e   0x0800c31e   0x00000002   PAD
    0x0800c320   0x0800c320   0x0000011c   Data   RO         1461    .conststring        pin.o
    0x0800c43c   0x0800c43c   0x00000063   Data   RO         1575    .conststring        serial.o
    0x0800c49f   0x0800c49f   0x00000001   PAD
    0x0800c4a0   0x0800c4a0   0x00000006   Data   RO         1987    .conststring        drv_usart.o
    0x0800c4a6   0x0800c4a6   0x00000002   PAD
    0x0800c4a8   0x0800c4a8   0x000001e9   Data   RO         2343    .conststring        cmd.o
    0x0800c691   0x0800c691   0x00000003   PAD
    0x0800c694   0x0800c694   0x0000008b   Data   RO         2777    .conststring        ipc.o
    0x0800c71f   0x0800c71f   0x00000001   PAD
    0x0800c720   0x0800c720   0x00000058   Data   RO         3249    .conststring        kservice.o
    0x0800c778   0x0800c778   0x000001a8   Data   RO         3455    .conststring        mem.o
    0x0800c920   0x0800c920   0x00000086   Data   RO         3797    .conststring        thread.o
    0x0800c9a6   0x0800c9a6   0x00000011   Data   RO         1462    .rodata.name        pin.o
    0x0800c9b7   0x0800c9b7   0x00000015   Data   RO         1759    .rodata.name        drv_common.o
    0x0800c9cc   0x0800c9cc   0x00000064   Data   RO         2246    .rodata.name        msh.o
    0x0800ca30   0x0800ca30   0x0000005d   Data   RO         2344    .rodata.name        cmd.o
    0x0800ca8d   0x0800ca8d   0x00000003   PAD
    0x0800ca90   0x0800ca90   0x00000004   Data   RO         2495    .rti_fn.0           components.o
    0x0800ca94   0x0800ca94   0x00000004   Data   RO         2496    .rti_fn.0.end       components.o
    0x0800ca98   0x0800ca98   0x00000004   Data   RO         2497    .rti_fn.1.end       components.o
    0x0800ca9c   0x0800ca9c   0x00000004   Data   RO         2136    .rti_fn.6           shell.o
    0x0800caa0   0x0800caa0   0x00000004   Data   RO         2498    .rti_fn.6.end       components.o
    0x0800caa4   0x0800caa4   0x0000000c   Data   RO         1463    FSymTab             pin.o
    0x0800cab0   0x0800cab0   0x0000000c   Data   RO         1760    FSymTab             drv_common.o
    0x0800cabc   0x0800cabc   0x00000024   Data   RO         2247    FSymTab             msh.o
    0x0800cae0   0x0800cae0   0x00000024   Data   RO         2345    FSymTab             cmd.o
    0x0800cb04   0x0800cb04   0x00000020   Data   RO         5501    Region$$Table       anon$$obj.o
    0x0800cb24   0x0800cb24   0x00000110   Data   RO         5346    locale$$data        c_w.l(lc_ctype_c.o)


    Execution Region RW_IRAM1 (Exec base: 0x20000000, Load base: 0x0800cc34, Size: 0x00000ef8, Max: 0x00005000, ABSOLUTE, COMPRESSED[0x000000ac])

    Exec Addr    Load Addr    Size         Type   Attr      Idx    E Section Name        Object

    0x20000000   COMPRESSED   0x00000010   Data   RW          847    .data               cpuport.o
    0x20000010   COMPRESSED   0x00000004   Data   RW         1576    .data               serial.o
    0x20000014   COMPRESSED   0x00000004   Data   RW         1758    .data               drv_common.o
    0x20000018   COMPRESSED   0x00000104   Data   RW         1871    .data               drv_gpio.o
    0x2000011c   COMPRESSED   0x00000014   Data   RW         1988    .data               drv_usart.o
    0x20000130   COMPRESSED   0x00000010   Data   RW         2135    .data               shell.o
    0x20000140   COMPRESSED   0x00000008   Data   RW         2446    .data               clock.o
    0x20000148   COMPRESSED   0x00000008   Data   RW         2647    .data               idle.o
    0x20000150   COMPRESSED   0x00000009   Data   RW         3175    .data               irq.o
    0x20000159   COMPRESSED   0x00000003   PAD
    0x2000015c   COMPRESSED   0x00000048   Data   RW         3250    .data               kservice.o
    0x200001a4   COMPRESSED   0x000000c4   Data   RW         3581    .data               object.o
    0x20000268   COMPRESSED   0x00000018   Data   RW         3700    .data               scheduler_up.o
    0x20000280   COMPRESSED   0x0000000c   Data   RW         3798    .data               thread.o
    0x2000028c   COMPRESSED   0x00000020   Data   RW         3953    .data               timer.o
    0x200002ac   COMPRESSED   0x00000004   Data   RW         4613    .data               system_stm32f1xx.o
    0x200002b0   COMPRESSED   0x00000009   Data   RW         5039    .data               stm32f1xx_hal.o
    0x200002b9   COMPRESSED   0x00000003   PAD
    0x200002bc        -       0x00000044   Zero   RW         1459    .bss                pin.o
    0x20000300        -       0x00000134   Zero   RW         1985    .bss                drv_usart.o
    0x20000434        -       0x00000081   Zero   RW         2133    .bss                shell.o
    0x200004b5   COMPRESSED   0x00000003   PAD
    0x200004b8        -       0x000001a0   Zero   RW         2646    .bss                idle.o
    0x20000658        -       0x000000ac   Zero   RW         3247    .bss                kservice.o
    0x20000704        -       0x00000100   Zero   RW         3698    .bss                scheduler_up.o
    0x20000804   COMPRESSED   0x00000004   PAD
    0x20000808        -       0x00000290   Zero   RW         3951    .bss                timer.o
    0x20000a98        -       0x00000060   Zero   RW         5353    .bss                c_w.l(libspace.o)
    0x20000af8        -       0x00000000   Zero   RW         1737    HEAP                startup_stm32f103xb.o
    0x20000af8        -       0x00000400   Zero   RW         1736    STACK               startup_stm32f103xb.o


==============================================================================

Image component sizes


      Code (inc. data)   RO Data    RW Data    ZI Data      Debug   Object Name

       168         18          0          0          0        657   board.o
       168         16          0          8          0       2184   clock.o
      4296       1686        742          0          0      17829   cmd.o
       740        278         57          0          0       6239   completion.o
       218         50         36          0          0       5604   components.o
       252         28          0          0          0        776   context_rvds.o
      1472        732          0         16          0       6244   cpuport.o
        88         38          0          0          0        629   cstdlib.o
      2312        732        134          0          0      11800   dataqueue.o
      1054        480        186          0          0       7736   device.o
       344        102         33          4          0      31939   drv_common.o
      1596         68         92        260          0      12349   drv_gpio.o
      2484        470        278         20        308      37967   drv_usart.o
       300         34          0          8        416       6374   idle.o
      2834        656        685          0          0      40676   ipc.o
       140         26          0          9          0       2346   irq.o
      2756        362        165         72        172      17775   kservice.o
        44          0          0          0          0     420833   main.o
      1528        554        493          0          0       6389   mem.o
       974        216        150          0          0       7852   msh.o
        60          0          0          0          0        632   msh_parse.o
      1028        334        128        196          0      10910   object.o
      1756        674        449          0         68      13198   pin.o
      1120        254         75         24        256      10268   scheduler_up.o
      3744        794        397          4          0      16567   serial.o
      2356        316        139         16        129      12318   shell.o
        60         22        236          0       1024        920   startup_stm32f103xb.o
        40          6          0          9          0       3886   stm32f1xx_hal.o
       372         28          0          0          0      30373   stm32f1xx_hal_cortex.o
       670         12          0          0          0       4930   stm32f1xx_hal_dma.o
      1164         64          0          0          0       5132   stm32f1xx_hal_gpio.o
       292         36          0          0          0       2390   stm32f1xx_hal_msp.o
      1784        110          0          0          0       6344   stm32f1xx_hal_rcc.o
       304         14          0          0          0       1580   stm32f1xx_hal_rcc_ex.o
      2126         38          0          0          0      14575   stm32f1xx_hal_uart.o
        14          0          0          0          0        564   syscalls.o
         2          0         24          4          0       1523   system_stm32f1xx.o
      2508        724        359         12          0      16771   thread.o
      2208        598        108         32        656      13187   timer.o
         0          0          0          0          0       2472   workqueue.o

    ----------------------------------------------------------------------
     45418      10570       5016        700       3036     812738   Object Totals
         0          0         32          0          0          0   (incl. Generated)
        42          0         18          6          7          0   (incl. Padding)

    ----------------------------------------------------------------------

      Code (inc. data)   RO Data    RW Data    ZI Data      Debug   Library Member Name

        90          0          0          0          0          0   __dczerorl2.o
         8          0          0          0          0         68   __main.o
         0          0          0          0          0          0   __rtentry.o
        12          0          0          0          0          0   __rtentry2.o
         6          0          0          0          0          0   __rtentry4.o
        52          8          0          0          0          0   __scatter.o
        28          0          0          0          0          0   __scatter_zi.o
        28          0          0          0          0         68   _chval.o
       158          0          0          0          0         92   _strtoul.o
        26          0          0          0          0         80   atoi.o
        18          0          0          0          0         80   exit.o
         6          0          0          0          0        152   heapauxi.o
        44         10        272          0          0         76   lc_ctype_c.o
         2          0          0          0          0          0   libinit.o
        20          0          0          0          0          0   libinit2.o
         2          0          0          0          0          0   libshutdown.o
         2          0          0          0          0          0   libshutdown2.o
         8          4          0          0         96         68   libspace.o
        88          0          0          0          0         76   memcmp.o
        16          4          0          0          0         76   rt_ctype_table.o
         8          4          0          0          0         68   rt_errno_addr_intlibspace.o
         8          4          0          0          0         68   rt_locale_intlibspace.o
        68          0          0          0          0         68   rt_memclr.o
        78          0          0          0          0         80   rt_memclr_w.o
         2          0          0          0          0          0   rtexit.o
        10          0          0          0          0          0   rtexit2.o
        24          0          0          0          0         68   strcat.o
       128          0          0          0          0         68   strcmpv7m.o
        72          0          0          0          0         80   strcpy.o
        62          0          0          0          0         76   strlen.o
        36          0          0          0          0         76   strncat.o
       150          0          0          0          0         80   strncmp.o
        86          0          0          0          0         76   strncpy.o
       112          0          0          0          0         88   strtol.o
        74          0          0          0          0         80   sys_stackheap_outer.o
        30          0          0          0          0         76   toupper.o
         2          0          0          0          0         68   use_no_semi.o

    ----------------------------------------------------------------------
      1570         34        272          0         96       1956   Library Totals
         6          0          0          0          0          0   (incl. Padding)

    ----------------------------------------------------------------------

      Code (inc. data)   RO Data    RW Data    ZI Data      Debug   Library Name

      1564         34        272          0         96       1956   c_w.l

    ----------------------------------------------------------------------
      1570         34        272          0         96       1956   Library Totals

    ----------------------------------------------------------------------

==============================================================================


      Code (inc. data)   RO Data    RW Data    ZI Data      Debug   

     46988      10604       5288        700       3132     797218   Grand Totals
     46988      10604       5288        172       3132     797218   ELF Image Totals (compressed)
     46988      10604       5288        172          0          0   ROM Totals

==============================================================================

    Total RO  Size (Code + RO Data)                52276 (  51.05kB)
    Total RW  Size (RW Data + ZI Data)              3832 (   3.74kB)
    Total ROM Size (Code + RO Data + RW Data)      52448 (  51.22kB)

==============================================================================

