<html>
<body>
<pre>
<h1>µVision Build Log</h1>
<h2>Tool Versions:</h2>
IDE-Version: ¦ÌVision V5.36.0.0
Copyright (C) 2021 ARM Ltd and ARM Germany GmbH. All rights reserved.
License Information: t j, tj, LIC=ATTQ1-CT4H6-SB1EJ-UTKLQ-ARN74-62XSM
 
Tool Versions:
Toolchain:       MDK-ARM Plus  Version: 5.36.0.0
Toolchain Path:  C:\Keil_v5\ARM\ARMCC\Bin
C Compiler:      Armcc.exe V5.06 update 7 (build 960)
Assembler:       Armasm.exe V5.06 update 7 (build 960)
Linker/Locator:  ArmLink.exe V5.06 update 7 (build 960)
Library Manager: ArmAr.exe V5.06 update 7 (build 960)
Hex Converter:   FromElf.exe V5.06 update 7 (build 960)
CPU DLL:         SARMCM3.DLL V5.36.0.0
Dialog DLL:      DCM.DLL V1.17.3.0
Target DLL:      Segger\JL2CM3.dll V2.99.40.0
Dialog DLL:      TCM.DLL V1.53.0.0
 
<h2>Project:</h2>
C:\Users\tj-wj\Desktop\RT-Thraed\demo_rtthread\project_Env\project.uvprojx
Project File Date:  04/24/2023

<h2>Output:</h2>
*** Using Compiler 'V5.06 update 7 (build 960)', folder: 'C:\Keil_v5\ARM\ARMCC\Bin'
Build target 'rt-thread'
compiling cstdlib.c...
compiling cpuport.c...
compiling cstring.c...
compiling workqueue.c...
compiling syscall_mem.c...
compiling showmem.c...
compiling waitqueue.c...
compiling atomic_arm.c...
compiling completion.c...
compiling syscalls.c...
compiling ringbuffer.c...
compiling ctime.c...
compiling dataqueue.c...
compiling pipe.c...
compiling pin.c...
compiling ringblk_buf.c...
compiling serial.c...
compiling msh_parse.c...
compiling shell.c...
compiling msh.c...
compiling clock.c...
compiling components.c...
compiling cmd.c...
compiling device.c...
compiling irq.c...
compiling idle.c...
compiling mem.c...
compiling mempool.c...
compiling object.c...
compiling kservice.c...
compiling scheduler_up.c...
compiling thread.c...
compiling ipc.c...
compiling timer.c...
compiling main.c...
compiling drv_common.c...
compiling board.c...
compiling drv_gpio.c...
compiling stm32f1xx_hal_msp.c...
compiling drv_usart.c...
linking...
Program Size: Code=46988 RO-data=5288 RW-data=700 ZI-data=3132  
FromELF: creating hex file...
After Build - User command #1: fromelf --bin .\Objects\rt-thread.axf --output rtthread.bin
".\Objects\rt-thread.axf" - 0 Error(s), 0 Warning(s).

<h2>Software Packages used:</h2>

Package Vendor: Keil
                http://www.keil.com/pack/Keil.STM32F1xx_DFP.2.4.0.pack
                Keil.STM32F1xx_DFP.2.4.0
                STMicroelectronics STM32F1 Series Device Support, Drivers and Examples

<h2>Collection of Component include folders:</h2>
  C:\Users\tj-wj\AppData\Local\Arm\Packs\Keil\STM32F1xx_DFP\2.4.0\Device\Include

<h2>Collection of Component Files used:</h2>
Build Time Elapsed:  00:00:02
</pre>
</body>
</html>
