Archive member included to satisfy reference by file (symbol)

c:/users/tj-wj/soft/rt_thread/env-windows-v1.3.5/tools/gnu_gcc/arm_gcc/mingw/bin/../lib/gcc/arm-none-eabi/10.3.1/../../../../arm-none-eabi/lib/thumb/v7-m/nofp\libc.a(lib_a-atoi.o)
                              build\kernel\components\drivers\misc\pin.o (atoi)
c:/users/tj-wj/soft/rt_thread/env-windows-v1.3.5/tools/gnu_gcc/arm_gcc/mingw/bin/../lib/gcc/arm-none-eabi/10.3.1/../../../../arm-none-eabi/lib/thumb/v7-m/nofp\libc.a(lib_a-ctype_.o)
                              build\kernel\components\drivers\misc\pin.o (_ctype_)
c:/users/tj-wj/soft/rt_thread/env-windows-v1.3.5/tools/gnu_gcc/arm_gcc/mingw/bin/../lib/gcc/arm-none-eabi/10.3.1/../../../../arm-none-eabi/lib/thumb/v7-m/nofp\libc.a(lib_a-exit.o)
                              c:/users/tj-wj/soft/rt_thread/env-windows-v1.3.5/tools/gnu_gcc/arm_gcc/mingw/bin/../lib/gcc/arm-none-eabi/10.3.1/../../../../arm-none-eabi/lib/thumb/v7-m/nofp/crt0.o (exit)
c:/users/tj-wj/soft/rt_thread/env-windows-v1.3.5/tools/gnu_gcc/arm_gcc/mingw/bin/../lib/gcc/arm-none-eabi/10.3.1/../../../../arm-none-eabi/lib/thumb/v7-m/nofp\libc.a(lib_a-impure.o)
                              c:/users/tj-wj/soft/rt_thread/env-windows-v1.3.5/tools/gnu_gcc/arm_gcc/mingw/bin/../lib/gcc/arm-none-eabi/10.3.1/../../../../arm-none-eabi/lib/thumb/v7-m/nofp\libc.a(lib_a-exit.o) (_global_impure_ptr)
c:/users/tj-wj/soft/rt_thread/env-windows-v1.3.5/tools/gnu_gcc/arm_gcc/mingw/bin/../lib/gcc/arm-none-eabi/10.3.1/../../../../arm-none-eabi/lib/thumb/v7-m/nofp\libc.a(lib_a-malloc.o)
                              build\kernel\components\libc\compilers\common\cstring.o (malloc)
c:/users/tj-wj/soft/rt_thread/env-windows-v1.3.5/tools/gnu_gcc/arm_gcc/mingw/bin/../lib/gcc/arm-none-eabi/10.3.1/../../../../arm-none-eabi/lib/thumb/v7-m/nofp\libc.a(lib_a-memcmp.o)
                              build\kernel\components\finsh\shell.o (memcmp)
c:/users/tj-wj/soft/rt_thread/env-windows-v1.3.5/tools/gnu_gcc/arm_gcc/mingw/bin/../lib/gcc/arm-none-eabi/10.3.1/../../../../arm-none-eabi/lib/thumb/v7-m/nofp\libc.a(lib_a-memcpy.o)
                              build\kernel\components\libc\compilers\common\cstring.o (memcpy)
c:/users/tj-wj/soft/rt_thread/env-windows-v1.3.5/tools/gnu_gcc/arm_gcc/mingw/bin/../lib/gcc/arm-none-eabi/10.3.1/../../../../arm-none-eabi/lib/thumb/v7-m/nofp\libc.a(lib_a-memset.o)
                              c:/users/tj-wj/soft/rt_thread/env-windows-v1.3.5/tools/gnu_gcc/arm_gcc/mingw/bin/../lib/gcc/arm-none-eabi/10.3.1/../../../../arm-none-eabi/lib/thumb/v7-m/nofp/crt0.o (memset)
c:/users/tj-wj/soft/rt_thread/env-windows-v1.3.5/tools/gnu_gcc/arm_gcc/mingw/bin/../lib/gcc/arm-none-eabi/10.3.1/../../../../arm-none-eabi/lib/thumb/v7-m/nofp\libc.a(lib_a-strchr.o)
                              build\kernel\components\libc\compilers\common\cstring.o (strchr)
c:/users/tj-wj/soft/rt_thread/env-windows-v1.3.5/tools/gnu_gcc/arm_gcc/mingw/bin/../lib/gcc/arm-none-eabi/10.3.1/../../../../arm-none-eabi/lib/thumb/v7-m/nofp\libc.a(lib_a-strcmp.o)
                              build\kernel\components\drivers\misc\pin.o (strcmp)
c:/users/tj-wj/soft/rt_thread/env-windows-v1.3.5/tools/gnu_gcc/arm_gcc/mingw/bin/../lib/gcc/arm-none-eabi/10.3.1/../../../../arm-none-eabi/lib/thumb/v7-m/nofp\libc.a(lib_a-strcpy.o)
                              build\kernel\components\finsh\shell.o (strcpy)
c:/users/tj-wj/soft/rt_thread/env-windows-v1.3.5/tools/gnu_gcc/arm_gcc/mingw/bin/../lib/gcc/arm-none-eabi/10.3.1/../../../../arm-none-eabi/lib/thumb/v7-m/nofp\libc.a(lib_a-strlen-stub.o)
                              libraries\HAL_Drivers\drv_gpio.o (strlen)
c:/users/tj-wj/soft/rt_thread/env-windows-v1.3.5/tools/gnu_gcc/arm_gcc/mingw/bin/../lib/gcc/arm-none-eabi/10.3.1/../../../../arm-none-eabi/lib/thumb/v7-m/nofp\libc.a(lib_a-strncat.o)
                              build\kernel\components\drivers\misc\pin.o (strncat)
c:/users/tj-wj/soft/rt_thread/env-windows-v1.3.5/tools/gnu_gcc/arm_gcc/mingw/bin/../lib/gcc/arm-none-eabi/10.3.1/../../../../arm-none-eabi/lib/thumb/v7-m/nofp\libc.a(lib_a-strncmp.o)
                              build\kernel\components\finsh\msh.o (strncmp)
c:/users/tj-wj/soft/rt_thread/env-windows-v1.3.5/tools/gnu_gcc/arm_gcc/mingw/bin/../lib/gcc/arm-none-eabi/10.3.1/../../../../arm-none-eabi/lib/thumb/v7-m/nofp\libc.a(lib_a-strncpy.o)
                              build\kernel\components\finsh\msh.o (strncpy)
c:/users/tj-wj/soft/rt_thread/env-windows-v1.3.5/tools/gnu_gcc/arm_gcc/mingw/bin/../lib/gcc/arm-none-eabi/10.3.1/../../../../arm-none-eabi/lib/thumb/v7-m/nofp\libc.a(lib_a-strrchr.o)
                              build\kernel\components\libc\compilers\common\cstring.o (strrchr)
c:/users/tj-wj/soft/rt_thread/env-windows-v1.3.5/tools/gnu_gcc/arm_gcc/mingw/bin/../lib/gcc/arm-none-eabi/10.3.1/../../../../arm-none-eabi/lib/thumb/v7-m/nofp\libc.a(lib_a-strtol.o)
[...]
Memory Configuration

Name             Origin             Length             Attributes
ROM              0x08000000         0x00010000         xr
RAM              0x20000000         0x00005000         rw
*default*        0x00000000         0xffffffff

Linker script and memory map

LOAD c:/users/tj-wj/soft/rt_thread/env-windows-v1.3.5/tools/gnu_gcc/arm_gcc/mingw/bin/../lib/gcc/arm-none-eabi/10.3.1/thumb/v7-m/nofp/crti.o
LOAD c:/users/tj-wj/soft/rt_thread/env-windows-v1.3.5/tools/gnu_gcc/arm_gcc/mingw/bin/../lib/gcc/arm-none-eabi/10.3.1/thumb/v7-m/nofp/crtbegin.o
LOAD c:/users/tj-wj/soft/rt_thread/env-windows-v1.3.5/tools/gnu_gcc/arm_gcc/mingw/bin/../lib/gcc/arm-none-eabi/10.3.1/../../../../arm-none-eabi/lib/thumb/v7-m/nofp/crt0.o
LOAD build\applications\main.o
LOAD build\board\CubeMX_Config\Src\stm32f1xx_hal_msp.o
LOAD build\board\board.o
LOAD libraries\HAL_Drivers\drv_common.o
LOAD libraries\HAL_Drivers\drv_gpio.o
LOAD libraries\HAL_Drivers\drv_usart.o
LOAD libraries\STM32F1xx_HAL\CMSIS\Device\ST\STM32F1xx\Source\Templates\gcc\startup_stm32f103xb.o
LOAD libraries\STM32F1xx_HAL\CMSIS\Device\ST\STM32F1xx\Source\Templates\system_stm32f1xx.o
LOAD libraries\STM32F1xx_HAL\STM32F1xx_HAL_Driver\Src\stm32f1xx_hal.o
LOAD libraries\STM32F1xx_HAL\STM32F1xx_HAL_Driver\Src\stm32f1xx_hal_cec.o
LOAD libraries\STM32F1xx_HAL\STM32F1xx_HAL_Driver\Src\stm32f1xx_hal_cortex.o
LOAD libraries\STM32F1xx_HAL\STM32F1xx_HAL_Driver\Src\stm32f1xx_hal_crc.o
LOAD libraries\STM32F1xx_HAL\STM32F1xx_HAL_Driver\Src\stm32f1xx_hal_dma.o
LOAD libraries\STM32F1xx_HAL\STM32F1xx_HAL_Driver\Src\stm32f1xx_hal_gpio.o
LOAD libraries\STM32F1xx_HAL\STM32F1xx_HAL_Driver\Src\stm32f1xx_hal_gpio_ex.o
LOAD libraries\STM32F1xx_HAL\STM32F1xx_HAL_Driver\Src\stm32f1xx_hal_pwr.o
LOAD libraries\STM32F1xx_HAL\STM32F1xx_HAL_Driver\Src\stm32f1xx_hal_rcc.o
LOAD libraries\STM32F1xx_HAL\STM32F1xx_HAL_Driver\Src\stm32f1xx_hal_rcc_ex.o
LOAD libraries\STM32F1xx_HAL\STM32F1xx_HAL_Driver\Src\stm32f1xx_hal_uart.o
LOAD libraries\STM32F1xx_HAL\STM32F1xx_HAL_Driver\Src\stm32f1xx_hal_usart.o
LOAD build\kernel\components\drivers\ipc\completion.o
LOAD build\kernel\components\drivers\ipc\dataqueue.o
LOAD build\kernel\components\drivers\ipc\pipe.o
LOAD build\kernel\components\drivers\ipc\ringblk_buf.o
LOAD build\kernel\components\drivers\ipc\ringbuffer.o
LOAD build\kernel\components\drivers\ipc\waitqueue.o
LOAD build\kernel\components\drivers\ipc\workqueue.o
LOAD build\kernel\components\drivers\misc\pin.o
LOAD build\kernel\components\drivers\serial\serial.o
LOAD build\kernel\components\finsh\cmd.o
LOAD build\kernel\components\finsh\msh.o
LOAD build\kernel\components\finsh\msh_parse.o
LOAD build\kernel\components\finsh\shell.o
LOAD build\kernel\components\libc\compilers\common\cctype.o
LOAD build\kernel\components\libc\compilers\common\cstdio.o
LOAD build\kernel\components\libc\compilers\common\cstdlib.o
LOAD build\kernel\components\libc\compilers\common\cstring.o
LOAD build\kernel\components\libc\compilers\common\ctime.o
LOAD build\kernel\components\libc\compilers\common\cwchar.o
LOAD build\kernel\components\libc\compilers\newlib\syscalls.o
LOAD build\kernel\libcpu\arm\common\atomic_arm.o
LOAD build\kernel\libcpu\arm\common\div0.o
LOAD build\kernel\libcpu\arm\common\showmem.o
LOAD build\kernel\libcpu\arm\cortex-m3\context_gcc.o
LOAD build\kernel\libcpu\arm\cortex-m3\cpuport.o
LOAD build\kernel\src\clock.o
LOAD build\kernel\src\components.o
LOAD build\kernel\src\device.o
LOAD build\kernel\src\idle.o
LOAD build\kernel\src\ipc.o
LOAD build\kernel\src\irq.o
LOAD build\kernel\src\kservice.o
LOAD build\kernel\src\mem.o
LOAD build\kernel\src\mempool.o
LOAD build\kernel\src\object.o
LOAD build\kernel\src\scheduler_up.o
LOAD build\kernel\src\thread.o
LOAD build\kernel\src\timer.o
LOAD c:/users/tj-wj/soft/rt_thread/env-windows-v1.3.5/tools/gnu_gcc/arm_gcc/mingw/bin/../lib/gcc/arm-none-eabi/10.3.1/../../../../arm-none-eabi/lib/thumb/v7-m/nofp\libc.a
LOAD c:/users/tj-wj/soft/rt_thread/env-windows-v1.3.5/tools/gnu_gcc/arm_gcc/mingw/bin/../lib/gcc/arm-none-eabi/10.3.1/../../../../arm-none-eabi/lib/thumb/v7-m/nofp\libm.a
START GROUP
LOAD c:/users/tj-wj/soft/rt_thread/env-windows-v1.3.5/tools/gnu_gcc/arm_gcc/mingw/bin/../lib/gcc/arm-none-eabi/10.3.1/thumb/v7-m/nofp\libgcc.a
LOAD c:/users/tj-wj/soft/rt_thread/env-windows-v1.3.5/tools/gnu_gcc/arm_gcc/mingw/bin/../lib/gcc/arm-none-eabi/10.3.1/../../../../arm-none-eabi/lib/thumb/v7-m/nofp\libc.a
END GROUP
LOAD c:/users/tj-wj/soft/rt_thread/env-windows-v1.3.5/tools/gnu_gcc/arm_gcc/mingw/bin/../lib/gcc/arm-none-eabi/10.3.1/thumb/v7-m/nofp/crtend.o
LOAD c:/users/tj-wj/soft/rt_thread/env-windows-v1.3.5/tools/gnu_gcc/arm_gcc/mingw/bin/../lib/gcc/arm-none-eabi/10.3.1/thumb/v7-m/nofp/crtn.o
                0x00000400                _system_stack_size = 0x400

.text           0x08000000     0xbcac
                0x08000000                . = ALIGN (0x4)
                0x08000000                _stext = .
 *(.isr_vector)
 .isr_vector    0x08000000      0x10c libraries\STM32F1xx_HAL\CMSIS\Device\ST\STM32F1xx\Source\Templates\gcc\startup_stm32f103xb.o
                0x08000000                g_pfnVectors
                0x0800010c                . = ALIGN (0x4)
 *(.text)
 .text          0x0800010c       0x40 c:/users/tj-wj/soft/rt_thread/env-windows-v1.3.5/tools/gnu_gcc/arm_gcc/mingw/bin/../lib/gcc/arm-none-eabi/10.3.1/thumb/v7-m/nofp/crtbegin.o
 .text          0x0800014c      0x108 build\kernel\libcpu\arm\cortex-m3\context_gcc.o
                0x0800014c                rt_hw_interrupt_disable
                0x08000154                rt_hw_interrupt_enable
                0x0800015a                rt_hw_context_switch_interrupt
                0x0800015a                rt_hw_context_switch
                0x0800017a                PendSV_Handler
                0x080001b6                rt_hw_context_switch_to
                0x080001f8                rt_hw_interrupt_thread_switch
                0x080001fc                HardFault_Handler
                0x08000232                rt_hw_interrupt_check
 .text          0x08000254      0x1bc c:/users/tj-wj/soft/rt_thread/env-windows-v1.3.5/tools/gnu_gcc/arm_gcc/mingw/bin/../lib/gcc/arm-none-eabi/10.3.1/../../../../arm-none-eabi/lib/thumb/v7-m/nofp\libc.a(lib_a-strcmp.o)
                0x08000254                strcmp
 *(.text.*)
 .text.startup.main
                0x08000410       0x2c build\applications\main.o
                0x08000410                main
 .text.HAL_MspInit
                0x0800043c       0x44 build\board\CubeMX_Config\Src\stm32f1xx_hal_msp.o
                0x0800043c                HAL_MspInit
 .text.HAL_UART_MspInit
                0x08000480       0xd0 build\board\CubeMX_Config\Src\stm32f1xx_hal_msp.o
                0x08000480                HAL_UART_MspInit
 .text.HAL_UART_MspDeInit
                0x08000550       0x48 build\board\CubeMX_Config\Src\stm32f1xx_hal_msp.o
                0x08000550                HAL_UART_MspDeInit
 .text.SystemClock_Config
                0x08000598       0x9c build\board\board.o
                0x08000598                SystemClock_Config
 .text.reboot   0x08000634        0x4 libraries\HAL_Drivers\drv_common.o
 .text.SysTick_Handler
                0x08000638       0x30 libraries\HAL_Drivers\drv_common.o
                0x08000638                SysTick_Handler
 .text.HAL_GetTick
                0x08000668       0x24 libraries\HAL_Drivers\drv_common.o
                0x08000668                HAL_GetTick
 .text.HAL_InitTick
                0x0800068c       0x38 libraries\HAL_Drivers\drv_common.o
                0x0800068c                HAL_InitTick
 .text._Error_Handler
                0x080006c4       0x2c libraries\HAL_Drivers\drv_common.o
                0x080006c4                _Error_Handler
 .text.rt_hw_board_init
                0x080006f0       0x34 libraries\HAL_Drivers\drv_common.o
                0x080006f0                rt_hw_board_init
 .text.stm32_pin_get
                0x08000724       0x5c libraries\HAL_Drivers\drv_gpio.o
 .text.stm32_pin_dettach_irq
                0x08000780       0x64 libraries\HAL_Drivers\drv_gpio.o
 .text.stm32_pin_attach_irq
                0x080007e4       0x98 libraries\HAL_Drivers\drv_gpio.o
 .text.stm32_pin_mode
                0x0800087c       0x58 libraries\HAL_Drivers\drv_gpio.o
 .text.stm32_pin_irq_enable
                0x080008d4      0x160 libraries\HAL_Drivers\drv_gpio.o
 .text.stm32_pin_read
                0x08000a34       0x34 libraries\HAL_Drivers\drv_gpio.o
 .text.stm32_pin_write
                0x08000a68       0x24 libraries\HAL_Drivers\drv_gpio.o
 .text.HAL_GPIO_EXTI_Callback
                0x08000a8c       0x38 libraries\HAL_Drivers\drv_gpio.o
                0x08000a8c                HAL_GPIO_EXTI_Callback
 .text.EXTI0_IRQHandler
                0x08000ac4       0x14 libraries\HAL_Drivers\drv_gpio.o
                0x08000ac4                EXTI0_IRQHandler
 .text.EXTI1_IRQHandler
                0x08000ad8       0x14 libraries\HAL_Drivers\drv_gpio.o
                0x08000ad8                EXTI1_IRQHandler
 .text.EXTI2_IRQHandler
                0x08000aec       0x14 libraries\HAL_Drivers\drv_gpio.o
                0x08000aec                EXTI2_IRQHandler
 .text.EXTI3_IRQHandler
                0x08000b00       0x14 libraries\HAL_Drivers\drv_gpio.o
                0x08000b00                EXTI3_IRQHandler
 .text.EXTI4_IRQHandler
                0x08000b14       0x14 libraries\HAL_Drivers\drv_gpio.o
                0x08000b14                EXTI4_IRQHandler
 .text.EXTI9_5_IRQHandler
                0x08000b28       0x30 libraries\HAL_Drivers\drv_gpio.o
                0x08000b28                EXTI9_5_IRQHandler
 .text.EXTI15_10_IRQHandler
                0x08000b58       0x40 libraries\HAL_Drivers\drv_gpio.o
                0x08000b58                EXTI15_10_IRQHandler
 .text.rt_hw_pin_init
                0x08000b98       0x7c libraries\HAL_Drivers\drv_gpio.o
                0x08000b98                rt_hw_pin_init
 .text.stm32_putc
                0x08000c14       0x34 libraries\HAL_Drivers\drv_usart.o
 .text.stm32_getc
                0x08000c48       0x58 libraries\HAL_Drivers\drv_usart.o
 .text.stm32_control
                0x08000ca0      0x2d4 libraries\HAL_Drivers\drv_usart.o
 .text.stm32_configure
                0x08000f74       0xe0 libraries\HAL_Drivers\drv_usart.o
 .text.stm32_dma_transmit
                0x08001054       0x58 libraries\HAL_Drivers\drv_usart.o
 .text.USART1_IRQHandler
                0x080010ac      0x150 libraries\HAL_Drivers\drv_usart.o
                0x080010ac                USART1_IRQHandler
 .text.HAL_UART_ErrorCallback
                0x080011fc       0x18 libraries\HAL_Drivers\drv_usart.o
                0x080011fc                HAL_UART_ErrorCallback
 .text.HAL_UART_RxCpltCallback
                0x08001214       0x64 libraries\HAL_Drivers\drv_usart.o
                0x08001214                HAL_UART_RxCpltCallback
 .text.HAL_UART_RxHalfCpltCallback
                0x08001278       0x4c libraries\HAL_Drivers\drv_usart.o
                0x08001278                HAL_UART_RxHalfCpltCallback
 .text.HAL_UART_TxCpltCallback
                0x080012c4       0x3c libraries\HAL_Drivers\drv_usart.o
                0x080012c4                HAL_UART_TxCpltCallback
 .text.rt_hw_usart_init
                0x08001300       0x68 libraries\HAL_Drivers\drv_usart.o
                0x08001300                rt_hw_usart_init
 .text.Reset_Handler
                0x08001368       0x48 libraries\STM32F1xx_HAL\CMSIS\Device\ST\STM32F1xx\Source\Templates\gcc\startup_stm32f103xb.o
                0x08001368                Reset_Handler
 .text.Default_Handler
                0x080013b0        0x2 libraries\STM32F1xx_HAL\CMSIS\Device\ST\STM32F1xx\Source\Templates\gcc\startup_stm32f103xb.o
                0x080013b0                RTC_Alarm_IRQHandler
                0x080013b0                DebugMon_Handler
                0x080013b0                TIM1_CC_IRQHandler
                0x080013b0                PVD_IRQHandler
                0x080013b0                NMI_Handler
                0x080013b0                I2C2_EV_IRQHandler
                0x080013b0                UsageFault_Handler
                0x080013b0                ADC1_2_IRQHandler
                0x080013b0                SPI1_IRQHandler
                0x080013b0                TAMPER_IRQHandler
                0x080013b0                DMA1_Channel4_IRQHandler
                0x080013b0                USART3_IRQHandler
                0x080013b0                RTC_IRQHandler
                0x080013b0                DMA1_Channel7_IRQHandler
                0x080013b0                CAN1_RX1_IRQHandler
                0x080013b0                TIM4_IRQHandler
                0x080013b0                I2C1_EV_IRQHandler
                0x080013b0                DMA1_Channel6_IRQHandler
                0x080013b0                TIM3_IRQHandler
                0x080013b0                RCC_IRQHandler
                0x080013b0                TIM1_TRG_COM_IRQHandler
                0x080013b0                DMA1_Channel1_IRQHandler
                0x080013b0                Default_Handler
                0x080013b0                SPI2_IRQHandler
                0x080013b0                MemManage_Handler
                0x080013b0                SVC_Handler
                0x080013b0                DMA1_Channel5_IRQHandler
                0x080013b0                USB_LP_CAN1_RX0_IRQHandler
                0x080013b0                USB_HP_CAN1_TX_IRQHandler
                0x080013b0                DMA1_Channel3_IRQHandler
                0x080013b0                TIM1_UP_IRQHandler
                0x080013b0                WWDG_IRQHandler
                0x080013b0                TIM2_IRQHandler
                0x080013b0                TIM1_BRK_IRQHandler
                0x080013b0                USART2_IRQHandler
                0x080013b0                I2C2_ER_IRQHandler
                0x080013b0                DMA1_Channel2_IRQHandler
                0x080013b0                CAN1_SCE_IRQHandler
                0x080013b0                FLASH_IRQHandler
                0x080013b0                BusFault_Handler
                0x080013b0                I2C1_ER_IRQHandler
                0x080013b0                USBWakeUp_IRQHandler
 *fill*         0x080013b2        0x2 00000000
 .text.SystemInit
                0x080013b4        0x4 libraries\STM32F1xx_HAL\CMSIS\Device\ST\STM32F1xx\Source\Templates\system_stm32f1xx.o
                0x080013b4                SystemInit
 .text.HAL_Init
                0x080013b8       0x24 libraries\STM32F1xx_HAL\STM32F1xx_HAL_Driver\Src\stm32f1xx_hal.o
                0x080013b8                HAL_Init
 .text.HAL_NVIC_SetPriorityGrouping
                0x080013dc       0x24 libraries\STM32F1xx_HAL\STM32F1xx_HAL_Driver\Src\stm32f1xx_hal_cortex.o
                0x080013dc                HAL_NVIC_SetPriorityGrouping
 .text.HAL_NVIC_SetPriority
                0x08001400       0x7c libraries\STM32F1xx_HAL\STM32F1xx_HAL_Driver\Src\stm32f1xx_hal_cortex.o
                0x08001400                HAL_NVIC_SetPriority
 .text.HAL_NVIC_EnableIRQ
                0x0800147c       0x1c libraries\STM32F1xx_HAL\STM32F1xx_HAL_Driver\Src\stm32f1xx_hal_cortex.o
                0x0800147c                HAL_NVIC_EnableIRQ
 .text.HAL_NVIC_DisableIRQ
                0x08001498       0x28 libraries\STM32F1xx_HAL\STM32F1xx_HAL_Driver\Src\stm32f1xx_hal_cortex.o
                0x08001498                HAL_NVIC_DisableIRQ
 .text.HAL_SYSTICK_Config
                0x080014c0       0x30 libraries\STM32F1xx_HAL\STM32F1xx_HAL_Driver\Src\stm32f1xx_hal_cortex.o
                0x080014c0                HAL_SYSTICK_Config
 .text.HAL_DMA_Init
                0x080014f0       0x64 libraries\STM32F1xx_HAL\STM32F1xx_HAL_Driver\Src\stm32f1xx_hal_dma.o
                0x080014f0                HAL_DMA_Init
 .text.HAL_DMA_DeInit
                0x08001554       0x58 libraries\STM32F1xx_HAL\STM32F1xx_HAL_Driver\Src\stm32f1xx_hal_dma.o
                0x08001554                HAL_DMA_DeInit
 .text.HAL_DMA_Start_IT
                0x080015ac       0x90 libraries\STM32F1xx_HAL\STM32F1xx_HAL_Driver\Src\stm32f1xx_hal_dma.o
                0x080015ac                HAL_DMA_Start_IT
 .text.HAL_DMA_Abort
                0x0800163c       0x44 libraries\STM32F1xx_HAL\STM32F1xx_HAL_Driver\Src\stm32f1xx_hal_dma.o
                0x0800163c                HAL_DMA_Abort
 .text.HAL_DMA_Abort_IT
                0x08001680       0x94 libraries\STM32F1xx_HAL\STM32F1xx_HAL_Driver\Src\stm32f1xx_hal_dma.o
                0x08001680                HAL_DMA_Abort_IT
 .text.HAL_GPIO_Init
                0x08001714      0x21c libraries\STM32F1xx_HAL\STM32F1xx_HAL_Driver\Src\stm32f1xx_hal_gpio.o
                0x08001714                HAL_GPIO_Init
 .text.HAL_GPIO_DeInit
                0x08001930      0x110 libraries\STM32F1xx_HAL\STM32F1xx_HAL_Driver\Src\stm32f1xx_hal_gpio.o
                0x08001930                HAL_GPIO_DeInit
 .text.HAL_GPIO_ReadPin
                0x08001a40        0xc libraries\STM32F1xx_HAL\STM32F1xx_HAL_Driver\Src\stm32f1xx_hal_gpio.o
                0x08001a40                HAL_GPIO_ReadPin
 .text.HAL_GPIO_WritePin
                0x08001a4c        0x8 libraries\STM32F1xx_HAL\STM32F1xx_HAL_Driver\Src\stm32f1xx_hal_gpio.o
                0x08001a4c                HAL_GPIO_WritePin
 .text.HAL_GPIO_EXTI_IRQHandler
                0x08001a54       0x18 libraries\STM32F1xx_HAL\STM32F1xx_HAL_Driver\Src\stm32f1xx_hal_gpio.o
                0x08001a54                HAL_GPIO_EXTI_IRQHandler
 .text.HAL_RCC_OscConfig
                0x08001a6c      0x3e0 libraries\STM32F1xx_HAL\STM32F1xx_HAL_Driver\Src\stm32f1xx_hal_rcc.o
                0x08001a6c                HAL_RCC_OscConfig
 .text.HAL_RCC_GetSysClockFreq
                0x08001e4c       0x78 libraries\STM32F1xx_HAL\STM32F1xx_HAL_Driver\Src\stm32f1xx_hal_rcc.o
                0x08001e4c                HAL_RCC_GetSysClockFreq
 .text.HAL_RCC_ClockConfig
                0x08001ec4      0x140 libraries\STM32F1xx_HAL\STM32F1xx_HAL_Driver\Src\stm32f1xx_hal_rcc.o
                0x08001ec4                HAL_RCC_ClockConfig
 .text.HAL_RCC_GetPCLK1Freq
                0x08002004       0x20 libraries\STM32F1xx_HAL\STM32F1xx_HAL_Driver\Src\stm32f1xx_hal_rcc.o
                0x08002004                HAL_RCC_GetPCLK1Freq
 .text.HAL_RCC_GetPCLK2Freq
                0x08002024       0x20 libraries\STM32F1xx_HAL\STM32F1xx_HAL_Driver\Src\stm32f1xx_hal_rcc.o
                0x08002024                HAL_RCC_GetPCLK2Freq
 .text.HAL_RCCEx_PeriphCLKConfig
                0x08002044      0x104 libraries\STM32F1xx_HAL\STM32F1xx_HAL_Driver\Src\stm32f1xx_hal_rcc_ex.o
                0x08002044                HAL_RCCEx_PeriphCLKConfig
 .text.UART_SetConfig
                0x08002148       0x84 libraries\STM32F1xx_HAL\STM32F1xx_HAL_Driver\Src\stm32f1xx_hal_uart.o
 .text.HAL_UART_Init
                0x080021cc       0x60 libraries\STM32F1xx_HAL\STM32F1xx_HAL_Driver\Src\stm32f1xx_hal_uart.o
                0x080021cc                HAL_UART_Init
 .text.HAL_UART_DeInit
                0x0800222c       0x34 libraries\STM32F1xx_HAL\STM32F1xx_HAL_Driver\Src\stm32f1xx_hal_uart.o
                0x0800222c                HAL_UART_DeInit
 .text.HAL_UART_Transmit_DMA
                0x08002260       0x78 libraries\STM32F1xx_HAL\STM32F1xx_HAL_Driver\Src\stm32f1xx_hal_uart.o
                0x08002260                HAL_UART_Transmit_DMA
 .text.UART_DMATransmitCplt
                0x080022d8       0x2c libraries\STM32F1xx_HAL\STM32F1xx_HAL_Driver\Src\stm32f1xx_hal_uart.o
 .text.HAL_UART_TxHalfCpltCallback
                0x08002304        0x4 libraries\STM32F1xx_HAL\STM32F1xx_HAL_Driver\Src\stm32f1xx_hal_uart.o
                0x08002304                HAL_UART_TxHalfCpltCallback
 .text.UART_DMATxHalfCplt
                0x08002308        0xc libraries\STM32F1xx_HAL\STM32F1xx_HAL_Driver\Src\stm32f1xx_hal_uart.o
 .text.UART_DMAError
                0x08002314       0x7c libraries\STM32F1xx_HAL\STM32F1xx_HAL_Driver\Src\stm32f1xx_hal_uart.o
 .text.UART_DMAAbortOnError
                0x08002390       0x10 libraries\STM32F1xx_HAL\STM32F1xx_HAL_Driver\Src\stm32f1xx_hal_uart.o
 .text.HAL_UARTEx_RxEventCallback
                0x080023a0        0x4 libraries\STM32F1xx_HAL\STM32F1xx_HAL_Driver\Src\stm32f1xx_hal_uart.o
                0x080023a0                HAL_UARTEx_RxEventCallback
 .text.UART_DMARxHalfCplt
                0x080023a4       0x1c libraries\STM32F1xx_HAL\STM32F1xx_HAL_Driver\Src\stm32f1xx_hal_uart.o
 .text.UART_DMAReceiveCplt
                0x080023c0       0x54 libraries\STM32F1xx_HAL\STM32F1xx_HAL_Driver\Src\stm32f1xx_hal_uart.o
 .text.UART_Receive_IT.part.0.isra.0
                0x08002414       0xb8 libraries\STM32F1xx_HAL\STM32F1xx_HAL_Driver\Src\stm32f1xx_hal_uart.o
 .text.HAL_UART_IRQHandler
                0x080024cc      0x268 libraries\STM32F1xx_HAL\STM32F1xx_HAL_Driver\Src\stm32f1xx_hal_uart.o
                0x080024cc                HAL_UART_IRQHandler
 .text.UART_Start_Receive_DMA
                0x08002734       0x70 libraries\STM32F1xx_HAL\STM32F1xx_HAL_Driver\Src\stm32f1xx_hal_uart.o
                0x08002734                UART_Start_Receive_DMA
 .text.HAL_UART_Receive_DMA
                0x080027a4       0x38 libraries\STM32F1xx_HAL\STM32F1xx_HAL_Driver\Src\stm32f1xx_hal_uart.o
                0x080027a4                HAL_UART_Receive_DMA
 .text.rt_completion_init
                0x080027dc       0x34 build\kernel\components\drivers\ipc\completion.o
                0x080027dc                rt_completion_init
 .text.rt_completion_wait
                0x08002810      0x170 build\kernel\components\drivers\ipc\completion.o
                0x08002810                rt_completion_wait
 .text.rt_completion_done
                0x08002980       0x54 build\kernel\components\drivers\ipc\completion.o
                0x08002980                rt_completion_done
 .text.rt_data_queue_init
                0x080029d4       0x6c build\kernel\components\drivers\ipc\dataqueue.o
                0x080029d4                rt_data_queue_init
 .text.rt_data_queue_push
                0x08002a40      0x1ec build\kernel\components\drivers\ipc\dataqueue.o
                0x08002a40                rt_data_queue_push
 .text.rt_data_queue_peek
                0x08002c2c       0x74 build\kernel\components\drivers\ipc\dataqueue.o
                0x08002c2c                rt_data_queue_peek
 .text.rt_data_queue_reset
                0x08002ca0       0xac build\kernel\components\drivers\ipc\dataqueue.o
                0x08002ca0                rt_data_queue_reset
 .text.rt_data_queue_deinit
                0x08002d4c       0x54 build\kernel\components\drivers\ipc\dataqueue.o
                0x08002d4c                rt_data_queue_deinit
 .text.rt_data_queue_len
                0x08002da0       0x6c build\kernel\components\drivers\ipc\dataqueue.o
                0x08002da0                rt_data_queue_len
 .text.rt_data_queue_pop
                0x08002e0c      0x25c build\kernel\components\drivers\ipc\dataqueue.o
                0x08002e0c                rt_data_queue_pop
 .text._pin_control
                0x08003068       0x34 build\kernel\components\drivers\misc\pin.o
 .text._pin_cmd_print_usage
                0x0800309c       0x58 build\kernel\components\drivers\misc\pin.o
 .text._pin_write
                0x080030f4       0x38 build\kernel\components\drivers\misc\pin.o
 .text._pin_read
                0x0800312c       0x3c build\kernel\components\drivers\misc\pin.o
 .text.rt_device_pin_register
                0x08003168       0x44 build\kernel\components\drivers\misc\pin.o
                0x08003168                rt_device_pin_register
 .text.rt_pin_mode
                0x080031ac       0x34 build\kernel\components\drivers\misc\pin.o
                0x080031ac                rt_pin_mode
 .text.rt_pin_write
                0x080031e0       0x34 build\kernel\components\drivers\misc\pin.o
                0x080031e0                rt_pin_write
 .text.rt_pin_get
                0x08003214       0x48 build\kernel\components\drivers\misc\pin.o
                0x08003214                rt_pin_get
 .text._pin_cmd_conv
                0x0800325c       0x70 build\kernel\components\drivers\misc\pin.o
 .text._pin_cmd
                0x080032cc      0x238 build\kernel\components\drivers\misc\pin.o
 .text._serial_fifo_calc_recved_len
                0x08003504       0x48 build\kernel\components\drivers\serial\serial.o
 .text.rt_serial_control
                0x0800354c       0xcc build\kernel\components\drivers\serial\serial.o
 .text.rt_serial_init
                0x08003618       0x44 build\kernel\components\drivers\serial\serial.o
 .text.rt_serial_open
                0x0800365c      0x228 build\kernel\components\drivers\serial\serial.o
 .text.rt_serial_write
                0x08003884      0x118 build\kernel\components\drivers\serial\serial.o
 .text.rt_serial_read
                0x0800399c      0x268 build\kernel\components\drivers\serial\serial.o
 .text.rt_serial_close
                0x08003c04      0x140 build\kernel\components\drivers\serial\serial.o
 .text.rt_hw_serial_register
                0x08003d44       0x6c build\kernel\components\drivers\serial\serial.o
                0x08003d44                rt_hw_serial_register
 .text.rt_hw_serial_isr
                0x08003db0      0x250 build\kernel\components\drivers\serial\serial.o
                0x08003db0                rt_hw_serial_isr
 .text.clear    0x08004000       0x10 build\kernel\components\finsh\cmd.o
 .text.version  0x08004010        0xc build\kernel\components\finsh\cmd.o
                0x08004010                version
 .text.list_get_next.part.0
                0x0800401c       0x58 build\kernel\components\finsh\cmd.o
 .text.list_thread
                0x08004074      0x198 build\kernel\components\finsh\cmd.o
                0x08004074                list_thread
 .text.list_sem
                0x0800420c      0x150 build\kernel\components\finsh\cmd.o
                0x0800420c                list_sem
 .text.list_event
                0x0800435c      0x14c build\kernel\components\finsh\cmd.o
                0x0800435c                list_event
 .text.list_mutex
                0x080044a8      0x170 build\kernel\components\finsh\cmd.o
                0x080044a8                list_mutex
 .text.list_mailbox
                0x08004618      0x15c build\kernel\components\finsh\cmd.o
                0x08004618                list_mailbox
 .text.list_msgqueue
                0x08004774      0x150 build\kernel\components\finsh\cmd.o
                0x08004774                list_msgqueue
 .text.list_mempool
                0x080048c4      0x15c build\kernel\components\finsh\cmd.o
                0x080048c4                list_mempool
 .text.list_timer
                0x08004a20      0x11c build\kernel\components\finsh\cmd.o
                0x08004a20                list_timer
 .text.list_device
                0x08004b3c       0xf8 build\kernel\components\finsh\cmd.o
                0x08004b3c                list_device
 .text.cmd_list
                0x08004c34      0x154 build\kernel\components\finsh\cmd.o
                0x08004c34                cmd_list
 .text.msh_help
                0x08004d88       0x48 build\kernel\components\finsh\msh.o
                0x08004d88                msh_help
 .text.cmd_ps   0x08004dd0        0xc build\kernel\components\finsh\msh.o
                0x08004dd0                cmd_ps
 .text.cmd_free
                0x08004ddc       0x50 build\kernel\components\finsh\msh.o
                0x08004ddc                cmd_free
 .text.msh_exec
                0x08004e2c      0x1c0 build\kernel\components\finsh\msh.o
                0x08004e2c                msh_exec
 .text.msh_auto_complete
                0x08004fec       0xe8 build\kernel\components\finsh\msh.o
                0x08004fec                msh_auto_complete
 .text.msh_isint
                0x080050d4       0x34 build\kernel\components\finsh\msh_parse.o
                0x080050d4                msh_isint
 .text.finsh_rx_ind
                0x08005108       0x30 build\kernel\components\finsh\shell.o
 .text.finsh_get_prompt.part.0
                0x08005138       0x40 build\kernel\components\finsh\shell.o
 .text.finsh_system_init
                0x08005178       0xa8 build\kernel\components\finsh\shell.o
                0x08005178                finsh_system_init
 .text.finsh_get_prompt
                0x08005220       0x28 build\kernel\components\finsh\shell.o
                0x08005220                finsh_get_prompt
 .text.finsh_getchar
                0x08005248       0x70 build\kernel\components\finsh\shell.o
                0x08005248                finsh_getchar
 .text.finsh_set_device
                0x080052b8       0x94 build\kernel\components\finsh\shell.o
                0x080052b8                finsh_set_device
 .text.finsh_thread_entry
                0x0800534c      0x46c build\kernel\components\finsh\shell.o
                0x0800534c                finsh_thread_entry
 .text.__libc_init_array
                0x080057b8        0x4 build\kernel\components\libc\compilers\newlib\syscalls.o
                0x080057b8                __libc_init_array
 .text.__errno  0x080057bc        0x4 build\kernel\components\libc\compilers\newlib\syscalls.o
                0x080057bc                __errno
 .text.rt_hw_stack_init
                0x080057c0       0x40 build\kernel\libcpu\arm\cortex-m3\cpuport.o
                0x080057c0                rt_hw_stack_init
 .text.rt_hw_hard_fault_exception
                0x08005800      0x348 build\kernel\libcpu\arm\cortex-m3\cpuport.o
                0x08005800                rt_hw_hard_fault_exception
 .text.rt_hw_cpu_reset
                0x08005b48       0x10 build\kernel\libcpu\arm\cortex-m3\cpuport.o
                0x08005b48                rt_hw_cpu_reset
 .text.__rt_ffs
                0x08005b58       0x14 build\kernel\libcpu\arm\cortex-m3\cpuport.o
                0x08005b58                __rt_ffs
 .text.rt_tick_get
                0x08005b6c        0xc build\kernel\src\clock.o
                0x08005b6c                rt_tick_get
 .text.rt_tick_increase
                0x08005b78       0x60 build\kernel\src\clock.o
                0x08005b78                rt_tick_increase
 .text.rt_tick_from_millisecond
                0x08005bd8       0x3c build\kernel\src\clock.o
                0x08005bd8                rt_tick_from_millisecond
 .text.rti_start
                0x08005c14        0x4 build\kernel\src\components.o
 .text.main_thread_entry
                0x08005c18       0x24 build\kernel\src\components.o
                0x08005c18                main_thread_entry
 .text.rti_end  0x08005c3c        0x4 build\kernel\src\components.o
 .text.rti_board_start
                0x08005c40        0x4 build\kernel\src\components.o
 .text.rti_board_end
                0x08005c44        0x4 build\kernel\src\components.o
 .text.rt_components_board_init
                0x08005c48       0x20 build\kernel\src\components.o
                0x08005c48                rt_components_board_init
 .text.rt_application_init
                0x08005c68       0x50 build\kernel\src\components.o
                0x08005c68                rt_application_init
 .text.entry    0x08005cb8       0x2c build\kernel\src\components.o
                0x08005cb8                entry
 .text.rt_device_register
                0x08005ce4       0x38 build\kernel\src\device.o
                0x08005ce4                rt_device_register
 .text.rt_device_find
                0x08005d1c        0x8 build\kernel\src\device.o
                0x08005d1c                rt_device_find
 .text.rt_device_open
                0x08005d24       0xb8 build\kernel\src\device.o
                0x08005d24                rt_device_open
 .text.rt_device_close
                0x08005ddc       0x64 build\kernel\src\device.o
                0x08005ddc                rt_device_close
 .text.rt_device_read
                0x08005e40       0x78 build\kernel\src\device.o
                0x08005e40                rt_device_read
 .text.rt_device_write
                0x08005eb8       0x78 build\kernel\src\device.o
                0x08005eb8                rt_device_write
 .text.rt_device_set_rx_indicate
                0x08005f30       0x40 build\kernel\src\device.o
                0x08005f30                rt_device_set_rx_indicate
 .text.idle_thread_entry
                0x08005f70       0x7c build\kernel\src\idle.o
 .text.rt_thread_defunct_enqueue
                0x08005fec       0x18 build\kernel\src\idle.o
                0x08005fec                rt_thread_defunct_enqueue
 .text.rt_thread_idle_init
                0x08006004       0x4c build\kernel\src\idle.o
                0x08006004                rt_thread_idle_init
 .text._rt_sem_take
                0x08006050      0x1e0 build\kernel\src\ipc.o
 .text._thread_update_priority
                0x08006230      0x104 build\kernel\src\ipc.o
 .text._rt_mutex_take
                0x08006334      0x5c8 build\kernel\src\ipc.o
 .text.rt_sem_init
                0x080068fc       0x68 build\kernel\src\ipc.o
                0x080068fc                rt_sem_init
 .text.rt_sem_take
                0x08006964        0x8 build\kernel\src\ipc.o
                0x08006964                rt_sem_take
 .text.rt_sem_release
                0x0800696c       0x90 build\kernel\src\ipc.o
                0x0800696c                rt_sem_release
 .text.rt_mutex_init
                0x080069fc       0x4c build\kernel\src\ipc.o
                0x080069fc                rt_mutex_init
 .text.rt_mutex_drop_thread
                0x08006a48      0x158 build\kernel\src\ipc.o
                0x08006a48                rt_mutex_drop_thread
 .text.rt_mutex_take
                0x08006ba0        0x8 build\kernel\src\ipc.o
                0x08006ba0                rt_mutex_take
 .text.rt_mutex_release
                0x08006ba8      0x1d4 build\kernel\src\ipc.o
                0x08006ba8                rt_mutex_release
 .text.rt_interrupt_enter
                0x08006d7c       0x2c build\kernel\src\irq.o
                0x08006d7c                rt_interrupt_enter
 .text.rt_interrupt_leave
                0x08006da8       0x2c build\kernel\src\irq.o
                0x08006da8                rt_interrupt_leave
 .text.rt_interrupt_get_nest
                0x08006dd4       0x18 build\kernel\src\irq.o
                0x08006dd4                rt_interrupt_get_nest
 .text.print_number
                0x08006dec      0x284 build\kernel\src\kservice.o
 .text.rt_strerror
                0x08007070       0x1c build\kernel\src\kservice.o
                0x08007070                rt_strerror
 .text.rt_set_errno
                0x0800708c       0x20 build\kernel\src\kservice.o
                0x0800708c                rt_set_errno
 .text._rt_errno
                0x080070ac       0x1c build\kernel\src\kservice.o
                0x080070ac                _rt_errno
 .text.rt_memset
                0x080070c8       0x94 build\kernel\src\kservice.o
                0x080070c8                rt_memset
 .text.rt_memcpy
                0x0800715c       0xd8 build\kernel\src\kservice.o
                0x0800715c                rt_memcpy
 .text.rt_memmove
                0x08007234       0x38 build\kernel\src\kservice.o
                0x08007234                rt_memmove
 .text.rt_vsnprintf
                0x0800726c      0x3c8 build\kernel\src\kservice.o
                0x0800726c                rt_vsnprintf
 .text.rt_snprintf
                0x08007634       0x1c build\kernel\src\kservice.o
                0x08007634                rt_snprintf
 .text.rt_console_get_device
                0x08007650        0xc build\kernel\src\kservice.o
                0x08007650                rt_console_get_device
 .text.rt_console_set_device
                0x0800765c       0x30 build\kernel\src\kservice.o
                0x0800765c                rt_console_set_device
 .text.rt_hw_console_output
                0x0800768c        0x4 build\kernel\src\kservice.o
                0x0800768c                rt_hw_console_output
 .text.rt_kprintf
                0x08007690       0x4c build\kernel\src\kservice.o
                0x08007690                rt_kprintf
 .text.rt_show_version
                0x080076dc       0x48 build\kernel\src\kservice.o
                0x080076dc                rt_show_version
 .text.rt_system_heap_init
                0x08007724       0x80 build\kernel\src\kservice.o
                0x08007724                rt_system_heap_init
 .text.rt_malloc
                0x080077a4       0x9c build\kernel\src\kservice.o
                0x080077a4                rt_malloc
 .text.rt_calloc
                0x08007840       0x1c build\kernel\src\kservice.o
                0x08007840                rt_calloc
 .text.rt_free  0x0800785c       0x98 build\kernel\src\kservice.o
                0x0800785c                rt_free
 .text.rt_memory_info
                0x080078f4       0x98 build\kernel\src\kservice.o
                0x080078f4                rt_memory_info
 .text.rt_assert_handler
                0x0800798c       0x3c build\kernel\src\kservice.o
                0x0800798c                rt_assert_handler
 .text.plug_holes
                0x080079c8       0x8c build\kernel\src\mem.o
 .text.rt_smem_init
                0x08007a54       0x84 build\kernel\src\mem.o
                0x08007a54                rt_smem_init
 .text.rt_smem_alloc
                0x08007ad8      0x170 build\kernel\src\mem.o
                0x08007ad8                rt_smem_alloc
 .text.rt_smem_free
                0x08007c48      0x104 build\kernel\src\mem.o
                0x08007c48                rt_smem_free
 .text.rt_object_get_information
                0x08007d4c       0x24 build\kernel\src\object.o
                0x08007d4c                rt_object_get_information
 .text.rt_object_init
                0x08007d70       0xc4 build\kernel\src\object.o
                0x08007d70                rt_object_init
 .text.rt_object_detach
                0x08007e34       0x4c build\kernel\src\object.o
                0x08007e34                rt_object_detach
 .text.rt_object_allocate
                0x08007e80       0xc8 build\kernel\src\object.o
                0x08007e80                rt_object_allocate
 .text.rt_object_delete
                0x08007f48       0x6c build\kernel\src\object.o
                0x08007f48                rt_object_delete
 .text.rt_object_is_systemobject
                0x08007fb4       0x2c build\kernel\src\object.o
                0x08007fb4                rt_object_is_systemobject
 .text.rt_object_get_type
                0x08007fe0       0x2c build\kernel\src\object.o
                0x08007fe0                rt_object_get_type
 .text.rt_object_find
                0x0800800c       0x94 build\kernel\src\object.o
                0x0800800c                rt_object_find
 .text.rt_system_scheduler_init
                0x080080a0       0x2c build\kernel\src\scheduler_up.o
                0x080080a0                rt_system_scheduler_init
 .text.rt_schedule_insert_thread
                0x080080cc       0x9c build\kernel\src\scheduler_up.o
                0x080080cc                rt_schedule_insert_thread
 .text.rt_schedule_remove_thread
                0x08008168       0x68 build\kernel\src\scheduler_up.o
                0x08008168                rt_schedule_remove_thread
 .text.rt_system_scheduler_start
                0x080081d0       0x3c build\kernel\src\scheduler_up.o
                0x080081d0                rt_system_scheduler_start
 .text.rt_schedule
                0x0800820c      0x160 build\kernel\src\scheduler_up.o
                0x0800820c                rt_schedule
 .text.rt_enter_critical
                0x0800836c       0x1c build\kernel\src\scheduler_up.o
                0x0800836c                rt_enter_critical
 .text.rt_exit_critical
                0x08008388       0x3c build\kernel\src\scheduler_up.o
                0x08008388                rt_exit_critical
 .text.rt_critical_level
                0x080083c4        0xc build\kernel\src\scheduler_up.o
                0x080083c4                rt_critical_level
 .text._thread_timeout
                0x080083d0       0x7c build\kernel\src\thread.o
 .text._thread_exit
                0x0800844c       0x38 build\kernel\src\thread.o
 .text._thread_init.constprop.0
                0x08008484       0xb0 build\kernel\src\thread.o
 .text.rt_thread_init
                0x08008534       0x74 build\kernel\src\thread.o
                0x08008534                rt_thread_init
 .text.rt_thread_self
                0x080085a8        0xc build\kernel\src\thread.o
                0x080085a8                rt_thread_self
 .text.rt_thread_detach
                0x080085b4       0xa8 build\kernel\src\thread.o
                0x080085b4                rt_thread_detach
 .text.rt_thread_create
                0x0800865c       0x54 build\kernel\src\thread.o
                0x0800865c                rt_thread_create
 .text.rt_thread_delete
                0x080086b0       0xa8 build\kernel\src\thread.o
                0x080086b0                rt_thread_delete
 .text.rt_thread_suspend_with_flag
                0x08008758       0xf4 build\kernel\src\thread.o
                0x08008758                rt_thread_suspend_with_flag
 .text.rt_thread_sleep
                0x0800884c      0x134 build\kernel\src\thread.o
                0x0800884c                rt_thread_sleep
 .text.rt_thread_delay
                0x08008980        0x4 build\kernel\src\thread.o
                0x08008980                rt_thread_delay
 .text.rt_thread_mdelay
                0x08008984       0x10 build\kernel\src\thread.o
                0x08008984                rt_thread_mdelay
 .text.rt_thread_resume
                0x08008994       0x84 build\kernel\src\thread.o
                0x08008994                rt_thread_resume
 .text.rt_thread_startup
                0x08008a18       0x78 build\kernel\src\thread.o
                0x08008a18                rt_thread_startup
 .text.rt_thread_control
                0x08008a90       0xb8 build\kernel\src\thread.o
                0x08008a90                rt_thread_control
 .text.rt_timer_init
                0x08008b48       0x84 build\kernel\src\timer.o
                0x08008b48                rt_timer_init
 .text.rt_timer_detach
                0x08008bcc       0x7c build\kernel\src\timer.o
                0x08008bcc                rt_timer_detach
 .text.rt_timer_start
                0x08008c48      0x10c build\kernel\src\timer.o
                0x08008c48                rt_timer_start
 .text.rt_timer_stop
                0x08008d54       0x80 build\kernel\src\timer.o
                0x08008d54                rt_timer_stop
 .text.rt_timer_control
                0x08008dd4       0xc0 build\kernel\src\timer.o
                0x08008dd4                rt_timer_control
 .text.rt_timer_check
                0x08008e94       0xdc build\kernel\src\timer.o
                0x08008e94                rt_timer_check
 .text.rt_soft_timer_check
                0x08008f70       0xe8 build\kernel\src\timer.o
                0x08008f70                rt_soft_timer_check
 .text._timer_thread_entry
                0x08009058       0x48 build\kernel\src\timer.o
 .text.rt_system_timer_init
                0x080090a0        0xc build\kernel\src\timer.o
                0x080090a0                rt_system_timer_init
 .text.rt_system_timer_thread_init
                0x080090ac       0x4c build\kernel\src\timer.o
                0x080090ac                rt_system_timer_thread_init
 .text.atoi     0x080090f8        0x8 c:/users/tj-wj/soft/rt_thread/env-windows-v1.3.5/tools/gnu_gcc/arm_gcc/mingw/bin/../lib/gcc/arm-none-eabi/10.3.1/../../../../arm-none-eabi/lib/thumb/v7-m/nofp\libc.a(lib_a-atoi.o)
                0x080090f8                atoi
 .text.memcmp   0x08009100       0x68 c:/users/tj-wj/soft/rt_thread/env-windows-v1.3.5/tools/gnu_gcc/arm_gcc/mingw/bin/../lib/gcc/arm-none-eabi/10.3.1/../../../../arm-none-eabi/lib/thumb/v7-m/nofp\libc.a(lib_a-memcmp.o)
                0x08009100                memcmp
 .text.memset   0x08009168       0xa4 c:/users/tj-wj/soft/rt_thread/env-windows-v1.3.5/tools/gnu_gcc/arm_gcc/mingw/bin/../lib/gcc/arm-none-eabi/10.3.1/../../../../arm-none-eabi/lib/thumb/v7-m/nofp\libc.a(lib_a-memset.o)
                0x08009168                memset
 .text.strlen   0x0800920c       0x5c c:/users/tj-wj/soft/rt_thread/env-windows-v1.3.5/tools/gnu_gcc/arm_gcc/mingw/bin/../lib/gcc/arm-none-eabi/10.3.1/../../../../arm-none-eabi/lib/thumb/v7-m/nofp\libc.a(lib_a-strlen-stub.o)
                0x0800920c                strlen
 .text.strncat  0x08009268       0x5c c:/users/tj-wj/soft/rt_thread/env-windows-v1.3.5/tools/gnu_gcc/arm_gcc/mingw/bin/../lib/gcc/arm-none-eabi/10.3.1/../../../../arm-none-eabi/lib/thumb/v7-m/nofp\libc.a(lib_a-strncat.o)
                0x08009268                strncat
 .text.strncmp  0x080092c4       0x7c c:/users/tj-wj/soft/rt_thread/env-windows-v1.3.5/tools/gnu_gcc/arm_gcc/mingw/bin/../lib/gcc/arm-none-eabi/10.3.1/../../../../arm-none-eabi/lib/thumb/v7-m/nofp\libc.a(lib_a-strncmp.o)
                0x080092c4                strncmp
 .text.strncpy  0x08009340       0x68 c:/users/tj-wj/soft/rt_thread/env-windows-v1.3.5/tools/gnu_gcc/arm_gcc/mingw/bin/../lib/gcc/arm-none-eabi/10.3.1/../../../../arm-none-eabi/lib/thumb/v7-m/nofp\libc.a(lib_a-strncpy.o)
                0x08009340                strncpy
 .text._strtol_l.part.0
                0x080093a8      0x120 c:/users/tj-wj/soft/rt_thread/env-windows-v1.3.5/tools/gnu_gcc/arm_gcc/mingw/bin/../lib/gcc/arm-none-eabi/10.3.1/../../../../arm-none-eabi/lib/thumb/v7-m/nofp\libc.a(lib_a-strtol.o)
 .text.strtol   0x080094c8       0x2c c:/users/tj-wj/soft/rt_thread/env-windows-v1.3.5/tools/gnu_gcc/arm_gcc/mingw/bin/../lib/gcc/arm-none-eabi/10.3.1/../../../../arm-none-eabi/lib/thumb/v7-m/nofp\libc.a(lib_a-strtol.o)
                0x080094c8                strtol
 .text.startup.register_fini
                0x080094f4       0x14 c:/users/tj-wj/soft/rt_thread/env-windows-v1.3.5/tools/gnu_gcc/arm_gcc/mingw/bin/../lib/gcc/arm-none-eabi/10.3.1/../../../../arm-none-eabi/lib/thumb/v7-m/nofp\libc.a(lib_a-__call_atexit.o)
 .text.atexit   0x08009508        0xc c:/users/tj-wj/soft/rt_thread/env-windows-v1.3.5/tools/gnu_gcc/arm_gcc/mingw/bin/../lib/gcc/arm-none-eabi/10.3.1/../../../../arm-none-eabi/lib/thumb/v7-m/nofp\libc.a(lib_a-atexit.o)
                0x08009508                atexit
 .text.__libc_fini_array
                0x08009514       0x2c c:/users/tj-wj/soft/rt_thread/env-windows-v1.3.5/tools/gnu_gcc/arm_gcc/mingw/bin/../lib/gcc/arm-none-eabi/10.3.1/../../../../arm-none-eabi/lib/thumb/v7-m/nofp\libc.a(lib_a-fini.o)
                0x08009514                __libc_fini_array
 .text.__retarget_lock_acquire_recursive
                0x08009540        0x4 c:/users/tj-wj/soft/rt_thread/env-windows-v1.3.5/tools/gnu_gcc/arm_gcc/mingw/bin/../lib/gcc/arm-none-eabi/10.3.1/../../../../arm-none-eabi/lib/thumb/v7-m/nofp\libc.a(lib_a-lock.o)
                0x08009540                __retarget_lock_acquire_recursive
 .text.__retarget_lock_release_recursive
                0x08009544        0x4 c:/users/tj-wj/soft/rt_thread/env-windows-v1.3.5/tools/gnu_gcc/arm_gcc/mingw/bin/../lib/gcc/arm-none-eabi/10.3.1/../../../../arm-none-eabi/lib/thumb/v7-m/nofp\libc.a(lib_a-lock.o)
                0x08009544                __retarget_lock_release_recursive
 .text.__register_exitproc
                0x08009548       0x8c c:/users/tj-wj/soft/rt_thread/env-windows-v1.3.5/tools/gnu_gcc/arm_gcc/mingw/bin/../lib/gcc/arm-none-eabi/10.3.1/../../../../arm-none-eabi/lib/thumb/v7-m/nofp\libc.a(lib_a-__atexit.o)
                0x08009548                __register_exitproc
 *(.rodata)
 .rodata        0x080095d4        0x8 libraries\HAL_Drivers\drv_usart.o
 *(.rodata*)
 .rodata.SystemClock_Config.str1.4
                0x080095dc        0xe build\board\board.o
 *fill*         0x080095ea        0x2 00000000
 .rodata._Error_Handler.str1.4
                0x080095ec       0x30 libraries\HAL_Drivers\drv_common.o
                                 0x32 (size before relaxing)
 .rodata.rt_hw_board_init.str1.4
                0x0800961c        0x5 libraries\HAL_Drivers\drv_common.o
 *fill*         0x08009621        0x3 00000000
 .rodata.name   0x08009624       0x17 libraries\HAL_Drivers\drv_common.o
                0x08009624                __fsym_reboot_desc
                0x08009634                __fsym_reboot_name
 *fill*         0x0800963b        0x1 00000000
 .rodata.rt_hw_pin_init.str1.4
                0x0800963c        0x4 libraries\HAL_Drivers\drv_gpio.o
 .rodata._stm32_pin_ops
                0x08009640       0x1c libraries\HAL_Drivers\drv_gpio.o
 .rodata.pin_irq_map
                0x0800965c       0x40 libraries\HAL_Drivers\drv_gpio.o
 .rodata.stm32_putc.str1.4
                0x0800969c       0x12 libraries\HAL_Drivers\drv_usart.o
 *fill*         0x080096ae        0x2 00000000
 .rodata.stm32_control.str1.4
                0x080096b0       0x43 libraries\HAL_Drivers\drv_usart.o
 *fill*         0x080096f3        0x1 00000000
 .rodata.stm32_configure.str1.4
                0x080096f4        0xf libraries\HAL_Drivers\drv_usart.o
 *fill*         0x08009703        0x1 00000000
 .rodata.stm32_dma_transmit.str1.4
                0x08009704        0xf libraries\HAL_Drivers\drv_usart.o
 *fill*         0x08009713        0x1 00000000
 .rodata.HAL_UART_ErrorCallback.str1.4
                0x08009714        0xe libraries\HAL_Drivers\drv_usart.o
 *fill*         0x08009722        0x2 00000000
 .rodata.rt_hw_usart_init.str1.4
                0x08009724       0x11 libraries\HAL_Drivers\drv_usart.o
 *fill*         0x08009735        0x3 00000000
 .rodata.str1.4
                0x08009738        0x6 libraries\HAL_Drivers\drv_usart.o
 *fill*         0x0800973e        0x2 00000000
 .rodata.__FUNCTION__.0
                0x08009740       0x10 libraries\HAL_Drivers\drv_usart.o
 .rodata.__FUNCTION__.1
                0x08009750       0x11 libraries\HAL_Drivers\drv_usart.o
 *fill*         0x08009761        0x3 00000000
 .rodata.__FUNCTION__.10
                0x08009764       0x18 libraries\HAL_Drivers\drv_usart.o
 .rodata.__FUNCTION__.11
                0x0800977c       0x17 libraries\HAL_Drivers\drv_usart.o
 *fill*         0x08009793        0x1 00000000
 .rodata.__FUNCTION__.2
                0x08009794        0xe libraries\HAL_Drivers\drv_usart.o
 *fill*         0x080097a2        0x2 00000000
 .rodata.__FUNCTION__.3
                0x080097a4        0xb libraries\HAL_Drivers\drv_usart.o
 *fill*         0x080097af        0x1 00000000
 .rodata.__FUNCTION__.4
                0x080097b0        0xb libraries\HAL_Drivers\drv_usart.o
 *fill*         0x080097bb        0x1 00000000
 .rodata.__FUNCTION__.5
                0x080097bc       0x13 libraries\HAL_Drivers\drv_usart.o
 *fill*         0x080097cf        0x1 00000000
 .rodata.__FUNCTION__.6
                0x080097d0       0x11 libraries\HAL_Drivers\drv_usart.o
 *fill*         0x080097e1        0x3 00000000
 .rodata.__FUNCTION__.8
                0x080097e4       0x18 libraries\HAL_Drivers\drv_usart.o
 .rodata.__FUNCTION__.9
                0x080097fc       0x1c libraries\HAL_Drivers\drv_usart.o
 .rodata.stm32_uart_ops
                0x08009818       0x14 libraries\HAL_Drivers\drv_usart.o
 .rodata.AHBPrescTable
                0x0800982c       0x10 libraries\STM32F1xx_HAL\CMSIS\Device\ST\STM32F1xx\Source\Templates\system_stm32f1xx.o
                0x0800982c                AHBPrescTable
 .rodata.APBPrescTable
                0x0800983c        0x8 libraries\STM32F1xx_HAL\CMSIS\Device\ST\STM32F1xx\Source\Templates\system_stm32f1xx.o
                0x0800983c                APBPrescTable
 .rodata.HAL_RCC_GetSysClockFreq.str1.4
                0x08009844       0x11 libraries\STM32F1xx_HAL\STM32F1xx_HAL_Driver\Src\stm32f1xx_hal_rcc.o
 *fill*         0x08009855        0x3 00000000
 .rodata.rt_completion_init.str1.4
                0x08009858       0x16 build\kernel\components\drivers\ipc\completion.o
 *fill*         0x0800986e        0x2 00000000
 .rodata.rt_completion_wait.str1.4
                0x08009870       0xbb build\kernel\components\drivers\ipc\completion.o
                                 0xbf (size before relaxing)
 *fill*         0x0800992b        0x1 00000000
 .rodata.__FUNCTION__.0
                0x0800992c       0x13 build\kernel\components\drivers\ipc\completion.o
 *fill*         0x0800993f        0x1 00000000
 .rodata.__FUNCTION__.1
                0x08009940       0x13 build\kernel\components\drivers\ipc\completion.o
 *fill*         0x08009953        0x1 00000000
 .rodata.__FUNCTION__.2
                0x08009954       0x13 build\kernel\components\drivers\ipc\completion.o
 *fill*         0x08009967        0x1 00000000
 .rodata.rt_data_queue_init.str1.4
                0x08009968       0x1d build\kernel\components\drivers\ipc\dataqueue.o
 *fill*         0x08009985        0x3 00000000
 .rodata.rt_data_queue_push.str1.4
                0x08009988       0x20 build\kernel\components\drivers\ipc\dataqueue.o
                                 0xaf (size before relaxing)
 .rodata.rt_data_queue_pop.str1.4
                0x080099a8       0x24 build\kernel\components\drivers\ipc\dataqueue.o
 .rodata.__FUNCTION__.0
                0x080099cc       0x12 build\kernel\components\drivers\ipc\dataqueue.o
 *fill*         0x080099de        0x2 00000000
 .rodata.__FUNCTION__.1
                0x080099e0       0x15 build\kernel\components\drivers\ipc\dataqueue.o
 *fill*         0x080099f5        0x3 00000000
 .rodata.__FUNCTION__.2
                0x080099f8       0x14 build\kernel\components\drivers\ipc\dataqueue.o
 .rodata.__FUNCTION__.3
                0x08009a0c       0x13 build\kernel\components\drivers\ipc\dataqueue.o
 *fill*         0x08009a1f        0x1 00000000
 .rodata.__FUNCTION__.4
                0x08009a20       0x12 build\kernel\components\drivers\ipc\dataqueue.o
 *fill*         0x08009a32        0x2 00000000
 .rodata.__FUNCTION__.5
                0x08009a34       0x13 build\kernel\components\drivers\ipc\dataqueue.o
 *fill*         0x08009a47        0x1 00000000
 .rodata.__FUNCTION__.6
                0x08009a48       0x13 build\kernel\components\drivers\ipc\dataqueue.o
 *fill*         0x08009a5b        0x1 00000000
 .rodata._pin_control.str1.4
                0x08009a5c        0xf build\kernel\components\drivers\misc\pin.o
 *fill*         0x08009a6b        0x1 00000000
 .rodata._pin_cmd_print_usage.str1.4
                0x08009a6c      0x1d0 build\kernel\components\drivers\misc\pin.o
 .rodata.rt_pin_attach_irq.str1.4
                0x08009c3c       0x17 build\kernel\components\drivers\misc\pin.o
 *fill*         0x08009c53        0x1 00000000
 .rodata._pin_cmd.str1.4
                0x08009c54       0xb0 build\kernel\components\drivers\misc\pin.o
 .rodata.__FUNCTION__.0
                0x08009d04        0xb build\kernel\components\drivers\misc\pin.o
 *fill*         0x08009d0f        0x1 00000000
 .rodata.__FUNCTION__.1
                0x08009d10        0xc build\kernel\components\drivers\misc\pin.o
 .rodata.__FUNCTION__.2
                0x08009d1c        0xd build\kernel\components\drivers\misc\pin.o
 *fill*         0x08009d29        0x3 00000000
 .rodata.__FUNCTION__.3
                0x08009d2c        0xc build\kernel\components\drivers\misc\pin.o
 .rodata.__FUNCTION__.7
                0x08009d38        0xa build\kernel\components\drivers\misc\pin.o
 *fill*         0x08009d42        0x2 00000000
 .rodata.__FUNCTION__.8
                0x08009d44        0xb build\kernel\components\drivers\misc\pin.o
 *fill*         0x08009d4f        0x1 00000000
 .rodata.__FUNCTION__.9
                0x08009d50        0xd build\kernel\components\drivers\misc\pin.o
 *fill*         0x08009d5d        0x3 00000000
 .rodata.name   0x08009d60       0x14 build\kernel\components\drivers\misc\pin.o
                0x08009d60                __fsym_pin_desc
                0x08009d70                __fsym_pin_name
 .rodata._serial_fifo_calc_recved_len.str1.4
                0x08009d74       0x13 build\kernel\components\drivers\serial\serial.o
 *fill*         0x08009d87        0x1 00000000
 .rodata.rt_serial_control.str1.4
                0x08009d88        0xf build\kernel\components\drivers\serial\serial.o
 *fill*         0x08009d97        0x1 00000000
 .rodata.rt_serial_open.str1.4
                0x08009d98       0x3a build\kernel\components\drivers\serial\serial.o
 *fill*         0x08009dd2        0x2 00000000
 .rodata.rt_serial_write.str1.4
                0x08009dd4        0xe build\kernel\components\drivers\serial\serial.o
 *fill*         0x08009de2        0x2 00000000
 .rodata.rt_serial_read.str1.4
                0x08009de4       0x7a build\kernel\components\drivers\serial\serial.o
 .rodata.rt_hw_serial_register.str1.4
                0x08009e5e       0x12 build\kernel\components\drivers\serial\serial.o
 *fill*         0x08009e5e        0x2 00000000
 .rodata.rt_hw_serial_isr.str1.4
                0x08009e60       0x96 build\kernel\components\drivers\serial\serial.o
                                 0x9a (size before relaxing)
 *fill*         0x08009ef6        0x2 00000000
 .rodata.__FUNCTION__.0
                0x08009ef8       0x1d build\kernel\components\drivers\serial\serial.o
 *fill*         0x08009f15        0x3 00000000
 .rodata.__FUNCTION__.10
                0x08009f18        0xf build\kernel\components\drivers\serial\serial.o
 *fill*         0x08009f27        0x1 00000000
 .rodata.__FUNCTION__.11
                0x08009f28        0xf build\kernel\components\drivers\serial\serial.o
 *fill*         0x08009f37        0x1 00000000
 .rodata.__FUNCTION__.13
                0x08009f38        0xf build\kernel\components\drivers\serial\serial.o
 *fill*         0x08009f47        0x1 00000000
 .rodata.__FUNCTION__.14
                0x08009f48       0x10 build\kernel\components\drivers\serial\serial.o
 .rodata.__FUNCTION__.15
                0x08009f58       0x12 build\kernel\components\drivers\serial\serial.o
 *fill*         0x08009f6a        0x2 00000000
 .rodata.__FUNCTION__.16
                0x08009f6c       0x16 build\kernel\components\drivers\serial\serial.o
 *fill*         0x08009f82        0x2 00000000
 .rodata.__FUNCTION__.2
                0x08009f84       0x11 build\kernel\components\drivers\serial\serial.o
 *fill*         0x08009f95        0x3 00000000
 .rodata.__FUNCTION__.3
                0x08009f98        0xf build\kernel\components\drivers\serial\serial.o
 *fill*         0x08009fa7        0x1 00000000
 .rodata.__FUNCTION__.4
                0x08009fa8        0xf build\kernel\components\drivers\serial\serial.o
 *fill*         0x08009fb7        0x1 00000000
 .rodata.__FUNCTION__.5
                0x08009fb8       0x10 build\kernel\components\drivers\serial\serial.o
 .rodata.__FUNCTION__.7
                0x08009fc8       0x1d build\kernel\components\drivers\serial\serial.o
 *fill*         0x08009fe5        0x3 00000000
 .rodata.__FUNCTION__.8
                0x08009fe8       0x1d build\kernel\components\drivers\serial\serial.o
 *fill*         0x0800a005        0x3 00000000
 .rodata.__FUNCTION__.9
                0x0800a008        0xf build\kernel\components\drivers\serial\serial.o
 *fill*         0x0800a017        0x1 00000000
 .rodata.clear.str1.4
                0x0800a018        0x8 build\kernel\components\finsh\cmd.o
 .rodata.list_thread.str1.4
                0x0800a020      0x102 build\kernel\components\finsh\cmd.o
 *fill*         0x0800a122        0x2 00000000
 .rodata.list_sem.str1.4
                0x0800a124       0x6c build\kernel\components\finsh\cmd.o
                                 0x70 (size before relaxing)
 .rodata.list_event.str1.4
                0x0800a190       0x76 build\kernel\components\finsh\cmd.o
 *fill*         0x0800a206        0x2 00000000
 .rodata.list_mutex.str1.4
                0x0800a208       0x9e build\kernel\components\finsh\cmd.o
 *fill*         0x0800a2a6        0x2 00000000
 .rodata.list_mailbox.str1.4
                0x0800a2a8       0x76 build\kernel\components\finsh\cmd.o
 *fill*         0x0800a31e        0x2 00000000
 .rodata.list_msgqueue.str1.4
                0x0800a320       0x69 build\kernel\components\finsh\cmd.o
 *fill*         0x0800a389        0x3 00000000
 .rodata.list_mempool.str1.4
                0x0800a38c       0x8c build\kernel\components\finsh\cmd.o
 .rodata.list_timer.str1.4
                0x0800a418       0xd2 build\kernel\components\finsh\cmd.o
 *fill*         0x0800a4ea        0x2 00000000
 .rodata.list_device.str1.4
                0x0800a4ec       0x6f build\kernel\components\finsh\cmd.o
 *fill*         0x0800a55b        0x1 00000000
 .rodata.cmd_list.str1.4
                0x0800a55c      0x132 build\kernel\components\finsh\cmd.o
 *fill*         0x0800a68e        0x2 00000000
 .rodata.str1.4
                0x0800a690      0x1a3 build\kernel\components\finsh\cmd.o
 *fill*         0x0800a833        0x1 00000000
 .rodata.device_type_str
                0x0800a834       0x7c build\kernel\components\finsh\cmd.o
 .rodata.name   0x0800a8b0       0x66 build\kernel\components\finsh\cmd.o
                0x0800a8b0                __fsym_list_desc
                0x0800a8c0                __fsym_list_name
                0x0800a8c8                __fsym_version_desc
                0x0800a8ec                __fsym_version_name
                0x0800a8f4                __fsym_clear_desc
                0x0800a910                __fsym_clear_name
 *fill*         0x0800a916        0x2 00000000
 .rodata.msh_help.str1.4
                0x0800a918       0x28 build\kernel\components\finsh\msh.o
                                 0x2a (size before relaxing)
 .rodata.cmd_free.str1.4
                0x0800a940       0x3f build\kernel\components\finsh\msh.o
 *fill*         0x0800a97f        0x1 00000000
 .rodata.msh_exec.str1.4
                0x0800a980       0x3c build\kernel\components\finsh\msh.o
 .rodata.msh_auto_complete.str1.4
                0x0800a9bc       0x3c build\kernel\components\finsh\msh.o
                                  0x4 (size before relaxing)
 .rodata.name   0x0800a9bc       0x6d build\kernel\components\finsh\msh.o
                0x0800a9bc                __fsym_free_desc
                0x0800a9e4                __fsym_free_name
                0x0800a9ec                __fsym_ps_desc
                0x0800aa08                __fsym_ps_name
                0x0800aa0c                __fsym_help_desc
                0x0800aa24                __fsym_help_name
 *fill*         0x0800aa29        0x3 00000000
 .rodata.finsh_rx_ind.str1.4
                0x0800aa2c       0x11 build\kernel\components\finsh\shell.o
 *fill*         0x0800aa3d        0x3 00000000
 .rodata.finsh_get_prompt.part.0.str1.4
                0x0800aa40        0xa build\kernel\components\finsh\shell.o
 *fill*         0x0800aa4a        0x2 00000000
 .rodata.finsh_system_init.str1.4
                0x0800aa4c       0x25 build\kernel\components\finsh\shell.o
 *fill*         0x0800aa71        0x3 00000000
 .rodata.finsh_set_device.str1.4
                0x0800aa74       0x20 build\kernel\components\finsh\shell.o
 .rodata.finsh_thread_entry.str1.4
                0x0800aa94       0x27 build\kernel\components\finsh\shell.o
                                 0x2b (size before relaxing)
 *fill*         0x0800aabb        0x1 00000000
 .rodata.__FUNCTION__.3
                0x0800aabc        0xd build\kernel\components\finsh\shell.o
 *fill*         0x0800aac9        0x3 00000000
 .rodata.__FUNCTION__.4
                0x0800aacc       0x11 build\kernel\components\finsh\shell.o
 *fill*         0x0800aadd        0x3 00000000
 .rodata.__FUNCTION__.5
                0x0800aae0        0xe build\kernel\components\finsh\shell.o
 *fill*         0x0800aaee        0x2 00000000
 .rodata.__FUNCTION__.6
                0x0800aaf0       0x16 build\kernel\components\finsh\shell.o
 *fill*         0x0800ab06        0x2 00000000
 .rodata.rt_hw_hard_fault_exception.str1.4
                0x0800ab08      0x2a5 build\kernel\libcpu\arm\cortex-m3\cpuport.o
                                0x2a9 (size before relaxing)
 *fill*         0x0800adad        0x3 00000000
 .rodata.rt_application_init.str1.4
                0x0800adb0       0x17 build\kernel\src\components.o
 *fill*         0x0800adc7        0x1 00000000
 .rodata.__FUNCTION__.0
                0x0800adc8       0x14 build\kernel\src\components.o
 .rodata.rt_device_unregister.str1.4
                0x0800addc       0x64 build\kernel\src\device.o
                                 0x74 (size before relaxing)
 .rodata.rt_device_init.str1.4
                0x0800ae40       0x36 build\kernel\src\device.o
 *fill*         0x0800ae76        0x2 00000000
 .rodata.rt_device_open.str1.4
                0x0800ae78       0x14 build\kernel\src\device.o
 .rodata.__FUNCTION__.1
                0x0800ae8c       0x1a build\kernel\src\device.o
 *fill*         0x0800aea6        0x2 00000000
 .rodata.__FUNCTION__.3
                0x0800aea8       0x10 build\kernel\src\device.o
 .rodata.__FUNCTION__.4
                0x0800aeb8        0xf build\kernel\src\device.o
 *fill*         0x0800aec7        0x1 00000000
 .rodata.__FUNCTION__.5
                0x0800aec8       0x10 build\kernel\src\device.o
 .rodata.__FUNCTION__.6
                0x0800aed8        0xf build\kernel\src\device.o
 *fill*         0x0800aee7        0x1 00000000
 .rodata.rt_thread_idle_init.str1.4
                0x0800aee8        0x8 build\kernel\src\idle.o
 .rodata._rt_mb_send_wait.str1.4
                0x0800aef0       0x52 build\kernel\src\ipc.o
                                 0xe3 (size before relaxing)
 *fill*         0x0800af42        0x2 00000000
 .rodata._rt_sem_take.str1.4
                0x0800af44       0x55 build\kernel\src\ipc.o
 *fill*         0x0800af99        0x3 00000000
 .rodata._rt_mutex_take.str1.4
                0x0800af9c       0x57 build\kernel\src\ipc.o
 *fill*         0x0800aff3        0x1 00000000
 .rodata.rt_sem_init.str1.4
                0x0800aff4       0x4d build\kernel\src\ipc.o
 *fill*         0x0800b041        0x3 00000000
 .rodata.__FUNCTION__.24
                0x0800b044       0x11 build\kernel\src\ipc.o
 *fill*         0x0800b055        0x3 00000000
 .rodata.__FUNCTION__.25
                0x0800b058        0xf build\kernel\src\ipc.o
 *fill*         0x0800b067        0x1 00000000
 .rodata.__FUNCTION__.29
                0x0800b068        0xe build\kernel\src\ipc.o
 *fill*         0x0800b076        0x2 00000000
 .rodata.__FUNCTION__.31
                0x0800b078        0xf build\kernel\src\ipc.o
 *fill*         0x0800b087        0x1 00000000
 .rodata.__FUNCTION__.32
                0x0800b088       0x12 build\kernel\src\ipc.o
 *fill*         0x0800b09a        0x2 00000000
 .rodata.__FUNCTION__.33
                0x0800b09c        0xd build\kernel\src\ipc.o
 *fill*         0x0800b0a9        0x3 00000000
 .rodata.__FUNCTION__.37
                0x0800b0ac        0xc build\kernel\src\ipc.o
 .rodata.rt_strerror.str1.4
                0x0800b0b8        0x8 build\kernel\src\kservice.o
 .rodata.rt_vsnprintf.str1.4
                0x0800b0c0        0x7 build\kernel\src\kservice.o
 *fill*         0x0800b0c7        0x1 00000000
 .rodata.rt_show_version.str1.4
                0x0800b0c8       0x96 build\kernel\src\kservice.o
 *fill*         0x0800b15e        0x2 00000000
 .rodata.rt_system_heap_init.str1.4
                0x0800b160       0x55 build\kernel\src\kservice.o
 *fill*         0x0800b1b5        0x3 00000000
 .rodata.rt_malloc.str1.4
                0x0800b1b8       0x10 build\kernel\src\kservice.o
 .rodata.str1.4
                0x0800b1c8       0x4f build\kernel\src\kservice.o
 *fill*         0x0800b217        0x1 00000000
 .rodata.__FUNCTION__.0
                0x0800b218        0xd build\kernel\src\kservice.o
 *fill*         0x0800b225        0x3 00000000
 .rodata.__FUNCTION__.1
                0x0800b228       0x14 build\kernel\src\kservice.o
 .rodata.large_digits.4
                0x0800b23c       0x11 build\kernel\src\kservice.o
 *fill*         0x0800b24d        0x3 00000000
 .rodata.rt_errno_strs
                0x0800b250       0x30 build\kernel\src\kservice.o
 .rodata.small_digits.3
                0x0800b280       0x11 build\kernel\src\kservice.o
 *fill*         0x0800b291        0x3 00000000
 .rodata.plug_holes.str1.4
                0x0800b294       0x52 build\kernel\src\mem.o
 *fill*         0x0800b2e6        0x2 00000000
 .rodata.rt_smem_init.str1.4
                0x0800b2e8       0x42 build\kernel\src\mem.o
 *fill*         0x0800b32a        0x2 00000000
 .rodata.rt_smem_detach.str1.4
                0x0800b32c       0x62 build\kernel\src\mem.o
                                 0x72 (size before relaxing)
 *fill*         0x0800b38e        0x2 00000000
 .rodata.rt_smem_alloc.str1.4
                0x0800b390       0xcb build\kernel\src\mem.o
 *fill*         0x0800b45b        0x1 00000000
 .rodata.rt_smem_free.str1.4
                0x0800b45c      0x183 build\kernel\src\mem.o
 *fill*         0x0800b5df        0x1 00000000
 .rodata.__FUNCTION__.0
                0x0800b5e0        0xd build\kernel\src\mem.o
 *fill*         0x0800b5ed        0x3 00000000
 .rodata.__FUNCTION__.1
                0x0800b5f0        0xb build\kernel\src\mem.o
 *fill*         0x0800b5fb        0x1 00000000
 .rodata.__FUNCTION__.3
                0x0800b5fc        0xe build\kernel\src\mem.o
 *fill*         0x0800b60a        0x2 00000000
 .rodata.rt_object_init.str1.4
                0x0800b60c       0x27 build\kernel\src\object.o
 *fill*         0x0800b633        0x1 00000000
 .rodata.rt_object_detach.str1.4
                0x0800b634       0x12 build\kernel\src\object.o
 .rodata.rt_object_allocate.str1.4
                0x0800b646       0x2a build\kernel\src\object.o
 *fill*         0x0800b646        0x2 00000000
 .rodata.rt_object_delete.str1.4
                0x0800b648       0x29 build\kernel\src\object.o
 *fill*         0x0800b671        0x3 00000000
 .rodata.__FUNCTION__.0
                0x0800b674        0xf build\kernel\src\object.o
 *fill*         0x0800b683        0x1 00000000
 .rodata.__FUNCTION__.1
                0x0800b684       0x13 build\kernel\src\object.o
 *fill*         0x0800b697        0x1 00000000
 .rodata.__FUNCTION__.2
                0x0800b698       0x1a build\kernel\src\object.o
 *fill*         0x0800b6b2        0x2 00000000
 .rodata.__FUNCTION__.3
                0x0800b6b4       0x11 build\kernel\src\object.o
 *fill*         0x0800b6c5        0x3 00000000
 .rodata.__FUNCTION__.4
                0x0800b6c8       0x13 build\kernel\src\object.o
 *fill*         0x0800b6db        0x1 00000000
 .rodata.__FUNCTION__.5
                0x0800b6dc       0x11 build\kernel\src\object.o
 *fill*         0x0800b6ed        0x3 00000000
 .rodata.__FUNCTION__.6
                0x0800b6f0        0xf build\kernel\src\object.o
 *fill*         0x0800b6ff        0x1 00000000
 .rodata.rt_schedule_insert_thread.str1.4
                0x0800b700       0x12 build\kernel\src\scheduler_up.o
 *fill*         0x0800b712        0x2 00000000
 .rodata.rt_schedule.str1.4
                0x0800b714       0x51 build\kernel\src\scheduler_up.o
 *fill*         0x0800b765        0x3 00000000
 .rodata.__FUNCTION__.0
                0x0800b768       0x1a build\kernel\src\scheduler_up.o
 *fill*         0x0800b782        0x2 00000000
 .rodata.__FUNCTION__.1
                0x0800b784       0x1a build\kernel\src\scheduler_up.o
 *fill*         0x0800b79e        0x2 00000000
 .rodata._thread_timeout.str1.4
                0x0800b7a0       0x86 build\kernel\src\thread.o
                                 0x9a (size before relaxing)
 *fill*         0x0800b826        0x2 00000000
 .rodata._thread_init.constprop.0.str1.4
                0x0800b828       0x22 build\kernel\src\thread.o
 *fill*         0x0800b84a        0x2 00000000
 .rodata.rt_thread_init.str1.4
                0x0800b84c       0x17 build\kernel\src\thread.o
 *fill*         0x0800b863        0x1 00000000
 .rodata.rt_thread_detach.str1.4
                0x0800b864       0x2f build\kernel\src\thread.o
 *fill*         0x0800b893        0x1 00000000
 .rodata.rt_thread_delete.str1.4
                0x0800b894       0x3b build\kernel\src\thread.o
 *fill*         0x0800b8cf        0x1 00000000
 .rodata.rt_thread_suspend_with_flag.str1.4
                0x0800b8d0       0x1b build\kernel\src\thread.o
                                 0x1e (size before relaxing)
 .rodata.rt_thread_sleep.str1.4
                0x0800b8eb       0x8b build\kernel\src\thread.o
 *fill*         0x0800b8eb        0x1 00000000
 .rodata.rt_thread_startup.str1.4
                0x0800b8ec       0x37 build\kernel\src\thread.o
 *fill*         0x0800b923        0x1 00000000
 .rodata.CSWTCH.12
                0x0800b924        0x3 build\kernel\src\thread.o
 *fill*         0x0800b927        0x1 00000000
 .rodata.__FUNCTION__.0
                0x0800b928       0x11 build\kernel\src\thread.o
 *fill*         0x0800b939        0x3 00000000
 .rodata.__FUNCTION__.1
                0x0800b93c       0x1c build\kernel\src\thread.o
 .rodata.__FUNCTION__.10
                0x0800b958        0xd build\kernel\src\thread.o
 *fill*         0x0800b965        0x3 00000000
 .rodata.__FUNCTION__.11
                0x0800b968        0xf build\kernel\src\thread.o
 *fill*         0x0800b977        0x1 00000000
 .rodata.__FUNCTION__.2
                0x0800b978       0x1c build\kernel\src\thread.o
 .rodata.__FUNCTION__.3
                0x0800b994       0x12 build\kernel\src\thread.o
 *fill*         0x0800b9a6        0x2 00000000
 .rodata.__FUNCTION__.5
                0x0800b9a8       0x10 build\kernel\src\thread.o
 .rodata.__FUNCTION__.6
                0x0800b9b8       0x11 build\kernel\src\thread.o
 *fill*         0x0800b9c9        0x3 00000000
 .rodata.__FUNCTION__.7
                0x0800b9cc       0x11 build\kernel\src\thread.o
 *fill*         0x0800b9dd        0x3 00000000
 .rodata.__FUNCTION__.8
                0x0800b9e0       0x12 build\kernel\src\thread.o
 *fill*         0x0800b9f2        0x2 00000000
 .rodata.__FUNCTION__.9
                0x0800b9f4       0x10 build\kernel\src\thread.o
 .rodata.rt_timer_init.str1.4
                0x0800ba04       0x3f build\kernel\src\timer.o
 *fill*         0x0800ba43        0x1 00000000
 .rodata.rt_timer_detach.str1.4
                0x0800ba44       0x66 build\kernel\src\timer.o
 *fill*         0x0800baaa        0x2 00000000
 .rodata.rt_timer_control.str1.4
                0x0800baac       0x26 build\kernel\src\timer.o
 .rodata.rt_system_timer_thread_init.str1.4
                0x0800bad2        0x6 build\kernel\src\timer.o
 *fill*         0x0800bad2        0x2 00000000
 .rodata.__FUNCTION__.0
                0x0800bad4       0x11 build\kernel\src\timer.o
 *fill*         0x0800bae5        0x3 00000000
 .rodata.__FUNCTION__.1
                0x0800bae8        0xe build\kernel\src\timer.o
 *fill*         0x0800baf6        0x2 00000000
 .rodata.__FUNCTION__.3
                0x0800baf8        0xf build\kernel\src\timer.o
 *fill*         0x0800bb07        0x1 00000000
 .rodata.__FUNCTION__.6
                0x0800bb08       0x10 build\kernel\src\timer.o
 .rodata.__FUNCTION__.7
                0x0800bb18        0xe build\kernel\src\timer.o
 *fill*         0x0800bb26        0x2 00000000
 .rodata._ctype_
                0x0800bb28      0x101 c:/users/tj-wj/soft/rt_thread/env-windows-v1.3.5/tools/gnu_gcc/arm_gcc/mingw/bin/../lib/gcc/arm-none-eabi/10.3.1/../../../../arm-none-eabi/lib/thumb/v7-m/nofp\libc.a(lib_a-ctype_.o)
                0x0800bb28                _ctype_
 *fill*         0x0800bc29        0x3 00000000
 .rodata._global_impure_ptr
                0x0800bc2c        0x4 c:/users/tj-wj/soft/rt_thread/env-windows-v1.3.5/tools/gnu_gcc/arm_gcc/mingw/bin/../lib/gcc/arm-none-eabi/10.3.1/../../../../arm-none-eabi/lib/thumb/v7-m/nofp\libc.a(lib_a-impure.o)
                0x0800bc2c                _global_impure_ptr
 *(.glue_7)
 .glue_7        0x0800bc30        0x0 linker stubs
 *(.glue_7t)
 .glue_7t       0x0800bc30        0x0 linker stubs
 *(.gnu.linkonce.t*)
                0x0800bc30                . = ALIGN (0x4)
                0x0800bc30                __fsymtab_start = .
 *(FSymTab)
 FSymTab        0x0800bc30        0xc libraries\HAL_Drivers\drv_common.o
                0x0800bc30                __fsym_reboot
 FSymTab        0x0800bc3c        0xc build\kernel\components\drivers\misc\pin.o
                0x0800bc3c                __fsym_pin
 FSymTab        0x0800bc48       0x24 build\kernel\components\finsh\cmd.o
                0x0800bc48                __fsym_list
                0x0800bc54                __fsym_version
                0x0800bc60                __fsym_clear
 FSymTab        0x0800bc6c       0x24 build\kernel\components\finsh\msh.o
                0x0800bc6c                __fsym_free
                0x0800bc78                __fsym_ps
                0x0800bc84                __fsym_help
                0x0800bc90                __fsymtab_end = .
                0x0800bc90                . = ALIGN (0x4)
                0x0800bc90                __vsymtab_start = .
 *(VSymTab)
                0x0800bc90                __vsymtab_end = .
                0x0800bc90                . = ALIGN (0x4)
                0x0800bc90                __rt_init_start = .
 *(SORT_BY_NAME(.rti_fn*))
 .rti_fn.0      0x0800bc90        0x4 build\kernel\src\components.o
                0x0800bc90                __rt_init_rti_start
 .rti_fn.0.end  0x0800bc94        0x4 build\kernel\src\components.o
                0x0800bc94                __rt_init_rti_board_start
 .rti_fn.1.end  0x0800bc98        0x4 build\kernel\src\components.o
                0x0800bc98                __rt_init_rti_board_end
 .rti_fn.6      0x0800bc9c        0x4 build\kernel\components\finsh\shell.o
                0x0800bc9c                __rt_init_finsh_system_init
 .rti_fn.6.end  0x0800bca0        0x4 build\kernel\src\components.o
                0x0800bca0                __rt_init_rti_end
                0x0800bca4                __rt_init_end = .
                0x0800bca4                . = ALIGN (0x4)
                [!provide]                PROVIDE (__ctors_start__ = .)
 *(SORT_BY_NAME(.init_array.*))
 .init_array.00000
                0x0800bca4        0x4 c:/users/tj-wj/soft/rt_thread/env-windows-v1.3.5/tools/gnu_gcc/arm_gcc/mingw/bin/../lib/gcc/arm-none-eabi/10.3.1/../../../../arm-none-eabi/lib/thumb/v7-m/nofp\libc.a(lib_a-__call_atexit.o)
 *(.init_array)
 .init_array    0x0800bca8        0x4 c:/users/tj-wj/soft/rt_thread/env-windows-v1.3.5/tools/gnu_gcc/arm_gcc/mingw/bin/../lib/gcc/arm-none-eabi/10.3.1/thumb/v7-m/nofp/crtbegin.o
                [!provide]                PROVIDE (__ctors_end__ = .)
                0x0800bcac                . = ALIGN (0x4)
                0x0800bcac                _etext = .
                0x0800bcac                __exidx_start = .

.vfp11_veneer   0x0800bcac        0x0
 .vfp11_veneer  0x0800bcac        0x0 linker stubs

.v4_bx          0x0800bcac        0x0
 .v4_bx         0x0800bcac        0x0 linker stubs

.init           0x0800bcac        0x4
 .init          0x0800bcac        0x4 c:/users/tj-wj/soft/rt_thread/env-windows-v1.3.5/tools/gnu_gcc/arm_gcc/mingw/bin/../lib/gcc/arm-none-eabi/10.3.1/thumb/v7-m/nofp/crti.o
                0x0800bcac                _init

.fini           0x0800bcb0        0x4
 .fini          0x0800bcb0        0x4 c:/users/tj-wj/soft/rt_thread/env-windows-v1.3.5/tools/gnu_gcc/arm_gcc/mingw/bin/../lib/gcc/arm-none-eabi/10.3.1/thumb/v7-m/nofp/crti.o
                0x0800bcb0                _fini

.iplt           0x0800bcb4        0x0
 .iplt          0x0800bcb4        0x0 c:/users/tj-wj/soft/rt_thread/env-windows-v1.3.5/tools/gnu_gcc/arm_gcc/mingw/bin/../lib/gcc/arm-none-eabi/10.3.1/thumb/v7-m/nofp/crtbegin.o

.eh_frame       0x0800bcb4        0x0
 .eh_frame      0x0800bcb4        0x0 c:/users/tj-wj/soft/rt_thread/env-windows-v1.3.5/tools/gnu_gcc/arm_gcc/mingw/bin/../lib/gcc/arm-none-eabi/10.3.1/thumb/v7-m/nofp/crtbegin.o

.rel.dyn        0x0800bcb4        0x0
 .rel.iplt      0x0800bcb4        0x0 c:/users/tj-wj/soft/rt_thread/env-windows-v1.3.5/tools/gnu_gcc/arm_gcc/mingw/bin/../lib/gcc/arm-none-eabi/10.3.1/thumb/v7-m/nofp/crtbegin.o

.ARM.exidx      0x0800bcb4        0x0
 *(.ARM.exidx* .gnu.linkonce.armexidx.*)
                0x0800bcb4                _sidata = .
                0x0800bcb4                __exidx_end = .

.data           0x20000000      0x60c load address 0x0800bcb4
                0x20000000                . = ALIGN (0x4)
                0x20000000                _sdata = .
 *(.data)
 *(.data.*)
 .data._systick_ms
                0x20000000        0x4 libraries\HAL_Drivers\drv_common.o
 .data.pin_irq_hdr_tab
                0x20000004      0x100 libraries\HAL_Drivers\drv_gpio.o
 .data.uart_config
                0x20000104       0x14 libraries\HAL_Drivers\drv_usart.o
 .data.SystemCoreClock
                0x20000118        0x4 libraries\STM32F1xx_HAL\CMSIS\Device\ST\STM32F1xx\Source\Templates\system_stm32f1xx.o
                0x20000118                SystemCoreClock
 .data.uwTickPrio
                0x2000011c        0x4 libraries\STM32F1xx_HAL\STM32F1xx_HAL_Driver\Src\stm32f1xx_hal.o
                0x2000011c                uwTickPrio
 .data._rt_thread_defunct
                0x20000120        0x8 build\kernel\src\idle.o
 .data._object_container
                0x20000128       0xb0 build\kernel\src\object.o
 .data._soft_timer_status
                0x200001d8        0x1 build\kernel\src\timer.o
 *fill*         0x200001d9        0x3 
 .data._impure_ptr
                0x200001dc        0x4 c:/users/tj-wj/soft/rt_thread/env-windows-v1.3.5/tools/gnu_gcc/arm_gcc/mingw/bin/../lib/gcc/arm-none-eabi/10.3.1/../../../../arm-none-eabi/lib/thumb/v7-m/nofp\libc.a(lib_a-impure.o)
                0x200001dc                _impure_ptr
 .data.impure_data
                0x200001e0      0x428 c:/users/tj-wj/soft/rt_thread/env-windows-v1.3.5/tools/gnu_gcc/arm_gcc/mingw/bin/../lib/gcc/arm-none-eabi/10.3.1/../../../../arm-none-eabi/lib/thumb/v7-m/nofp\libc.a(lib_a-impure.o)
 .data.__atexit_recursive_mutex
                0x20000608        0x4 c:/users/tj-wj/soft/rt_thread/env-windows-v1.3.5/tools/gnu_gcc/arm_gcc/mingw/bin/../lib/gcc/arm-none-eabi/10.3.1/../../../../arm-none-eabi/lib/thumb/v7-m/nofp\libc.a(lib_a-__call_atexit.o)
                0x20000608                __atexit_recursive_mutex
 *(.gnu.linkonce.d*)
                [!provide]                PROVIDE (__dtors_start__ = .)
 *(SORT_BY_NAME(.dtors.*))
 *(.dtors)
                [!provide]                PROVIDE (__dtors_end__ = .)
                0x2000060c                . = ALIGN (0x4)
                0x2000060c                _edata = .

.igot.plt       0x2000060c        0x0 load address 0x0800c2c0
 .igot.plt      0x2000060c        0x0 c:/users/tj-wj/soft/rt_thread/env-windows-v1.3.5/tools/gnu_gcc/arm_gcc/mingw/bin/../lib/gcc/arm-none-eabi/10.3.1/thumb/v7-m/nofp/crtbegin.o

.stack          0x2000060c      0x400 load address 0x0800c2c0
                0x2000060c                . = ALIGN (0x4)
                0x2000060c                _sstack = .
                0x20000a0c                . = (. + _system_stack_size)
 *fill*         0x2000060c      0x400 
                0x20000a0c                . = ALIGN (0x4)
                0x20000a0c                _estack = .
                0x20000a0c                __bss_start = .

.bss            0x20000a10      0x8a0 load address 0x0800c6c8
                0x20000a10                . = ALIGN (0x4)
                0x20000a10                _sbss = .
 *(.bss)
 .bss           0x20000a10       0x1c c:/users/tj-wj/soft/rt_thread/env-windows-v1.3.5/tools/gnu_gcc/arm_gcc/mingw/bin/../lib/gcc/arm-none-eabi/10.3.1/thumb/v7-m/nofp/crtbegin.o
 *(.bss.*)
 .bss.pin_irq_enable_mask
                0x20000a2c        0x4 libraries\HAL_Drivers\drv_gpio.o
 .bss.uart_obj  0x20000a30      0x134 libraries\HAL_Drivers\drv_usart.o
 .bss.uwTick    0x20000b64        0x4 libraries\STM32F1xx_HAL\STM32F1xx_HAL_Driver\Src\stm32f1xx_hal.o
                0x20000b64                uwTick
 .bss._hw_pin   0x20000b68       0x44 build\kernel\components\drivers\misc\pin.o
 .bss.already_output.1
                0x20000bac        0x4 build\kernel\components\drivers\serial\serial.o
 .bss._syscall_table_begin
                0x20000bb0        0x4 build\kernel\components\finsh\shell.o
                0x20000bb0                _syscall_table_begin
 .bss._syscall_table_end
                0x20000bb4        0x4 build\kernel\components\finsh\shell.o
                0x20000bb4                _syscall_table_end
 .bss.finsh_prompt.8
                0x20000bb8       0x81 build\kernel\components\finsh\shell.o
 *fill*         0x20000c39        0x3 
 .bss.finsh_prompt_custom
                0x20000c3c        0x4 build\kernel\components\finsh\shell.o
 .bss.shell     0x20000c40        0x4 build\kernel\components\finsh\shell.o
                0x20000c40                shell
 .bss.rt_exception_hook
                0x20000c44        0x4 build\kernel\libcpu\arm\cortex-m3\cpuport.o
 .bss.rt_interrupt_from_thread
                0x20000c48        0x4 build\kernel\libcpu\arm\cortex-m3\cpuport.o
                0x20000c48                rt_interrupt_from_thread
 .bss.rt_interrupt_to_thread
                0x20000c4c        0x4 build\kernel\libcpu\arm\cortex-m3\cpuport.o
                0x20000c4c                rt_interrupt_to_thread
 .bss.rt_thread_switch_interrupt_flag
                0x20000c50        0x4 build\kernel\libcpu\arm\cortex-m3\cpuport.o
                0x20000c50                rt_thread_switch_interrupt_flag
 .bss.rt_tick   0x20000c54        0x4 build\kernel\src\clock.o
 .bss.rt_tick_hook
                0x20000c58        0x4 build\kernel\src\clock.o
 .bss.idle_hook_list
                0x20000c5c       0x10 build\kernel\src\idle.o
 .bss.idle_thread
                0x20000c6c       0x8c build\kernel\src\idle.o
 .bss.idle_thread_stack
                0x20000cf8      0x100 build\kernel\src\idle.o
 .bss.rt_interrupt_enter_hook
                0x20000df8        0x4 build\kernel\src\irq.o
 .bss.rt_interrupt_leave_hook
                0x20000dfc        0x4 build\kernel\src\irq.o
 .bss.rt_interrupt_nest
                0x20000e00        0x1 build\kernel\src\irq.o
                0x20000e00                rt_interrupt_nest
 *fill*         0x20000e01        0x3 
 .bss.__rt_errno
                0x20000e04        0x4 build\kernel\src\kservice.o
 .bss._console_device
                0x20000e08        0x4 build\kernel\src\kservice.o
 .bss._lock     0x20000e0c       0x2c build\kernel\src\kservice.o
 .bss.rt_assert_hook
                0x20000e38        0x4 build\kernel\src\kservice.o
                0x20000e38                rt_assert_hook
 .bss.rt_free_hook
                0x20000e3c        0x4 build\kernel\src\kservice.o
 .bss.rt_log_buf.2
                0x20000e40       0x80 build\kernel\src\kservice.o
 .bss.rt_malloc_hook
                0x20000ec0        0x4 build\kernel\src\kservice.o
 .bss.system_heap
                0x20000ec4        0x4 build\kernel\src\kservice.o
 .bss.rt_object_attach_hook
                0x20000ec8        0x4 build\kernel\src\object.o
 .bss.rt_object_detach_hook
                0x20000ecc        0x4 build\kernel\src\object.o
 .bss.rt_object_put_hook
                0x20000ed0        0x4 build\kernel\src\object.o
                0x20000ed0                rt_object_put_hook
 .bss.rt_object_take_hook
                0x20000ed4        0x4 build\kernel\src\object.o
                0x20000ed4                rt_object_take_hook
 .bss.rt_object_trytake_hook
                0x20000ed8        0x4 build\kernel\src\object.o
                0x20000ed8                rt_object_trytake_hook
 .bss.rt_current_priority
                0x20000edc        0x1 build\kernel\src\scheduler_up.o
                0x20000edc                rt_current_priority
 *fill*         0x20000edd        0x3 
 .bss.rt_current_thread
                0x20000ee0        0x4 build\kernel\src\scheduler_up.o
                0x20000ee0                rt_current_thread
 .bss.rt_scheduler_hook
                0x20000ee4        0x4 build\kernel\src\scheduler_up.o
 .bss.rt_scheduler_lock_nest
                0x20000ee8        0x2 build\kernel\src\scheduler_up.o
 *fill*         0x20000eea        0x2 
 .bss.rt_scheduler_switch_hook
                0x20000eec        0x4 build\kernel\src\scheduler_up.o
 .bss.rt_thread_priority_table
                0x20000ef0      0x100 build\kernel\src\scheduler_up.o
                0x20000ef0                rt_thread_priority_table
 .bss.rt_thread_ready_priority_group
                0x20000ff0        0x4 build\kernel\src\scheduler_up.o
                0x20000ff0                rt_thread_ready_priority_group
 .bss.rt_thread_inited_hook
                0x20000ff4        0x4 build\kernel\src\thread.o
 .bss.rt_thread_resume_hook
                0x20000ff8        0x4 build\kernel\src\thread.o
 .bss.rt_thread_suspend_hook
                0x20000ffc        0x4 build\kernel\src\thread.o
 .bss._soft_timer_list
                0x20001000        0x8 build\kernel\src\timer.o
 .bss._timer_list
                0x20001008        0x8 build\kernel\src\timer.o
 .bss._timer_thread
                0x20001010       0x8c build\kernel\src\timer.o
 *fill*         0x2000109c        0x4 
 .bss._timer_thread_stack
                0x200010a0      0x200 build\kernel\src\timer.o
 .bss.random_nr.2
                0x200012a0        0x4 build\kernel\src\timer.o
 .bss.rt_timer_enter_hook
                0x200012a4        0x4 build\kernel\src\timer.o
 .bss.rt_timer_exit_hook
                0x200012a8        0x4 build\kernel\src\timer.o
 .bss.__lock___atexit_recursive_mutex
                0x200012ac        0x1 c:/users/tj-wj/soft/rt_thread/env-windows-v1.3.5/tools/gnu_gcc/arm_gcc/mingw/bin/../lib/gcc/arm-none-eabi/10.3.1/../../../../arm-none-eabi/lib/thumb/v7-m/nofp\libc.a(lib_a-lock.o)
                0x200012ac                __lock___atexit_recursive_mutex
 *(COMMON)
                0x200012b0                . = ALIGN (0x4)
 *fill*         0x200012ad        0x3 
                0x200012b0                _ebss = .
 *(.bss.init)
                0x200012b0                __bss_end = .
                0x200012b0                _end = .

.stab
 *(.stab)

.stabstr
 *(.stabstr)

.stab.excl
 *(.stab.excl)

.stab.exclstr
 *(.stab.exclstr)

.stab.index
 *(.stab.index)

.stab.indexstr
 *(.stab.indexstr)

.comment        0x00000000       0x49
 *(.comment)
 .comment       0x00000000       0x49 build\applications\main.o
                                 0x4a (size before relaxing)
 .comment       0x00000049       0x4a build\board\CubeMX_Config\Src\stm32f1xx_hal_msp.o
 .comment       0x00000049       0x4a build\board\board.o
 .comment       0x00000049       0x4a libraries\HAL_Drivers\drv_common.o
 .comment       0x00000049       0x4a libraries\HAL_Drivers\drv_gpio.o
 .comment       0x00000049       0x4a libraries\HAL_Drivers\drv_usart.o
 .comment       0x00000049       0x4a libraries\STM32F1xx_HAL\CMSIS\Device\ST\STM32F1xx\Source\Templates\system_stm32f1xx.o
 .comment       0x00000049       0x4a libraries\STM32F1xx_HAL\STM32F1xx_HAL_Driver\Src\stm32f1xx_hal.o
 .comment       0x00000049       0x4a libraries\STM32F1xx_HAL\STM32F1xx_HAL_Driver\Src\stm32f1xx_hal_cortex.o
 .comment       0x00000049       0x4a libraries\STM32F1xx_HAL\STM32F1xx_HAL_Driver\Src\stm32f1xx_hal_dma.o
 .comment       0x00000049       0x4a libraries\STM32F1xx_HAL\STM32F1xx_HAL_Driver\Src\stm32f1xx_hal_gpio.o
 .comment       0x00000049       0x4a libraries\STM32F1xx_HAL\STM32F1xx_HAL_Driver\Src\stm32f1xx_hal_rcc.o
 .comment       0x00000049       0x4a libraries\STM32F1xx_HAL\STM32F1xx_HAL_Driver\Src\stm32f1xx_hal_rcc_ex.o
 .comment       0x00000049       0x4a libraries\STM32F1xx_HAL\STM32F1xx_HAL_Driver\Src\stm32f1xx_hal_uart.o
 .comment       0x00000049       0x4a build\kernel\components\drivers\ipc\completion.o
 .comment       0x00000049       0x4a build\kernel\components\drivers\ipc\dataqueue.o
 .comment       0x00000049       0x4a build\kernel\components\drivers\misc\pin.o
 .comment       0x00000049       0x4a build\kernel\components\drivers\serial\serial.o
 .comment       0x00000049       0x4a build\kernel\components\finsh\cmd.o
 .comment       0x00000049       0x4a build\kernel\components\finsh\msh.o
 .comment       0x00000049       0x4a build\kernel\components\finsh\msh_parse.o
 .comment       0x00000049       0x4a build\kernel\components\finsh\shell.o
 .comment       0x00000049       0x4a build\kernel\components\libc\compilers\newlib\syscalls.o
 .comment       0x00000049       0x4a build\kernel\libcpu\arm\cortex-m3\cpuport.o
 .comment       0x00000049       0x4a build\kernel\src\clock.o
 .comment       0x00000049       0x4a build\kernel\src\components.o
 .comment       0x00000049       0x4a build\kernel\src\device.o
 .comment       0x00000049       0x4a build\kernel\src\idle.o
 .comment       0x00000049       0x4a build\kernel\src\ipc.o
 .comment       0x00000049       0x4a build\kernel\src\irq.o
 .comment       0x00000049       0x4a build\kernel\src\kservice.o
 .comment       0x00000049       0x4a build\kernel\src\mem.o
 .comment       0x00000049       0x4a build\kernel\src\object.o
 .comment       0x00000049       0x4a build\kernel\src\scheduler_up.o
 .comment       0x00000049       0x4a build\kernel\src\thread.o
 .comment       0x00000049       0x4a build\kernel\src\timer.o

.ARM.attributes
                0x00000000       0x29
 .ARM.attributes
                0x00000000       0x1d c:/users/tj-wj/soft/rt_thread/env-windows-v1.3.5/tools/gnu_gcc/arm_gcc/mingw/bin/../lib/gcc/arm-none-eabi/10.3.1/thumb/v7-m/nofp/crti.o
 .ARM.attributes
                0x0000001d       0x2d c:/users/tj-wj/soft/rt_thread/env-windows-v1.3.5/tools/gnu_gcc/arm_gcc/mingw/bin/../lib/gcc/arm-none-eabi/10.3.1/thumb/v7-m/nofp/crtbegin.o
 .ARM.attributes
                0x0000004a       0x2d build\applications\main.o
 .ARM.attributes
                0x00000077       0x2d build\board\CubeMX_Config\Src\stm32f1xx_hal_msp.o
 .ARM.attributes
                0x000000a4       0x2d build\board\board.o